Component: ARM Compiler 5.06 (build 20) Tool: armlink [4d35a3]

==============================================================================

Section Cross References

    startup_stm32l051xx.o(RESET) refers to startup_stm32l051xx.o(STACK) for __initial_sp
    startup_stm32l051xx.o(RESET) refers to startup_stm32l051xx.o(.text) for Reset_Handler
    startup_stm32l051xx.o(RESET) refers to stm32l0xx_it.o(i.NMI_Handler) for NMI_Handler
    startup_stm32l051xx.o(RESET) refers to stm32l0xx_it.o(i.HardFault_Handler) for HardFault_Handler
    startup_stm32l051xx.o(RESET) refers to stm32l0xx_it.o(i.SVC_Handler) for SVC_Handler
    startup_stm32l051xx.o(RESET) refers to stm32l0xx_it.o(i.DebugMon_Handler) for DebugMon_Handler
    startup_stm32l051xx.o(RESET) refers to stm32l0xx_it.o(i.PendSV_Handler) for PendSV_Handler
    startup_stm32l051xx.o(RESET) refers to stm32l0xx_it.o(i.SysTick_Handler) for SysTick_Handler
    startup_stm32l051xx.o(RESET) refers to stm32l0xx_it.o(i.RTC_IRQHandler) for RTC_IRQHandler
    startup_stm32l051xx.o(RESET) refers to gpio_board.o(i.EXTI0_1_IRQHandler) for EXTI0_1_IRQHandler
    startup_stm32l051xx.o(RESET) refers to gpio_board.o(i.EXTI2_3_IRQHandler) for EXTI2_3_IRQHandler
    startup_stm32l051xx.o(RESET) refers to gpio_board.o(i.EXTI4_15_IRQHandler) for EXTI4_15_IRQHandler
    startup_stm32l051xx.o(RESET) refers to stm32l0xx_it.o(i.USART1_IRQHandler) for USART1_IRQHandler
    startup_stm32l051xx.o(.text) refers to system_stm32l0xx.o(i.SystemInit) for SystemInit
    startup_stm32l051xx.o(.text) refers to entry.o(.ARM.Collect$$$$00000000) for __main
    system_stm32l0xx.o(i.SystemCoreClockUpdate) refers to uidiv.o(.text) for __aeabi_uidivmod
    system_stm32l0xx.o(i.SystemCoreClockUpdate) refers to system_stm32l0xx.o(.data) for SystemCoreClock
    stm32l0xx_hal.o(i.HAL_DeInit) refers to stm32l0xx_hal_msp.o(i.HAL_MspDeInit) for HAL_MspDeInit
    stm32l0xx_hal.o(i.HAL_Delay) refers to stm32l0xx_hal.o(i.HAL_GetTick) for HAL_GetTick
    stm32l0xx_hal.o(i.HAL_GetTick) refers to stm32l0xx_hal.o(.data) for uwTick
    stm32l0xx_hal.o(i.HAL_IncTick) refers to stm32l0xx_hal.o(.data) for uwTick
    stm32l0xx_hal.o(i.HAL_Init) refers to stm32l0xx_hal.o(i.HAL_InitTick) for HAL_InitTick
    stm32l0xx_hal.o(i.HAL_Init) refers to stm32l0xx_hal_msp.o(i.HAL_MspInit) for HAL_MspInit
    stm32l0xx_hal.o(i.HAL_InitTick) refers to stm32l0xx_hal_rcc.o(i.HAL_RCC_GetHCLKFreq) for HAL_RCC_GetHCLKFreq
    stm32l0xx_hal.o(i.HAL_InitTick) refers to uidiv.o(.text) for __aeabi_uidivmod
    stm32l0xx_hal.o(i.HAL_InitTick) refers to stm32l0xx_hal_cortex.o(i.HAL_SYSTICK_Config) for HAL_SYSTICK_Config
    stm32l0xx_hal.o(i.HAL_InitTick) refers to stm32l0xx_hal_cortex.o(i.HAL_NVIC_SetPriority) for HAL_NVIC_SetPriority
    stm32l0xx_hal_adc.o(i.ADC_ConversionStop) refers to stm32l0xx_hal.o(i.HAL_GetTick) for HAL_GetTick
    stm32l0xx_hal_adc.o(i.ADC_DMAConvCplt) refers to stm32l0xx_hal_adc.o(i.HAL_ADC_ConvCpltCallback) for HAL_ADC_ConvCpltCallback
    stm32l0xx_hal_adc.o(i.ADC_DMAError) refers to stm32l0xx_hal_adc.o(i.HAL_ADC_ErrorCallback) for HAL_ADC_ErrorCallback
    stm32l0xx_hal_adc.o(i.ADC_DMAHalfConvCplt) refers to stm32l0xx_hal_adc.o(i.HAL_ADC_ConvHalfCpltCallback) for HAL_ADC_ConvHalfCpltCallback
    stm32l0xx_hal_adc.o(i.ADC_Disable) refers to stm32l0xx_hal.o(i.HAL_GetTick) for HAL_GetTick
    stm32l0xx_hal_adc.o(i.ADC_Enable) refers to stm32l0xx_hal.o(i.HAL_GetTick) for HAL_GetTick
    stm32l0xx_hal_adc.o(i.HAL_ADC_DeInit) refers to stm32l0xx_hal.o(i.HAL_GetTick) for HAL_GetTick
    stm32l0xx_hal_adc.o(i.HAL_ADC_DeInit) refers to stm32l0xx_hal_adc.o(i.HAL_ADC_MspDeInit) for HAL_ADC_MspDeInit
    stm32l0xx_hal_adc.o(i.HAL_ADC_IRQHandler) refers to stm32l0xx_hal_adc.o(i.HAL_ADC_ConvCpltCallback) for HAL_ADC_ConvCpltCallback
    stm32l0xx_hal_adc.o(i.HAL_ADC_IRQHandler) refers to stm32l0xx_hal_adc.o(i.HAL_ADC_LevelOutOfWindowCallback) for HAL_ADC_LevelOutOfWindowCallback
    stm32l0xx_hal_adc.o(i.HAL_ADC_IRQHandler) refers to stm32l0xx_hal_adc.o(i.HAL_ADC_ErrorCallback) for HAL_ADC_ErrorCallback
    stm32l0xx_hal_adc.o(i.HAL_ADC_Init) refers to stm32l0xx_hal_adc.o(i.HAL_ADC_MspInit) for HAL_ADC_MspInit
    stm32l0xx_hal_adc.o(i.HAL_ADC_Init) refers to stm32l0xx_hal.o(i.HAL_GetTick) for HAL_GetTick
    stm32l0xx_hal_adc.o(i.HAL_ADC_Init) refers to stm32l0xx_hal.o(i.HAL_Delay) for HAL_Delay
    stm32l0xx_hal_adc.o(i.HAL_ADC_PollForConversion) refers to stm32l0xx_hal.o(i.HAL_GetTick) for HAL_GetTick
    stm32l0xx_hal_adc.o(i.HAL_ADC_PollForEvent) refers to stm32l0xx_hal.o(i.HAL_GetTick) for HAL_GetTick
    stm32l0xx_hal_adc.o(i.HAL_ADC_Start) refers to stm32l0xx_hal_adc.o(i.ADC_Enable) for ADC_Enable
    stm32l0xx_hal_adc.o(i.HAL_ADC_Start_DMA) refers to stm32l0xx_hal_adc.o(i.ADC_Enable) for ADC_Enable
    stm32l0xx_hal_adc.o(i.HAL_ADC_Start_DMA) refers to stm32l0xx_hal_dma.o(i.HAL_DMA_Start_IT) for HAL_DMA_Start_IT
[...]
    __aeabi_lasr                             0x0800076f   Thumb Code    38  llsshr.o(.text)
    _ll_sshift_r                             0x0800076f   Thumb Code     0  llsshr.o(.text)
    strtol                                   0x08000795   Thumb Code   108  strtol.o(.text)
    __I$use$fp                               0x08000805   Thumb Code     0  iusefp.o(.text)
    _double_round                            0x08000805   Thumb Code    26  depilogue.o(.text)
    _double_epilogue                         0x0800081f   Thumb Code   164  depilogue.o(.text)
    _drnd                                    0x080008c5   Thumb Code   114  drnd.o(.text)
    __scatterload                            0x08000941   Thumb Code    28  init.o(.text)
    __scatterload_rt2                        0x08000941   Thumb Code     0  init.o(.text)
    __rt_ctype_table                         0x08000965   Thumb Code     4  ctype_o.o(.text)
    _strtoul                                 0x0800096d   Thumb Code   166  _strtoul.o(.text)
    _chval                                   0x08000a13   Thumb Code    30  _chval.o(.text)
    __decompress                             0x08000a31   Thumb Code     0  __dczerorl2.o(.text)
    __decompress1                            0x08000a31   Thumb Code    86  __dczerorl2.o(.text)
    AES_CMAC_Final                           0x08000a87   Thumb Code   452  cmac.o(i.AES_CMAC_Final)
    AES_CMAC_Init                            0x08000c4b   Thumb Code    34  cmac.o(i.AES_CMAC_Init)
    AES_CMAC_SetKey                          0x08000c6d   Thumb Code    18  cmac.o(i.AES_CMAC_SetKey)
    AES_CMAC_Update                          0x08000c7f   Thumb Code   242  cmac.o(i.AES_CMAC_Update)
    APP_EnterlowPowerMode                    0x08000d71   Thumb Code    20  app_osal.o(i.APP_EnterlowPowerMode)
    APP_Init                                 0x08000d89   Thumb Code   162  app_osal.o(i.APP_Init)
    APP_ParaConfig                           0x08000e4d   Thumb Code   158  app_osal.o(i.APP_ParaConfig)
    APP_ProcessEvent                         0x08000f11   Thumb Code   648  app_osal.o(i.APP_ProcessEvent)
    APP_ShowMoteID                           0x080011d1   Thumb Code   102  app_osal.o(i.APP_ShowMoteID)
    BoardMeasureBatterieLevel                0x08001487   Thumb Code    16  board.o(i.BoardMeasureBatterieLevel)
    DebugMon_Handler                         0x080015f5   Thumb Code     2  stm32l0xx_it.o(i.DebugMon_Handler)
    DelayMs                                  0x080015f9   Thumb Code    28  delay.o(i.DelayMs)
    EXTI0_1_IRQHandler                       0x08001659   Thumb Code    68  gpio_board.o(i.EXTI0_1_IRQHandler)
    EXTI2_3_IRQHandler                       0x080016a5   Thumb Code    36  gpio_board.o(i.EXTI2_3_IRQHandler)
    EXTI4_15_IRQHandler                      0x080016d1   Thumb Code    68  gpio_board.o(i.EXTI4_15_IRQHandler)
    FIFO_IntDisable                          0x0800171d   Thumb Code     2  fifo.o(i.FIFO_IntDisable)
    FIFO_IntEnable                           0x0800171f   Thumb Code     2  fifo.o(i.FIFO_IntEnable)
    HAL_Delay                                0x08001755   Thumb Code    26  stm32l0xx_hal.o(i.HAL_Delay)
    HAL_GPIO_EXTI_Callback                   0x08001771   Thumb Code    36  key_board.o(i.HAL_GPIO_EXTI_Callback)
    HAL_GPIO_Init                            0x08001799   Thumb Code   462  stm32l0xx_hal_gpio.o(i.HAL_GPIO_Init)
    HAL_GPIO_WritePin                        0x08001985   Thumb Code    12  stm32l0xx_hal_gpio.o(i.HAL_GPIO_WritePin)
    HAL_GetTick                              0x08001991   Thumb Code     6  stm32l0xx_hal.o(i.HAL_GetTick)
    HAL_IWDG_Init                            0x0800199d   Thumb Code   194  stm32l0xx_hal_iwdg.o(i.HAL_IWDG_Init)
    HAL_IWDG_MspInit                         0x08001a69   Thumb Code     2  stm32l0xx_hal_iwdg.o(i.HAL_IWDG_MspInit)
    HAL_IWDG_Refresh                         0x08001a6d   Thumb Code   102  stm32l0xx_hal_iwdg.o(i.HAL_IWDG_Refresh)
    HAL_IWDG_Start                           0x08001ad9   Thumb Code   148  stm32l0xx_hal_iwdg.o(i.HAL_IWDG_Start)
    HAL_IncTick                              0x08001b79   Thumb Code    12  stm32l0xx_hal.o(i.HAL_IncTick)
    HAL_Init                                 0x08001b89   Thumb Code    40  stm32l0xx_hal.o(i.HAL_Init)
    HAL_InitTick                             0x08001bb5   Thumb Code    38  stm32l0xx_hal.o(i.HAL_InitTick)
    HAL_MspDeInit                            0x08001bdb   Thumb Code    16  stm32l0xx_hal_msp.o(i.HAL_MspDeInit)
    HAL_MspInit                              0x08001beb   Thumb Code    44  stm32l0xx_hal_msp.o(i.HAL_MspInit)
    HAL_NVIC_EnableIRQ                       0x08001c19   Thumb Code    18  stm32l0xx_hal_cortex.o(i.HAL_NVIC_EnableIRQ)
    HAL_NVIC_SetPriority                     0x08001c31   Thumb Code    18  stm32l0xx_hal_cortex.o(i.HAL_NVIC_SetPriority)
    HAL_PWREx_EnableFastWakeUp               0x08001c45   Thumb Code    16  stm32l0xx_hal_pwr_ex.o(i.HAL_PWREx_EnableFastWakeUp)
    HAL_PWREx_EnableUltraLowPower            0x08001c59   Thumb Code    16  stm32l0xx_hal_pwr_ex.o(i.HAL_PWREx_EnableUltraLowPower)
    HAL_PWR_EnterSTOPMode                    0x08001c6d   Thumb Code    64  stm32l0xx_hal_pwr.o(i.HAL_PWR_EnterSTOPMode)
    HAL_RCCEx_PeriphCLKConfig                0x08001cb5   Thumb Code   420  stm32l0xx_hal_rcc_ex.o(i.HAL_RCCEx_PeriphCLKConfig)
    HAL_RCC_ClockConfig                      0x08001e65   Thumb Code   748  stm32l0xx_hal_rcc.o(i.HAL_RCC_ClockConfig)
    HAL_RCC_GetHCLKFreq                      0x0800215d   Thumb Code    32  stm32l0xx_hal_rcc.o(i.HAL_RCC_GetHCLKFreq)
    HAL_RCC_GetPCLK1Freq                     0x08002189   Thumb Code    26  stm32l0xx_hal_rcc.o(i.HAL_RCC_GetPCLK1Freq)
    HAL_RCC_GetPCLK2Freq                     0x080021ad   Thumb Code    26  stm32l0xx_hal_rcc.o(i.HAL_RCC_GetPCLK2Freq)
    HAL_RCC_GetSysClockFreq                  0x080021d1   Thumb Code   180  stm32l0xx_hal_rcc.o(i.HAL_RCC_GetSysClockFreq)
    HAL_RCC_OscConfig                        0x0800229d   Thumb Code  1478  stm32l0xx_hal_rcc.o(i.HAL_RCC_OscConfig)
    HAL_RTCEx_AlarmBEventCallback            0x08002871   Thumb Code     2  stm32l0xx_hal_rtc_ex.o(i.HAL_RTCEx_AlarmBEventCallback)
    HAL_RTCEx_DeactivateWakeUpTimer          0x08002873   Thumb Code   172  stm32l0xx_hal_rtc_ex.o(i.HAL_RTCEx_DeactivateWakeUpTimer)
    HAL_RTC_AlarmAEventCallback              0x08002921   Thumb Code    32  rtc_board.o(i.HAL_RTC_AlarmAEventCallback)
    HAL_RTC_AlarmIRQHandler                  0x08002945   Thumb Code   120  stm32l0xx_hal_rtc.o(i.HAL_RTC_AlarmIRQHandler)
    HAL_RTC_DeactivateAlarm                  0x080029c9   Thumb Code   272  stm32l0xx_hal_rtc.o(i.HAL_RTC_DeactivateAlarm)
    HAL_RTC_GetAlarm                         0x08002ad9   Thumb Code   174  stm32l0xx_hal_rtc.o(i.HAL_RTC_GetAlarm)
    HAL_RTC_GetDate                          0x08002b8d   Thumb Code    88  stm32l0xx_hal_rtc.o(i.HAL_RTC_GetDate)
    HAL_RTC_GetTime                          0x08002be9   Thumb Code    94  stm32l0xx_hal_rtc.o(i.HAL_RTC_GetTime)
    HAL_RTC_Init                             0x08002c4d   Thumb Code   190  stm32l0xx_hal_rtc.o(i.HAL_RTC_Init)
    HAL_RTC_MspInit                          0x08002d11   Thumb Code    90  rtc_board.o(i.HAL_RTC_MspInit)
    HAL_RTC_SetAlarm_IT                      0x08002d71   Thumb Code   588  stm32l0xx_hal_rtc.o(i.HAL_RTC_SetAlarm_IT)
    HAL_RTC_SetDate                          0x08002fc9   Thumb Code   296  stm32l0xx_hal_rtc.o(i.HAL_RTC_SetDate)
    HAL_RTC_SetTime                          0x080030f5   Thumb Code   336  stm32l0xx_hal_rtc.o(i.HAL_RTC_SetTime)
    HAL_RTC_WaitForSynchro                   0x08003249   Thumb Code    58  stm32l0xx_hal_rtc.o(i.HAL_RTC_WaitForSynchro)
    HAL_SPI_DeInit                           0x08003283   Thumb Code    58  stm32l0xx_hal_spi.o(i.HAL_SPI_DeInit)
    HAL_SPI_GetState                         0x080032bd   Thumb Code     8  stm32l0xx_hal_spi.o(i.HAL_SPI_GetState)
    HAL_SPI_Init                             0x080032c5   Thumb Code   138  stm32l0xx_hal_spi.o(i.HAL_SPI_Init)
    HAL_SPI_MspDeInit                        0x0800334f   Thumb Code     2  stm32l0xx_hal_spi.o(i.HAL_SPI_MspDeInit)
    HAL_SPI_MspInit                          0x08003351   Thumb Code     2  stm32l0xx_hal_spi.o(i.HAL_SPI_MspInit)
    HAL_SPI_Transmit                         0x08003353   Thumb Code   478  stm32l0xx_hal_spi.o(i.HAL_SPI_Transmit)
    HAL_SPI_TransmitReceive                  0x08003531   Thumb Code   922  stm32l0xx_hal_spi.o(i.HAL_SPI_TransmitReceive)
    HAL_SYSTICK_Config                       0x080038cd   Thumb Code    46  stm32l0xx_hal_cortex.o(i.HAL_SYSTICK_Config)
    HAL_UARTEx_WakeupCallback                0x08003905   Thumb Code     2  stm32l0xx_hal_uart_ex.o(i.HAL_UARTEx_WakeupCallback)
    HAL_UART_BandRateChange                  0x08003909   Thumb Code    34  uart_board.o(i.HAL_UART_BandRateChange)
    HAL_UART_ErrorCallback                   0x08003935   Thumb Code     2  stm32l0xx_hal_uart.o(i.HAL_UART_ErrorCallback)
    HAL_UART_Init                            0x08003937   Thumb Code   118  stm32l0xx_hal_uart.o(i.HAL_UART_Init)
    HAL_UART_MspInit                         0x080039ad   Thumb Code   108  uart_board.o(i.HAL_UART_MspInit)
    HAL_UART_ReceiveString                   0x08003a21   Thumb Code   242  uart_board.o(i.HAL_UART_ReceiveString)
    HAL_UART_SendBytes                       0x08003b29   Thumb Code    42  uart_board.o(i.HAL_UART_SendBytes)
    HAL_USART_GET_FLAG                       0x08003b59   Thumb Code    18  uart_board.o(i.HAL_USART_GET_FLAG)
    HalKeyInit                               0x08003b6d   Thumb Code    20  key_board.o(i.HalKeyInit)
    HalKeyPoll                               0x08003b89   Thumb Code    24  key_board.o(i.HalKeyPoll)
    HalLedBlink                              0x08003ba9   Thumb Code   170  led_board.o(i.HalLedBlink)
    HalLedInit                               0x08003c65   Thumb Code    80  led_board.o(i.HalLedInit)
    HalLedOnOff                              0x08003cbd   Thumb Code   114  led_board.o(i.HalLedOnOff)
    HalLedSet                                0x08003d39   Thumb Code   130  led_board.o(i.HalLedSet)
    HalLedUpdate                             0x08003dc5   Thumb Code   300  led_board.o(i.HalLedUpdate)
    HardFault_Handler                        0x08003efd   Thumb Code     4  stm32l0xx_it.o(i.HardFault_Handler)
    HardWare_Init                            0x08003f01   Thumb Code    14  hal_osal.o(i.HardWare_Init)
    HardWare_ProcessEvent                    0x08003f15   Thumb Code    66  hal_osal.o(i.HardWare_ProcessEvent)
    IWDG_Configuration                       0x08003f59   Thumb Code    34  iwdg_board.o(i.IWDG_Configuration)
    KEY_Init                                 0x08003f8d   Thumb Code    62  key_board.o(i.KEY_Init)
    LoRaMAC_BKDRHash                         0x08003fdb   Thumb Code    32  loramac_osal.o(i.LoRaMAC_BKDRHash)
    LoRaMAC_Init                             0x08004039   Thumb Code    76  loramac_osal.o(i.LoRaMAC_Init)
    LoRaMAC_ProcessEvent                     0x08004239   Thumb Code   428  loramac_osal.o(i.LoRaMAC_ProcessEvent)
    LoRaMacChannelAdd                        0x0800440d   Thumb Code   258  loramac.o(i.LoRaMacChannelAdd)
    LoRaMacChannelRemove                     0x08004525   Thumb Code    84  loramac.o(i.LoRaMacChannelRemove)
    LoRaMacComputeMic                        0x08004585   Thumb Code   134  loramaccrypto.o(i.LoRaMacComputeMic)
    LoRaMacEventRegister                     0x08004619   Thumb Code    32  loramac.o(i.LoRaMacEventRegister)
    LoRaMacInitialization                    0x08004651   Thumb Code   268  loramac.o(i.LoRaMacInitialization)
    LoRaMacJoinComputeMic                    0x080047e1   Thumb Code    74  loramaccrypto.o(i.LoRaMacJoinComputeMic)
    LoRaMacJoinComputeSKeys                  0x08004835   Thumb Code   136  loramaccrypto.o(i.LoRaMacJoinComputeSKeys)
    LoRaMacJoinDecrypt                       0x080048c1   Thumb Code    60  loramaccrypto.o(i.LoRaMacJoinDecrypt)
    LoRaMacMcpsRequest                       0x08004901   Thumb Code   288  loramac.o(i.LoRaMacMcpsRequest)
    LoRaMacMibGetRequestConfirm              0x08004a41   Thumb Code   248  loramac.o(i.LoRaMacMibGetRequestConfirm)
    LoRaMacMibSetRequestConfirm              0x08004b75   Thumb Code   416  loramac.o(i.LoRaMacMibSetRequestConfirm)
    LoRaMacMlmeRequest                       0x08004d51   Thumb Code   254  loramac.o(i.LoRaMacMlmeRequest)
    LoRaMacPayloadDecrypt                    0x08004e75   Thumb Code    36  loramaccrypto.o(i.LoRaMacPayloadDecrypt)
    LoRaMacPayloadEncrypt                    0x08004e99   Thumb Code   210  loramaccrypto.o(i.LoRaMacPayloadEncrypt)
    LoRaMacQueryTxPossible                   0x08004f79   Thumb Code   142  loramac.o(i.LoRaMacQueryTxPossible)
    LoRaMac_SetChannelsTxPower               0x08005091   Thumb Code    20  loramac_osal.o(i.LoRaMac_SetChannelsTxPower)
    LoRaMac_getAppLayerParameter             0x080050cd   Thumb Code   212  loramacusr.o(i.LoRaMac_getAppLayerParameter)
    LoRaMac_setAppLayerParameter             0x080051b1   Thumb Code   178  loramacusr.o(i.LoRaMac_setAppLayerParameter)
    LoRaMac_setMacLayerParameter             0x08005275   Thumb Code   374  loramacusr.o(i.LoRaMac_setMacLayerParameter)
    LoRaMac_setMode                          0x08005411   Thumb Code    36  loramacusr.o(i.LoRaMac_setMode)
    LoRaMac_setlowPowerMode                  0x08005439   Thumb Code    50  loramacusr.o(i.LoRaMac_setlowPowerMode)
    LoRa_SetDifFrq                           0x08005471   Thumb Code     6  loramac_osal.o(i.LoRa_SetDifFrq)
    NMI_Handler                              0x0800547d   Thumb Code     2  stm32l0xx_it.o(i.NMI_Handler)
    OLED_Clear                               0x080054f9   Thumb Code    42  oled_board.o(i.OLED_Clear)
    OLED_Clear_Half                          0x08005529   Thumb Code    42  oled_board.o(i.OLED_Clear_Half)
    OLED_Clear_Line                          0x08005559   Thumb Code   334  oled_board.o(i.OLED_Clear_Line)
    OLED_DrawPoint                           0x080056ad   Thumb Code   102  oled_board.o(i.OLED_DrawPoint)
    OLED_Init                                0x08005719   Thumb Code   348  oled_board.o(i.OLED_Init)
    OLED_Refresh_Gram                        0x0800587d   Thumb Code    70  oled_board.o(i.OLED_Refresh_Gram)
    OLED_ShowChar                            0x080058c9   Thumb Code   206  oled_board.o(i.OLED_ShowChar)
    OLED_ShowString                          0x0800599d   Thumb Code    94  oled_board.o(i.OLED_ShowString)
    OLED_WR_Byte                             0x080059fd   Thumb Code   142  oled_board.o(i.OLED_WR_Byte)
    PendSV_Handler                           0x08006943   Thumb Code     2  stm32l0xx_it.o(i.PendSV_Handler)
    PrepareFrame                             0x08006945   Thumb Code   988  loramac.o(i.PrepareFrame)
    RTCInit                                  0x08007241   Thumb Code    22  rtc_board.o(i.RTCInit)
    RTC_Bcd2ToByte                           0x0800725d   Thumb Code    26  stm32l0xx_hal_rtc.o(i.RTC_Bcd2ToByte)
    RTC_ByteToBcd2                           0x08007277   Thumb Code    26  stm32l0xx_hal_rtc.o(i.RTC_ByteToBcd2)
    RTC_EnterInitMode                        0x08007291   Thumb Code    64  stm32l0xx_hal_rtc.o(i.RTC_EnterInitMode)
    RTC_IRQHandler                           0x080072d1   Thumb Code    10  stm32l0xx_it.o(i.RTC_IRQHandler)
    RtcComputeElapsedTime                    0x0800746d   Thumb Code    72  rtc_board.o(i.RtcComputeElapsedTime)
    RtcComputeWakeUpTime                     0x0800777d   Thumb Code   140  rtc_board.o(i.RtcComputeWakeUpTime)
    RtcEnterLowPowerStopMode                 0x08007991   Thumb Code    42  rtc_board.o(i.RtcEnterLowPowerStopMode)
    RtcGetAdjustedTimeoutValue               0x080079c9   Thumb Code    64  rtc_board.o(i.RtcGetAdjustedTimeoutValue)
    RtcGetElapsedAlarmTime                   0x08007a59   Thumb Code    62  rtc_board.o(i.RtcGetElapsedAlarmTime)
    RtcGetTimerValue                         0x08007a9d   Thumb Code    10  rtc_board.o(i.RtcGetTimerValue)
    RtcRecoverMcuStatus                      0x08007aa7   Thumb Code    24  rtc_board.o(i.RtcRecoverMcuStatus)
    RtcSetTimeout                            0x08007b41   Thumb Code    22  rtc_board.o(i.RtcSetTimeout)
    SPI1_DeInit                              0x08007e09   Thumb Code    16  spi_board.o(i.SPI1_DeInit)
    SPI1_DeMspInit                           0x08007e1d   Thumb Code   122  spi_board.o(i.SPI1_DeMspInit)
    SPI1_Error                               0x08007e9d   Thumb Code    14  spi_board.o(i.SPI1_Error)
    SPI1_Init                                0x08007eb1   Thumb Code    80  spi_board.o(i.SPI1_Init)
    SPI1_MspInit                             0x08007f0d   Thumb Code   132  spi_board.o(i.SPI1_MspInit)
    SPI1_Read                                0x08007f95   Thumb Code    44  spi_board.o(i.SPI1_Read)
    SPI1_Write                               0x08007fc5   Thumb Code    30  spi_board.o(i.SPI1_Write)
    SVC_Handler                              0x08008101   Thumb Code     2  stm32l0xx_it.o(i.SVC_Handler)
    SX1276AntSwDeInit                        0x08008103   Thumb Code    46  sx1276_board.o(i.SX1276AntSwDeInit)
    SX1276AntSwInit                          0x08008131   Thumb Code    56  sx1276_board.o(i.SX1276AntSwInit)
    SX1276CheckRfFrequency                   0x0800816d   Thumb Code     6  sx1276_board.o(i.SX1276CheckRfFrequency)
    SX1276GetPaSelect                        0x08008173   Thumb Code     6  sx1276_board.o(i.SX1276GetPaSelect)
    SX1276GetStatus                          0x08008179   Thumb Code     6  sx1276.o(i.SX1276GetStatus)
    SX1276GetTimeOnAir                       0x08008185   Thumb Code   632  sx1276.o(i.SX1276GetTimeOnAir)
    SX1276Init                               0x08008425   Thumb Code   110  sx1276.o(i.SX1276Init)
    SX1276IoDeInit                           0x080084b5   Thumb Code   116  sx1276_board.o(i.SX1276IoDeInit)
    SX1276IoInit                             0x08008535   Thumb Code    66  sx1276_board.o(i.SX1276IoInit)
    SX1276IoIrqInit                          0x08008585   Thumb Code   116  sx1276_board.o(i.SX1276IoIrqInit)
    SX1276IsChannelFree                      0x0800860d   Thumb Code    58  sx1276.o(i.SX1276IsChannelFree)
    SX1276OnDio0Irq                          0x08008649   Thumb Code   864  sx1276.o(i.SX1276OnDio0Irq)
    SX1276OnDio1Irq                          0x080089c5   Thumb Code   358  sx1276.o(i.SX1276OnDio1Irq)
    SX1276OnDio2Irq                          0x08008b39   Thumb Code   316  sx1276.o(i.SX1276OnDio2Irq)
    SX1276OnDio3Irq                          0x08008c85   Thumb Code   114  sx1276.o(i.SX1276OnDio3Irq)
    SX1276OnDio4Irq                          0x08008d01   Thumb Code    42  sx1276.o(i.SX1276OnDio4Irq)
    SX1276OnTimeoutIrq                       0x08008d31   Thumb Code   176  sx1276.o(i.SX1276OnTimeoutIrq)
    SX1276Q1CtrlDeInit                       0x08008ded   Thumb Code    34  sx1276_board.o(i.SX1276Q1CtrlDeInit)
    SX1276Q1CtrlInit                         0x08008e11   Thumb Code    56  sx1276_board.o(i.SX1276Q1CtrlInit)
    SX1276RadioEventsInit                    0x08008e4d   Thumb Code     6  sx1276.o(i.SX1276RadioEventsInit)
    SX1276Random                             0x08008e59   Thumb Code    64  sx1276.o(i.SX1276Random)
    SX1276Read                               0x08008e99   Thumb Code    20  sx1276.o(i.SX1276Read)
    SX1276ReadBuffer                         0x08008ead   Thumb Code    68  sx1276.o(i.SX1276ReadBuffer)
    SX1276ReadFifo                           0x08008ef1   Thumb Code    18  sx1276.o(i.SX1276ReadFifo)
    SX1276ReadRssi                           0x08008f05   Thumb Code    74  sx1276.o(i.SX1276ReadRssi)
    SX1276Reset                              0x08008f59   Thumb Code    38  sx1276.o(i.SX1276Reset)
    SX1276Send                               0x08008f85   Thumb Code   296  sx1276.o(i.SX1276Send)
    SX1276SetAntSw                           0x080090b5   Thumb Code    78  sx1276_board.o(i.SX1276SetAntSw)
    SX1276SetAntSwLowPower                   0x0800910d   Thumb Code    32  sx1276_board.o(i.SX1276SetAntSwLowPower)
    SX1276SetChannel                         0x08009131   Thumb Code    68  sx1276.o(i.SX1276SetChannel)
    SX1276SetMaxPayloadLength                0x08009181   Thumb Code    54  sx1276.o(i.SX1276SetMaxPayloadLength)
    SX1276SetModem                           0x080091bd   Thumb Code   136  sx1276.o(i.SX1276SetModem)
    SX1276SetOpMode                          0x08009249   Thumb Code    64  sx1276.o(i.SX1276SetOpMode)
    SX1276SetRx                              0x08009289   Thumb Code   886  sx1276.o(i.SX1276SetRx)
    SX1276SetRxConfig                        0x0800963d   Thumb Code   702  sx1276.o(i.SX1276SetRxConfig)
    SX1276SetSleep                           0x0800990d   Thumb Code    28  sx1276.o(i.SX1276SetSleep)
    SX1276SetStby                            0x08009935   Thumb Code    28  sx1276.o(i.SX1276SetStby)
    SX1276SetTcxoConfig                      0x0800995d   Thumb Code    12  sx1276.o(i.SX1276SetTcxoConfig)
    SX1276SetTx                              0x08009969   Thumb Code   194  sx1276.o(i.SX1276SetTx)
    SX1276SetTxConfig                        0x08009a35   Thumb Code   824  sx1276.o(i.SX1276SetTxConfig)
    SX1276StartCad                           0x08009d7d   Thumb Code    64  sx1276.o(i.SX1276StartCad)
    SX1276Write                              0x08009dc1   Thumb Code    16  sx1276.o(i.SX1276Write)
    SX1276WriteBuffer                        0x08009dd1   Thumb Code    68  sx1276.o(i.SX1276WriteBuffer)
    SX1276WriteFifo                          0x08009e15   Thumb Code    18  sx1276.o(i.SX1276WriteFifo)
    Send                                     0x08009f01   Thumb Code   128  loramac.o(i.Send)
    SendFrameOnChannel                       0x0800a025   Thumb Code   416  loramac.o(i.SendFrameOnChannel)
    SysTick_Handler                          0x0800a4a5   Thumb Code    18  stm32l0xx_it.o(i.SysTick_Handler)
    SystemClockConfig_STOP                   0x0800a4bd   Thumb Code   106  rtc_board.o(i.SystemClockConfig_STOP)
    SystemClock_Config                       0x0800a531   Thumb Code   106  stm32l0xx_hal_msp.o(i.SystemClock_Config)
    SystemInit                               0x0800a5a5   Thumb Code    88  system_stm32l0xx.o(i.SystemInit)
    TimerGetCurrentTime                      0x0800a62d   Thumb Code     8  timer.o(i.TimerGetCurrentTime)
    TimerGetElapsedTime                      0x0800a635   Thumb Code    16  timer.o(i.TimerGetElapsedTime)
    TimerGetValue                            0x0800a645   Thumb Code     8  timer.o(i.TimerGetValue)
    TimerInit                                0x0800a64d   Thumb Code    14  timer.o(i.TimerInit)
    TimerIrqHandler                          0x0800a701   Thumb Code   160  timer.o(i.TimerIrqHandler)
    TimerSetValue                            0x0800a7b1   Thumb Code    18  timer.o(i.TimerSetValue)
    TimerStart                               0x0800a7c5   Thumb Code   152  timer.o(i.TimerStart)
    TimerStop                                0x0800a861   Thumb Code   232  timer.o(i.TimerStop)
    UART_AdvFeatureConfig                    0x0800a94d   Thumb Code   240  stm32l0xx_hal_uart.o(i.UART_AdvFeatureConfig)
    UART_CheckIdleState                      0x0800aa3d   Thumb Code    92  stm32l0xx_hal_uart.o(i.UART_CheckIdleState)
    UART_Init                                0x0800aa9d   Thumb Code    98  uart_board.o(i.UART_Init)
    UART_SetConfig                           0x0800ab11   Thumb Code   610  stm32l0xx_hal_uart.o(i.UART_SetConfig)
    UART_WaitOnFlagUntilTimeout              0x0800ad99   Thumb Code   256  stm32l0xx_hal_uart.o(i.UART_WaitOnFlagUntilTimeout)
    USART1_IRQHandler                        0x0800ae99   Thumb Code   298  stm32l0xx_it.o(i.USART1_IRQHandler)
    Usart1_Init                              0x0800afd5   Thumb Code    18  usart1_osal.o(i.Usart1_Init)
    Usart1_ProcessEvent                      0x0800afed   Thumb Code    44  usart1_osal.o(i.Usart1_ProcessEvent)
    __0sprintf$5                             0x0800b069   Thumb Code    36  printf5.o(i.__0sprintf$5)
    __1sprintf$5                             0x0800b069   Thumb Code     0  printf5.o(i.__0sprintf$5)
    __2sprintf                               0x0800b069   Thumb Code     0  printf5.o(i.__0sprintf$5)
    __ARM_clz                                0x0800b091   Thumb Code    46  depilogue.o(i.__ARM_clz)
    __ARM_common_switch8                     0x0800b0bf   Thumb Code    28  stm32l0xx_hal_tim.o(i.__ARM_common_switch8)
    __aeabi_errno_addr                       0x0800b0dd   Thumb Code     4  errno.o(i.__aeabi_errno_addr)
    __rt_errno_addr                          0x0800b0dd   Thumb Code     0  errno.o(i.__aeabi_errno_addr)
    __scatterload_copy                       0x0800b0f1   Thumb Code    14  handlers.o(i.__scatterload_copy)
    __scatterload_null                       0x0800b0ff   Thumb Code     2  handlers.o(i.__scatterload_null)
    __scatterload_zeroinit                   0x0800b101   Thumb Code    14  handlers.o(i.__scatterload_zeroinit)
    aes_encrypt                              0x0800b413   Thumb Code    90  aes.o(i.aes_encrypt)
    aes_set_key                              0x0800b46d   Thumb Code   280  aes.o(i.aes_set_key)
    at_command                               0x0800b589   Thumb Code    52  at.o(i.at_command)
    at_i                                     0x0800b5bd   Thumb Code   138  at.o(i.at_i)
    at_s                                     0x0800b659   Thumb Code   478  at.o(i.at_s)
    bFIFO_GetByte                            0x0800b869   Thumb Code    86  fifo.o(i.bFIFO_GetByte)
    bFIFO_Init                               0x0800b8bf   Thumb Code    56  fifo.o(i.bFIFO_Init)
    bFIFO_PutByte                            0x0800b8f7   Thumb Code    80  fifo.o(i.bFIFO_PutByte)
    ceil                                     0x0800b949   Thumb Code   180  ceil.o(i.ceil)
    display_sx1276_rx_pac_parm               0x0800baf1   Thumb Code   234  sx1276.o(i.display_sx1276_rx_pac_parm)
    display_sx1276_tx_pac_parm               0x0800bc01   Thumb Code   298  sx1276.o(i.display_sx1276_tx_pac_parm)
    floor                                    0x0800bd6d   Thumb Code   180  floor.o(i.floor)
    get_ins_ats_action                       0x0800be35   Thumb Code    90  at.o(i.get_ins_ats_action)
    get_ins_param                            0x0800be8f   Thumb Code   102  at.o(i.get_ins_param)
    halProcessKeyInterrupt                   0x0800bef5   Thumb Code    16  key_board.o(i.halProcessKeyInterrupt)
    main                                     0x0800bf09   Thumb Code    12  main.o(i.main)
    memcpy1                                  0x0800bf15   Thumb Code    24  utilities.o(i.memcpy1)
    memcpyr                                  0x0800bf2d   Thumb Code    28  utilities.o(i.memcpyr)
    memset1                                  0x0800bf49   Thumb Code    20  utilities.o(i.memset1)
    onPhyEvent                               0x0800c1e1   Thumb Code   174  loramac_osal.o(i.onPhyEvent)
    osalAddTimer                             0x0800c299   Thumb Code    88  osal_time.o(i.osalAddTimer)
    osalDeleteTimer                          0x0800c2f5   Thumb Code    10  osal_time.o(i.osalDeleteTimer)
    osalFindTimer                            0x0800c301   Thumb Code    32  osal_time.o(i.osalFindTimer)
    osalInitTasks                            0x0800c325   Thumb Code    50  osal_app.o(i.osalInitTasks)
    osalTimeUpdate                           0x0800c35d   Thumb Code    42  osal.o(i.osalTimeUpdate)
    osalTimerInit                            0x0800c38d   Thumb Code     8  osal_time.o(i.osalTimerInit)
    osalTimerUpdate                          0x0800c399   Thumb Code   184  osal_time.o(i.osalTimerUpdate)
    osal_GetSystemClock                      0x0800c459   Thumb Code     6  osal_time.o(i.osal_GetSystemClock)
    osal_clear_event                         0x0800c465   Thumb Code    72  osal.o(i.osal_clear_event)
    osal_init_system                         0x0800c4b5   Thumb Code    28  osal.o(i.osal_init_system)
    osal_mem_alloc                           0x0800c4d5   Thumb Code   298  osal_memory.o(i.osal_mem_alloc)
    osal_mem_free                            0x0800c61d   Thumb Code    88  osal_memory.o(i.osal_mem_free)
    osal_mem_init                            0x0800c681   Thumb Code    96  osal_memory.o(i.osal_mem_init)
    osal_mem_kick                            0x0800c6f5   Thumb Code    48  osal_memory.o(i.osal_mem_kick)
    osal_memcpy                              0x0800c72d   Thumb Code    28  osal.o(i.osal_memcpy)
    osal_memset                              0x0800c749   Thumb Code    20  osal.o(i.osal_memset)
    osal_msg_allocate                        0x0800c75d   Thumb Code    46  osal.o(i.osal_msg_allocate)
    osal_msg_deallocate                      0x0800c78b   Thumb Code    40  osal.o(i.osal_msg_deallocate)
    osal_msg_enqueue                         0x0800c7b3   Thumb Code    84  osal.o(i.osal_msg_enqueue)
    osal_msg_extract                         0x0800c807   Thumb Code    84  osal.o(i.osal_msg_extract)
    osal_msg_receive                         0x0800c85d   Thumb Code   130  osal.o(i.osal_msg_receive)
    osal_msg_send                            0x0800c8e5   Thumb Code    90  osal.o(i.osal_msg_send)
    osal_mutex_updata                        0x0800c949   Thumb Code    26  osal_mutex.o(i.osal_mutex_updata)
    osal_set_event                           0x0800c969   Thumb Code    72  osal.o(i.osal_set_event)
    osal_start_system                        0x0800c9b9   Thumb Code   182  osal.o(i.osal_start_system)
    osal_start_timerEx                       0x0800ca85   Thumb Code    62  osal_time.o(i.osal_start_timerEx)
    osal_stop_timerEx                        0x0800cac3   Thumb Code    70  osal_time.o(i.osal_stop_timerEx)
    phyInit                                  0x0800cb09   Thumb Code   322  phymac.o(i.phyInit)
    phyRxDone                                0x0800cca5   Thumb Code    52  phymac.o(i.phyRxDone)
    phyRxError                               0x0800cce9   Thumb Code    36  phymac.o(i.phyRxError)
    phyRxTimeout                             0x0800cd1d   Thumb Code    44  phymac.o(i.phyRxTimeout)
    phySendFrame                             0x0800cd59   Thumb Code    42  phymac.o(i.phySendFrame)
    phyTxDone                                0x0800cd8d   Thumb Code    46  phymac.o(i.phyTxDone)
    phyTxTimeout                             0x0800cdd1   Thumb Code    36  phymac.o(i.phyTxTimeout)
    rand1                                    0x0800ce05   Thumb Code    30  utilities.o(i.rand1)
    randr                                    0x0800ce35   Thumb Code    26  utilities.o(i.randr)
    round                                    0x0800ce51   Thumb Code   142  round.o(i.round)
    srand1                                   0x0800cf5d   Thumb Code     6  utilities.o(i.srand1)
    MSIRangeTable                            0x0800cfec   Data          28  stm32l0xx_hal_rcc.o(.constdata)
    RadioRegsInit                            0x0800d008   Data          45  sx1276.o(.constdata)
    FskBandwidths                            0x0800d038   Data         176  sx1276.o(.constdata)
    asc2_1206                                0x0800d0e8   Data        1140  oled_board.o(.constdata)
    Radio                                    0x0800d574   Data          84  sx1276_board.o(.constdata)
    tasksArr                                 0x0800d5c8   Data          16  osal_app.o(.constdata)
    tasksCnt                                 0x0800d5d8   Data           1  osal_app.o(.constdata)
    Datarates                                0x0800d5dc   Data           8  loramac.o(.constdata)
    MaxPayloadOfDatarate                     0x0800d5e4   Data           8  loramac.o(.constdata)
    MaxPayloadOfDatarateRepeater             0x0800d5ec   Data           8  loramac.o(.constdata)
    TxPowers                                 0x0800d5f4   Data           9  loramac.o(.constdata)
    __ctype_table                            0x0800d908   Data         129  ctype_o.o(.constdata)
    Region$$Table$$Base                      0x0800d990   Number         0  anon$$obj.o(Region$$Table)
    Region$$Table$$Limit                     0x0800d9b0   Number         0  anon$$obj.o(Region$$Table)
    SystemCoreClock                          0x20000000   Data           4  system_stm32l0xx.o(.data)
    AHBPrescTable                            0x20000004   Data          16  system_stm32l0xx.o(.data)
    PLLMulTable                              0x20000014   Data           9  system_stm32l0xx.o(.data)
    uwTick                                   0x20000020   Data           4  stm32l0xx_hal.o(.data)
    DioIrq                                   0x20000044   Data          24  sx1276.o(.data)
    g_at_set_tx                              0x2000005c   Data           1  at.o(.data)
    g_at_set_diffrq                          0x2000005d   Data           1  at.o(.data)
    Hal_KeyIntEnable                         0x20000062   Data           1  key_board.o(.data)
    g_key1_push_dowm                         0x20000063   Data           1  key_board.o(.data)
    NonScheduledWakeUp                       0x2000006b   Data           1  rtc_board.o(.data)
    McuWakeUpTime                            0x2000006c   Data           4  rtc_board.o(.data)
    g_elapsedTime                            0x20000080   Data           4  timer.o(.data)
    head_frame_date                          0x20000088   Data           1  uart_board.o(.data)
    head_frame_at                            0x20000089   Data           1  uart_board.o(.data)
    osal_qHead                               0x20000090   Data           4  osal.o(.data)
    system_reset                             0x20000094   Data           1  osal.o(.data)
    myTasksEvents                            0x20000098   Data           8  osal_app.o(.data)
    tasksEvents                              0x200000a0   Data           4  osal_app.o(.data)
    osal_mutex_head                          0x200000bc   Data           4  osal_mutex.o(.data)
    osal_tick                                0x200000c0   Data           2  osal_tick.o(.data)
    timerHead                                0x200000c4   Data           4  osal_time.o(.data)
    APP_taskID                               0x200000cc   Data           1  app_osal.o(.data)
    IsNetworkJoined                          0x200000cd   Data           1  app_osal.o(.data)
    Tx_dutycycle                             0x200000d0   Data           4  app_osal.o(.data)
    HardWare_taskID                          0x200000d8   Data           1  hal_osal.o(.data)
    USART1_taskID                            0x200000d9   Data           1  usart1_osal.o(.data)
    g_otaa_requert_time                      0x200000dc   Data           1  loramac_osal.o(.data)
    g_otaa_jionnet                           0x200000dd   Data           1  loramac_osal.o(.data)
    g_joinnet_ok                             0x200000de   Data           1  loramac_osal.o(.data)
    g_lora_mac_adr_switch                    0x200000df   Data           1  loramac_osal.o(.data)
    g_LoRaMacCallbacks                       0x200000e0   Data           4  loramac_osal.o(.data)
    DevAddr                                  0x200000e4   Data           4  loramac_osal.o(.data)
    NwkSKey                                  0x200000e8   Data          16  loramac_osal.o(.data)
    AppSKey                                  0x200000f8   Data          16  loramac_osal.o(.data)
    DevEui                                   0x20000108   Data           8  loramac_osal.o(.data)
    AppEui                                   0x20000110   Data           8  loramac_osal.o(.data)
    AppKey                                   0x20000118   Data          16  loramac_osal.o(.data)
    IsTxConfirmed                            0x20000129   Data           1  loramac_osal.o(.data)
    mode                                     0x2000012a   Data           1  loramac_osal.o(.data)
    LoraMAC_taskID                           0x2000012b   Data           1  loramac_osal.o(.data)
    g_frame_no                               0x20000130   Data           2  loramac.o(.data)
    Bands                                    0x20000170   Data          24  loramac.o(.data)
    Channels                                 0x20000188   Data         128  loramac.o(.data)
    LoRaMacState                             0x20000224   Data           4  loramac.o(.data)
    TxTimeOnAir                              0x20000240   Data           8  loramac.o(.data)
    RxSlot                                   0x2000024a   Data           1  loramac.o(.data)
    dif_frq                                  0x2000024c   Data           4  loramac.o(.data)
    LoRaMacFlags                             0x20000250   Data           1  loramac.o(.data)
    phyMac_frequency                         0x20000254   Data           4  phymac.o(.data)
    phyMac_spreading_factor                  0x20000258   Data           1  phymac.o(.data)
    g_phyframe_no                            0x2000025c   Data           4  phymac.o(.data)
    fsk_fdev                                 0x20000260   Data           4  phymac.o(.data)
    fsk_datarate                             0x20000264   Data           4  phymac.o(.data)
    fsk_bandwidth                            0x20000268   Data           4  phymac.o(.data)
    fsk_afc_bandwidth                        0x2000026c   Data           4  phymac.o(.data)
    tx_power                                 0x20000270   Data           1  phymac.o(.data)
    modulation_mode                          0x20000271   Data           1  phymac.o(.data)
    g_sx1276_tx_pac_param                    0x20000298   Data          16  sx1276.o(.bss)
    g_sx1276_rx_pac_param                    0x200002a8   Data          20  sx1276.o(.bss)
    SX1276                                   0x200003bc   Data         100  sx1276.o(.bss)
    TxTimeoutTimer                           0x20000420   Data          20  sx1276.o(.bss)
    RxTimeoutTimer                           0x20000434   Data          20  sx1276.o(.bss)
    RxTimeoutSyncWord                        0x20000448   Data          20  sx1276.o(.bss)
    g_config_at_t                            0x2000045c   Data          12  at.o(.bss)
    GpioIrq                                  0x20000468   Data          64  gpio_board.o(.bss)
    IwdgHandle                               0x200004a8   Data          20  iwdg_board.o(.bss)
    Input_Handle                             0x200004bc   Data          56  iwdg_board.o(.bss)
    OLED_GRAM                                0x20000510   Data        1024  oled_board.o(.bss)
    RtcCalendarContext                       0x20000910   Data          28  rtc_board.o(.bss)
    SpiHandle                                0x2000092c   Data          84  spi_board.o(.bss)
    usart1_receive_fifo                      0x20000980   Data          24  uart_board.o(.bss)
    usart1_receive_buffer                    0x20000998   Data         128  uart_board.o(.bss)
    recv_buf                                 0x20000a18   Data          64  uart_board.o(.bss)
    g_appData                                0x20000e58   Data          72  app_osal.o(.bss)
    g_macData                                0x20000ea0   Data         184  app_osal.o(.bss)
    RTCHandle                                0x20000f58   Data          36  stm32l0xx_hal_msp.o(.bss)
    UartHandle                               0x20000f7c   Data         108  stm32l0xx_hal_msp.o(.bss)
    g_mlmeReq                                0x20000fe8   Data          16  loramac_osal.o(.bss)
    g_LoRaMacPrimitives                      0x20000ff8   Data          12  loramac_osal.o(.bss)
    JoinReqTimer                             0x20001004   Data          20  loramac_osal.o(.bss)
    ComplianceTest                           0x20001018   Data          20  loramac_osal.o(.bss)
    LoRaMacParams                            0x2000136c   Data          48  loramac.o(.bss)
    LoRaMacParamsDefaults                    0x2000139c   Data          48  loramac.o(.bss)
    MacStateCheckTimer                       0x200013cc   Data          20  loramac.o(.bss)
    phyEventData                             0x200014b4   Data          16  phymac.o(.bss)
    __initial_sp                             0x20001af0   Data           0  startup_stm32l051xx.o(STACK)



==============================================================================

Memory Map of the image

  Image Entry point : 0x080000c1

  Load Region LR_IROM1 (Base: 0x08000000, Size: 0x0000dc48, Max: 0x00010000, ABSOLUTE, COMPRESSED[0x0000da48])

    Execution Region ER_IROM1 (Base: 0x08000000, Size: 0x0000d9b0, Max: 0x00010000, ABSOLUTE)

    Base Addr    Size         Type   Attr      Idx    E Section Name        Object

    0x08000000   0x000000c0   Data   RO            3    RESET               startup_stm32l051xx.o
    0x080000c0   0x00000000   Code   RO         6157  * .ARM.Collect$$$$00000000  mc_p.l(entry.o)
    0x080000c0   0x00000004   Code   RO         6461    .ARM.Collect$$$$00000001  mc_p.l(entry2.o)
    0x080000c4   0x00000004   Code   RO         6464    .ARM.Collect$$$$00000004  mc_p.l(entry5.o)
    0x080000c8   0x00000000   Code   RO         6466    .ARM.Collect$$$$00000008  mc_p.l(entry7b.o)
    0x080000c8   0x00000000   Code   RO         6468    .ARM.Collect$$$$0000000A  mc_p.l(entry8b.o)
    0x080000c8   0x00000008   Code   RO         6469    .ARM.Collect$$$$0000000B  mc_p.l(entry9a.o)
    0x080000d0   0x00000000   Code   RO         6471    .ARM.Collect$$$$0000000D  mc_p.l(entry10a.o)
    0x080000d0   0x00000000   Code   RO         6473    .ARM.Collect$$$$0000000F  mc_p.l(entry11a.o)
    0x080000d0   0x00000004   Code   RO         6462    .ARM.Collect$$$$00002712  mc_p.l(entry2.o)
    0x080000d4   0x00000020   Code   RO            4    .text               startup_stm32l051xx.o
    0x080000f4   0x0000002c   Code   RO         6160    .text               mc_p.l(uidiv.o)
    0x08000120   0x00000028   Code   RO         6162    .text               mc_p.l(idiv.o)
    0x08000148   0x0000007a   Code   RO         6164    .text               mc_p.l(llmul.o)
    0x080001c2   0x00000024   Code   RO         6166    .text               mc_p.l(memcpya.o)
    0x080001e6   0x00000024   Code   RO         6170    .text               mc_p.l(memseta.o)
    0x0800020a   0x0000000e   Code   RO         6172    .text               mc_p.l(strlen.o)
    0x08000218   0x0000001a   Code   RO         6437    .text               mc_p.l(atoi.o)
    0x08000232   0x00000002   PAD
    0x08000234   0x00000164   Code   RO         6439    .text               mf_p.l(dadd.o)
    0x08000398   0x000000d0   Code   RO         6441    .text               mf_p.l(dmul.o)
    0x08000468   0x000000f0   Code   RO         6443    .text               mf_p.l(ddiv.o)
    0x08000558   0x00000028   Code   RO         6445    .text               mf_p.l(dflti.o)
    0x08000580   0x0000001c   Code   RO         6447    .text               mf_p.l(dfltui.o)
    0x0800059c   0x0000001c   Code   RO         6449    .text               mf_p.l(dfltul.o)
    0x080005b8   0x00000048   Code   RO         6451    .text               mf_p.l(dfixi.o)
    0x08000600   0x0000003c   Code   RO         6453    .text               mf_p.l(dfixui.o)
    0x0800063c   0x00000040   Code   RO         6455    .text               mf_p.l(dfixul.o)
    0x0800067c   0x00000028   Code   RO         6457    .text               mf_p.l(cdcmple.o)
    0x080006a4   0x00000028   Code   RO         6459    .text               mf_p.l(cdrcmple.o)
    0x080006cc   0x00000060   Code   RO         6476    .text               mc_p.l(uldiv.o)
    0x0800072c   0x00000020   Code   RO         6478    .text               mc_p.l(llshl.o)
    0x0800074c   0x00000022   Code   RO         6480    .text               mc_p.l(llushr.o)
    0x0800076e   0x00000026   Code   RO         6482    .text               mc_p.l(llsshr.o)
    0x08000794   0x00000070   Code   RO         6491    .text               mc_p.l(strtol.o)
    0x08000804   0x00000000   Code   RO         6493    .text               mc_p.l(iusefp.o)
    0x08000804   0x000000be   Code   RO         6494    .text               mf_p.l(depilogue.o)
    0x080008c2   0x00000002   PAD
    0x080008c4   0x0000007c   Code   RO         6498    .text               mf_p.l(drnd.o)
    0x08000940   0x00000024   Code   RO         6500    .text               mc_p.l(init.o)
    0x08000964   0x00000008   Code   RO         6502    .text               mc_p.l(ctype_o.o)
    0x0800096c   0x000000a6   Code   RO         6530    .text               mc_p.l(_strtoul.o)
    0x08000a12   0x0000001e   Code   RO         6532    .text               mc_p.l(_chval.o)
    0x08000a30   0x00000056   Code   RO         6542    .text               mc_p.l(__dczerorl2.o)
    0x08000a86   0x000001c4   Code   RO         6117    i.AES_CMAC_Final    NPLink_Mote_Mac_780.lib(cmac.o)
    0x08000c4a   0x00000022   Code   RO         6118    i.AES_CMAC_Init     NPLink_Mote_Mac_780.lib(cmac.o)
    0x08000c6c   0x00000012   Code   RO         6119    i.AES_CMAC_SetKey   NPLink_Mote_Mac_780.lib(cmac.o)
    0x08000c7e   0x000000f2   Code   RO         6120    i.AES_CMAC_Update   NPLink_Mote_Mac_780.lib(cmac.o)
    0x08000d70   0x00000018   Code   RO         4908    i.APP_EnterlowPowerMode  app_osal.o
    0x08000d88   0x000000c4   Code   RO         4909    i.APP_Init          app_osal.o
    0x08000e4c   0x000000c4   Code   RO         4910    i.APP_ParaConfig    app_osal.o
    0x08000f10   0x000002c0   Code   RO         4911    i.APP_ProcessEvent  app_osal.o
    0x080011d0   0x00000074   Code   RO         4912    i.APP_ShowMoteID    app_osal.o
    0x08001244   0x00000174   Code   RO         5631    i.AddMacCommand     NPLink_Mote_Mac_780.lib(loramac.o)
    0x080013b8   0x00000068   Code   RO         5632    i.AdrNextDr         NPLink_Mote_Mac_780.lib(loramac.o)
    0x08001420   0x00000066   Code   RO         5633    i.AlternateDatarate  NPLink_Mote_Mac_780.lib(loramac.o)
    0x08001486   0x00000010   Code   RO         3317    i.BoardMeasureBatterieLevel  board.o
    0x08001496   0x00000002   PAD
    0x08001498   0x00000134   Code   RO         5634    i.CalculateBackOff  NPLink_Mote_Mac_780.lib(loramac.o)
    0x080015cc   0x00000028   Code   RO         5635    i.CountBits         NPLink_Mote_Mac_780.lib(loramac.o)
    0x080015f4   0x00000002   Code   RO         5114    i.DebugMon_Handler  stm32l0xx_it.o
    0x080015f6   0x00000002   PAD
    0x080015f8   0x00000020   Code   RO         3362    i.DelayMs           delay.o
    0x08001618   0x0000003e   Code   RO         5636    i.DisableChannelInMask  NPLink_Mote_Mac_780.lib(loramac.o)
    0x08001656   0x00000002   PAD
    0x08001658   0x0000004c   Code   RO         3476    i.EXTI0_1_IRQHandler  gpio_board.o
    0x080016a4   0x0000002c   Code   RO         3477    i.EXTI2_3_IRQHandler  gpio_board.o
    0x080016d0   0x0000004c   Code   RO         3478    i.EXTI4_15_IRQHandler  gpio_board.o
    0x0800171c   0x00000002   Code   RO         3383    i.FIFO_IntDisable   fifo.o
    0x0800171e   0x00000002   Code   RO         3384    i.FIFO_IntEnable    fifo.o
    0x08001720   0x00000034   Code   RO         2880    i.GetFskBandwidthRegValue  sx1276.o
    0x08001754   0x0000001a   Code   RO          148    i.HAL_Delay         stm32l0xx_hal.o
    0x0800176e   0x00000002   PAD
    0x08001770   0x00000028   Code   RO         3542    i.HAL_GPIO_EXTI_Callback  key_board.o
    0x08001798   0x000001ec   Code   RO          695    i.HAL_GPIO_Init     stm32l0xx_hal_gpio.o
    0x08001984   0x0000000c   Code   RO          699    i.HAL_GPIO_WritePin  stm32l0xx_hal_gpio.o
    0x08001990   0x0000000c   Code   RO          159    i.HAL_GetTick       stm32l0xx_hal.o
    0x0800199c   0x000000cc   Code   RO          755    i.HAL_IWDG_Init     stm32l0xx_hal_iwdg.o
    0x08001a68   0x00000002   Code   RO          756    i.HAL_IWDG_MspInit  stm32l0xx_hal_iwdg.o
    0x08001a6a   0x00000002   PAD
    0x08001a6c   0x0000006c   Code   RO          757    i.HAL_IWDG_Refresh  stm32l0xx_hal_iwdg.o
    0x08001ad8   0x000000a0   Code   RO          758    i.HAL_IWDG_Start    stm32l0xx_hal_iwdg.o
    0x08001b78   0x00000010   Code   RO          161    i.HAL_IncTick       stm32l0xx_hal.o
    0x08001b88   0x0000002c   Code   RO          162    i.HAL_Init          stm32l0xx_hal.o
    0x08001bb4   0x00000026   Code   RO          163    i.HAL_InitTick      stm32l0xx_hal.o
    0x08001bda   0x00000010   Code   RO         5037    i.HAL_MspDeInit     stm32l0xx_hal_msp.o
    0x08001bea   0x0000002c   Code   RO         5038    i.HAL_MspInit       stm32l0xx_hal_msp.o
    0x08001c16   0x00000002   PAD
    0x08001c18   0x00000018   Code   RO          519    i.HAL_NVIC_EnableIRQ  stm32l0xx_hal_cortex.o
    0x08001c30   0x00000012   Code   RO          522    i.HAL_NVIC_SetPriority  stm32l0xx_hal_cortex.o
    0x08001c42   0x00000002   PAD
    0x08001c44   0x00000014   Code   RO          893    i.HAL_PWREx_EnableFastWakeUp  stm32l0xx_hal_pwr_ex.o
    0x08001c58   0x00000014   Code   RO          895    i.HAL_PWREx_EnableUltraLowPower  stm32l0xx_hal_pwr_ex.o
    0x08001c6c   0x00000048   Code   RO          807    i.HAL_PWR_EnterSTOPMode  stm32l0xx_hal_pwr.o
    0x08001cb4   0x000001b0   Code   RO         1039    i.HAL_RCCEx_PeriphCLKConfig  stm32l0xx_hal_rcc_ex.o
    0x08001e64   0x000002f8   Code   RO          941    i.HAL_RCC_ClockConfig  stm32l0xx_hal_rcc.o
    0x0800215c   0x0000002c   Code   RO          945    i.HAL_RCC_GetHCLKFreq  stm32l0xx_hal_rcc.o
    0x08002188   0x00000024   Code   RO          947    i.HAL_RCC_GetPCLK1Freq  stm32l0xx_hal_rcc.o
    0x080021ac   0x00000024   Code   RO          948    i.HAL_RCC_GetPCLK2Freq  stm32l0xx_hal_rcc.o
    0x080021d0   0x000000cc   Code   RO          949    i.HAL_RCC_GetSysClockFreq  stm32l0xx_hal_rcc.o
    0x0800229c   0x000005d4   Code   RO          952    i.HAL_RCC_OscConfig  stm32l0xx_hal_rcc.o
    0x08002870   0x00000002   Code   RO         1074    i.HAL_RTCEx_AlarmBEventCallback  stm32l0xx_hal_rtc_ex.o
    0x08002872   0x000000ac   Code   RO         1081    i.HAL_RTCEx_DeactivateWakeUpTimer  stm32l0xx_hal_rtc_ex.o
    0x0800291e   0x00000002   PAD
    0x08002920   0x00000024   Code   RO         3787    i.HAL_RTC_AlarmAEventCallback  rtc_board.o
    0x08002944   0x00000084   Code   RO         2747    i.HAL_RTC_AlarmIRQHandler  stm32l0xx_hal_rtc.o
    0x080029c8   0x00000110   Code   RO         2749    i.HAL_RTC_DeactivateAlarm  stm32l0xx_hal_rtc.o
    0x08002ad8   0x000000b4   Code   RO         2750    i.HAL_RTC_GetAlarm  stm32l0xx_hal_rtc.o
    0x08002b8c   0x0000005c   Code   RO         2751    i.HAL_RTC_GetDate   stm32l0xx_hal_rtc.o
    0x08002be8   0x00000064   Code   RO         2753    i.HAL_RTC_GetTime   stm32l0xx_hal_rtc.o
    0x08002c4c   0x000000c4   Code   RO         2754    i.HAL_RTC_Init      stm32l0xx_hal_rtc.o
    0x08002d10   0x00000060   Code   RO         3789    i.HAL_RTC_MspInit   rtc_board.o
    0x08002d70   0x00000258   Code   RO         2759    i.HAL_RTC_SetAlarm_IT  stm32l0xx_hal_rtc.o
    0x08002fc8   0x0000012c   Code   RO         2760    i.HAL_RTC_SetDate   stm32l0xx_hal_rtc.o
    0x080030f4   0x00000154   Code   RO         2761    i.HAL_RTC_SetTime   stm32l0xx_hal_rtc.o
    0x08003248   0x0000003a   Code   RO         2762    i.HAL_RTC_WaitForSynchro  stm32l0xx_hal_rtc.o
    0x08003282   0x0000003a   Code   RO         1289    i.HAL_SPI_DeInit    stm32l0xx_hal_spi.o
    0x080032bc   0x00000008   Code   RO         1292    i.HAL_SPI_GetState  stm32l0xx_hal_spi.o
    0x080032c4   0x0000008a   Code   RO         1294    i.HAL_SPI_Init      stm32l0xx_hal_spi.o
    0x0800334e   0x00000002   Code   RO         1295    i.HAL_SPI_MspDeInit  stm32l0xx_hal_spi.o
    0x08003350   0x00000002   Code   RO         1296    i.HAL_SPI_MspInit   stm32l0xx_hal_spi.o
    0x08003352   0x000001de   Code   RO         1302    i.HAL_SPI_Transmit  stm32l0xx_hal_spi.o
    0x08003530   0x0000039a   Code   RO         1303    i.HAL_SPI_TransmitReceive  stm32l0xx_hal_spi.o
    0x080038ca   0x00000002   PAD
    0x080038cc   0x00000038   Code   RO          526    i.HAL_SYSTICK_Config  stm32l0xx_hal_cortex.o
    0x08003904   0x00000002   Code   RO         2435    i.HAL_UARTEx_WakeupCallback  stm32l0xx_hal_uart_ex.o
    0x08003906   0x00000002   PAD
    0x08003908   0x0000002c   Code   RO         4252    i.HAL_UART_BandRateChange  uart_board.o
    0x08003934   0x00000002   Code   RO         2188    i.HAL_UART_ErrorCallback  stm32l0xx_hal_uart.o
    0x08003936   0x00000076   Code   RO         2192    i.HAL_UART_Init     stm32l0xx_hal_uart.o
    0x080039ac   0x00000074   Code   RO         4254    i.HAL_UART_MspInit  uart_board.o
    0x08003a20   0x00000108   Code   RO         4257    i.HAL_UART_ReceiveString  uart_board.o
    0x08003b28   0x00000030   Code   RO         4259    i.HAL_UART_SendBytes  uart_board.o
    0x08003b58   0x00000012   Code   RO         4261    i.HAL_USART_GET_FLAG  uart_board.o
    0x08003b6a   0x00000002   PAD
    0x08003b6c   0x0000001c   Code   RO         3543    i.HalKeyInit        key_board.o
    0x08003b88   0x00000020   Code   RO         3544    i.HalKeyPoll        key_board.o
    0x08003ba8   0x000000bc   Code   RO         3602    i.HalLedBlink       led_board.o
    0x08003c64   0x00000058   Code   RO         3604    i.HalLedInit        led_board.o
    0x08003cbc   0x0000007c   Code   RO         3605    i.HalLedOnOff       led_board.o
    0x08003d38   0x0000008c   Code   RO         3606    i.HalLedSet         led_board.o
    0x08003dc4   0x00000138   Code   RO         3608    i.HalLedUpdate      led_board.o
    0x08003efc   0x00000004   Code   RO         5115    i.HardFault_Handler  stm32l0xx_it.o
    0x08003f00   0x00000014   Code   RO         4981    i.HardWare_Init     hal_osal.o
    0x08003f14   0x00000042   Code   RO         4982    i.HardWare_ProcessEvent  hal_osal.o
    0x08003f56   0x00000002   PAD
    0x08003f58   0x00000034   Code   RO         3515    i.IWDG_Configuration  iwdg_board.o
    0x08003f8c   0x00000048   Code   RO         3546    i.KEY_Init          key_board.o
    0x08003fd4   0x00000006   Code   RO         5637    i.LimitTxPower      NPLink_Mote_Mac_780.lib(loramac.o)
    0x08003fda   0x00000020   Code   RO         5220    i.LoRaMAC_BKDRHash  NPLink_Mote_Mac_780.lib(loramac_osal.o)
    0x08003ffa   0x00000002   PAD
    0x08003ffc   0x0000003c   Code   RO         5222    i.LoRaMAC_IDHashProgram  NPLink_Mote_Mac_780.lib(loramac_osal.o)
    0x08004038   0x00000068   Code   RO         5223    i.LoRaMAC_Init      NPLink_Mote_Mac_780.lib(loramac_osal.o)
    0x080040a0   0x0000006c   Code   RO         5224    i.LoRaMAC_McpsConfirm  NPLink_Mote_Mac_780.lib(loramac_osal.o)
    0x0800410c   0x000000c0   Code   RO         5225    i.LoRaMAC_McpsIndication  NPLink_Mote_Mac_780.lib(loramac_osal.o)
    0x080041cc   0x0000006c   Code   RO         5226    i.LoRaMAC_MlmeConfirm  NPLink_Mote_Mac_780.lib(loramac_osal.o)
    0x08004238   0x000001d4   Code   RO         5227    i.LoRaMAC_ProcessEvent  NPLink_Mote_Mac_780.lib(loramac_osal.o)
    0x0800440c   0x00000118   Code   RO         5638    i.LoRaMacChannelAdd  NPLink_Mote_Mac_780.lib(loramac.o)
    0x08004524   0x00000060   Code   RO         5639    i.LoRaMacChannelRemove  NPLink_Mote_Mac_780.lib(loramac.o)
    0x08004584   0x00000094   Code   RO         5999    i.LoRaMacComputeMic  NPLink_Mote_Mac_780.lib(loramaccrypto.o)
    0x08004618   0x00000038   Code   RO         5640    i.LoRaMacEventRegister  NPLink_Mote_Mac_780.lib(loramac.o)
    0x08004650   0x00000190   Code   RO         5641    i.LoRaMacInitialization  NPLink_Mote_Mac_780.lib(loramac.o)
    0x080047e0   0x00000054   Code   RO         6000    i.LoRaMacJoinComputeMic  NPLink_Mote_Mac_780.lib(loramaccrypto.o)
    0x08004834   0x0000008c   Code   RO         6001    i.LoRaMacJoinComputeSKeys  NPLink_Mote_Mac_780.lib(loramaccrypto.o)
    0x080048c0   0x00000040   Code   RO         6002    i.LoRaMacJoinDecrypt  NPLink_Mote_Mac_780.lib(loramaccrypto.o)
    0x08004900   0x00000140   Code   RO         5642    i.LoRaMacMcpsRequest  NPLink_Mote_Mac_780.lib(loramac.o)
    0x08004a40   0x00000134   Code   RO         5643    i.LoRaMacMibGetRequestConfirm  NPLink_Mote_Mac_780.lib(loramac.o)
    0x08004b74   0x000001dc   Code   RO         5644    i.LoRaMacMibSetRequestConfirm  NPLink_Mote_Mac_780.lib(loramac.o)
    0x08004d50   0x00000124   Code   RO         5645    i.LoRaMacMlmeRequest  NPLink_Mote_Mac_780.lib(loramac.o)
    0x08004e74   0x00000024   Code   RO         6003    i.LoRaMacPayloadDecrypt  NPLink_Mote_Mac_780.lib(loramaccrypto.o)
    0x08004e98   0x000000e0   Code   RO         6004    i.LoRaMacPayloadEncrypt  NPLink_Mote_Mac_780.lib(loramaccrypto.o)
    0x08004f78   0x000000ac   Code   RO         5648    i.LoRaMacQueryTxPossible  NPLink_Mote_Mac_780.lib(loramac.o)
    0x08005024   0x0000006c   Code   RO         5228    i.LoRaMac_SetAbpParameter  NPLink_Mote_Mac_780.lib(loramac_osal.o)
    0x08005090   0x00000014   Code   RO         5229    i.LoRaMac_SetChannelsTxPower  NPLink_Mote_Mac_780.lib(loramac_osal.o)
    0x080050a4   0x00000028   Code   RO         5230    i.LoRaMac_SetOtaaParameter  NPLink_Mote_Mac_780.lib(loramac_osal.o)
    0x080050cc   0x000000e4   Code   RO         5512    i.LoRaMac_getAppLayerParameter  NPLink_Mote_Mac_780.lib(loramacusr.o)
    0x080051b0   0x000000c4   Code   RO         5514    i.LoRaMac_setAppLayerParameter  NPLink_Mote_Mac_780.lib(loramacusr.o)
    0x08005274   0x0000019c   Code   RO         5515    i.LoRaMac_setMacLayerParameter  NPLink_Mote_Mac_780.lib(loramacusr.o)
    0x08005410   0x00000028   Code   RO         5516    i.LoRaMac_setMode   NPLink_Mote_Mac_780.lib(loramacusr.o)
    0x08005438   0x00000038   Code   RO         5517    i.LoRaMac_setlowPowerMode  NPLink_Mote_Mac_780.lib(loramacusr.o)
    0x08005470   0x0000000c   Code   RO         5231    i.LoRa_SetDifFrq    NPLink_Mote_Mac_780.lib(loramac_osal.o)
    0x0800547c   0x00000002   Code   RO         5116    i.NMI_Handler       stm32l0xx_it.o
    0x0800547e   0x00000002   PAD
    0x08005480   0x00000078   Code   RO          528    i.NVIC_SetPriority  stm32l0xx_hal_cortex.o
    0x080054f8   0x00000030   Code   RO         3662    i.OLED_Clear        oled_board.o
    0x08005528   0x00000030   Code   RO         3663    i.OLED_Clear_Half   oled_board.o
    0x08005558   0x00000154   Code   RO         3664    i.OLED_Clear_Line   oled_board.o
    0x080056ac   0x0000006c   Code   RO         3668    i.OLED_DrawPoint    oled_board.o
    0x08005718   0x00000164   Code   RO         3671    i.OLED_Init         oled_board.o
    0x0800587c   0x0000004c   Code   RO         3672    i.OLED_Refresh_Gram  oled_board.o
    0x080058c8   0x000000d4   Code   RO         3673    i.OLED_ShowChar     oled_board.o
    0x0800599c   0x0000005e   Code   RO         3675    i.OLED_ShowString   oled_board.o
    0x080059fa   0x00000002   PAD
    0x080059fc   0x00000094   Code   RO         3676    i.OLED_WR_Byte      oled_board.o
    0x08005a90   0x00000050   Code   RO         5652    i.OnAckTimeoutTimerEvent  NPLink_Mote_Mac_780.lib(loramac.o)
    0x08005ae0   0x00000314   Code   RO         5653    i.OnMacStateCheckTimerEvent  NPLink_Mote_Mac_780.lib(loramac.o)
    0x08005df4   0x000006f0   Code   RO         5654    i.OnRadioRxDone     NPLink_Mote_Mac_780.lib(loramac.o)
    0x080064e4   0x00000060   Code   RO         5655    i.OnRadioRxError    NPLink_Mote_Mac_780.lib(loramac.o)
    0x08006544   0x00000060   Code   RO         5656    i.OnRadioRxTimeout  NPLink_Mote_Mac_780.lib(loramac.o)
    0x080065a4   0x00000138   Code   RO         5657    i.OnRadioTxDone     NPLink_Mote_Mac_780.lib(loramac.o)
    0x080066dc   0x00000044   Code   RO         5658    i.OnRadioTxTimeout  NPLink_Mote_Mac_780.lib(loramac.o)
    0x08006720   0x000000ac   Code   RO         5659    i.OnRxWindow1TimerEvent  NPLink_Mote_Mac_780.lib(loramac.o)
    0x080067cc   0x0000008c   Code   RO         5660    i.OnRxWindow2TimerEvent  NPLink_Mote_Mac_780.lib(loramac.o)
    0x08006858   0x0000007c   Code   RO         5661    i.OnTxDelayedTimerEvent  NPLink_Mote_Mac_780.lib(loramac.o)
    0x080068d4   0x0000006e   Code   RO         5662    i.ParseMacCommandsToRepeat  NPLink_Mote_Mac_780.lib(loramac.o)
    0x08006942   0x00000002   Code   RO         5117    i.PendSV_Handler    stm32l0xx_it.o
    0x08006944   0x00000438   Code   RO         5663    i.PrepareFrame      NPLink_Mote_Mac_780.lib(loramac.o)
    0x08006d7c   0x00000074   Code   RO         5664    i.PrepareRxDoneAbort  NPLink_Mote_Mac_780.lib(loramac.o)
    0x08006df0   0x0000044e   Code   RO         5665    i.ProcessMacCommands  NPLink_Mote_Mac_780.lib(loramac.o)
    0x0800723e   0x00000002   PAD
    0x08007240   0x0000001c   Code   RO         3790    i.RTCInit           rtc_board.o
    0x0800725c   0x0000001a   Code   RO         2763    i.RTC_Bcd2ToByte    stm32l0xx_hal_rtc.o
    0x08007276   0x0000001a   Code   RO         2764    i.RTC_ByteToBcd2    stm32l0xx_hal_rtc.o
    0x08007290   0x00000040   Code   RO         2765    i.RTC_EnterInitMode  stm32l0xx_hal_rtc.o
    0x080072d0   0x00000010   Code   RO         5118    i.RTC_IRQHandler    stm32l0xx_it.o
    0x080072e0   0x0000010c   Code   RO         5666    i.ResetMacParameters  NPLink_Mote_Mac_780.lib(loramac.o)
    0x080073ec   0x00000044   Code   RO         5667    i.RetransmissionDutyCylce  NPLink_Mote_Mac_780.lib(loramac.o)
    0x08007430   0x0000003c   Code   RO         3792    i.RtcCheckCalendarRollOver  rtc_board.o
    0x0800746c   0x00000048   Code   RO         3794    i.RtcComputeElapsedTime  rtc_board.o
    0x080074b4   0x000002c8   Code   RO         3796    i.RtcComputeTimerTimeToAlarmTick  rtc_board.o
    0x0800777c   0x0000009c   Code   RO         3797    i.RtcComputeWakeUpTime  rtc_board.o
    0x08007818   0x00000178   Code   RO         3798    i.RtcConvertCalendarTickToTimerTime  rtc_board.o
    0x08007990   0x00000038   Code   RO         3801    i.RtcEnterLowPowerStopMode  rtc_board.o
    0x080079c8   0x0000004c   Code   RO         3802    i.RtcGetAdjustedTimeoutValue  rtc_board.o
    0x08007a14   0x00000044   Code   RO         3803    i.RtcGetCalendar    rtc_board.o
    0x08007a58   0x00000044   Code   RO         3804    i.RtcGetElapsedAlarmTime  rtc_board.o
    0x08007a9c   0x0000000a   Code   RO         3806    i.RtcGetTimerValue  rtc_board.o
    0x08007aa6   0x00000018   Code   RO         3807    i.RtcRecoverMcuStatus  rtc_board.o
    0x08007abe   0x00000002   PAD
    0x08007ac0   0x00000080   Code   RO         3808    i.RtcSetConfig      rtc_board.o
    0x08007b40   0x00000016   Code   RO         3809    i.RtcSetTimeout     rtc_board.o
    0x08007b56   0x00000002   PAD
    0x08007b58   0x000000b8   Code   RO         3810    i.RtcStartWakeUpAlarm  rtc_board.o
    0x08007c10   0x0000001c   Code   RO         5668    i.Rx2FreqInRange    NPLink_Mote_Mac_780.lib(loramac.o)
    0x08007c2c   0x000000b8   Code   RO         2881    i.RxChainCalibration  sx1276.o
    0x08007ce4   0x00000124   Code   RO         5669    i.RxWindowSetup     NPLink_Mote_Mac_780.lib(loramac.o)
    0x08007e08   0x00000014   Code   RO         3979    i.SPI1_DeInit       spi_board.o
    0x08007e1c   0x00000080   Code   RO         3980    i.SPI1_DeMspInit    spi_board.o
    0x08007e9c   0x00000014   Code   RO         3981    i.SPI1_Error        spi_board.o
    0x08007eb0   0x0000005c   Code   RO         3982    i.SPI1_Init         spi_board.o
    0x08007f0c   0x00000088   Code   RO         3983    i.SPI1_MspInit      spi_board.o
    0x08007f94   0x00000030   Code   RO         3984    i.SPI1_Read         spi_board.o
    0x08007fc4   0x00000024   Code   RO         3985    i.SPI1_Write        spi_board.o
    0x08007fe8   0x00000118   Code   RO         1324    i.SPI_WaitOnFlagUntilTimeout  stm32l0xx_hal_spi.o
    0x08008100   0x00000002   Code   RO         5119    i.SVC_Handler       stm32l0xx_it.o
    0x08008102   0x0000002e   Code   RO         4049    i.SX1276AntSwDeInit  sx1276_board.o
    0x08008130   0x0000003c   Code   RO         4050    i.SX1276AntSwInit   sx1276_board.o
    0x0800816c   0x00000006   Code   RO         4051    i.SX1276CheckRfFrequency  sx1276_board.o
    0x08008172   0x00000006   Code   RO         4052    i.SX1276GetPaSelect  sx1276_board.o
    0x08008178   0x0000000c   Code   RO         2882    i.SX1276GetStatus   sx1276.o
    0x08008184   0x000002a0   Code   RO         2883    i.SX1276GetTimeOnAir  sx1276.o
    0x08008424   0x00000090   Code   RO         2884    i.SX1276Init        sx1276.o
    0x080084b4   0x00000080   Code   RO         4053    i.SX1276IoDeInit    sx1276_board.o
    0x08008534   0x00000050   Code   RO         4054    i.SX1276IoInit      sx1276_board.o
    0x08008584   0x00000088   Code   RO         4055    i.SX1276IoIrqInit   sx1276_board.o
    0x0800860c   0x0000003a   Code   RO         2885    i.SX1276IsChannelFree  sx1276.o
    0x08008646   0x00000002   PAD
    0x08008648   0x0000037c   Code   RO         2886    i.SX1276OnDio0Irq   sx1276.o
    0x080089c4   0x00000174   Code   RO         2887    i.SX1276OnDio1Irq   sx1276.o
    0x08008b38   0x0000014c   Code   RO         2888    i.SX1276OnDio2Irq   sx1276.o
    0x08008c84   0x0000007c   Code   RO         2889    i.SX1276OnDio3Irq   sx1276.o
    0x08008d00   0x00000030   Code   RO         2890    i.SX1276OnDio4Irq   sx1276.o
    0x08008d30   0x000000bc   Code   RO         2892    i.SX1276OnTimeoutIrq  sx1276.o
    0x08008dec   0x00000022   Code   RO         4056    i.SX1276Q1CtrlDeInit  sx1276_board.o
    0x08008e0e   0x00000002   PAD
    0x08008e10   0x0000003c   Code   RO         4057    i.SX1276Q1CtrlInit  sx1276_board.o
    0x08008e4c   0x0000000c   Code   RO         2893    i.SX1276RadioEventsInit  sx1276.o
    0x08008e58   0x00000040   Code   RO         2894    i.SX1276Random      sx1276.o
    0x08008e98   0x00000014   Code   RO         2895    i.SX1276Read        sx1276.o
    0x08008eac   0x00000044   Code   RO         2896    i.SX1276ReadBuffer  sx1276.o
    0x08008ef0   0x00000012   Code   RO         2897    i.SX1276ReadFifo    sx1276.o
    0x08008f02   0x00000002   PAD
    0x08008f04   0x00000054   Code   RO         2898    i.SX1276ReadRssi    sx1276.o
    0x08008f58   0x0000002c   Code   RO         2899    i.SX1276Reset       sx1276.o
    0x08008f84   0x00000130   Code   RO         2900    i.SX1276Send        sx1276.o
    0x080090b4   0x00000058   Code   RO         4058    i.SX1276SetAntSw    sx1276_board.o
    0x0800910c   0x00000024   Code   RO         4059    i.SX1276SetAntSwLowPower  sx1276_board.o
    0x08009130   0x00000050   Code   RO         2901    i.SX1276SetChannel  sx1276.o
    0x08009180   0x0000003c   Code   RO         2902    i.SX1276SetMaxPayloadLength  sx1276.o
    0x080091bc   0x0000008c   Code   RO         2903    i.SX1276SetModem    sx1276.o
    0x08009248   0x00000040   Code   RO         2904    i.SX1276SetOpMode   sx1276.o
    0x08009288   0x000003b4   Code   RO         2905    i.SX1276SetRx       sx1276.o
    0x0800963c   0x000002d0   Code   RO         2906    i.SX1276SetRxConfig  sx1276.o
    0x0800990c   0x00000028   Code   RO         2907    i.SX1276SetSleep    sx1276.o
    0x08009934   0x00000028   Code   RO         2908    i.SX1276SetStby     sx1276.o
    0x0800995c   0x0000000c   Code   RO         2909    i.SX1276SetTcxoConfig  sx1276.o
    0x08009968   0x000000cc   Code   RO         2910    i.SX1276SetTx       sx1276.o
    0x08009a34   0x00000348   Code   RO         2911    i.SX1276SetTxConfig  sx1276.o
    0x08009d7c   0x00000044   Code   RO         2912    i.SX1276StartCad    sx1276.o
    0x08009dc0   0x00000010   Code   RO         2913    i.SX1276Write       sx1276.o
    0x08009dd0   0x00000044   Code   RO         2914    i.SX1276WriteBuffer  sx1276.o
    0x08009e14   0x00000012   Code   RO         2915    i.SX1276WriteFifo   sx1276.o
    0x08009e26   0x00000002   PAD
    0x08009e28   0x000000d8   Code   RO         5670    i.ScheduleTx        NPLink_Mote_Mac_780.lib(loramac.o)
    0x08009f00   0x0000008c   Code   RO         5671    i.Send              NPLink_Mote_Mac_780.lib(loramac.o)
    0x08009f8c   0x00000098   Code   RO         5232    i.SendFrame         NPLink_Mote_Mac_780.lib(loramac_osal.o)
    0x0800a024   0x000001e0   Code   RO         5672    i.SendFrameOnChannel  NPLink_Mote_Mac_780.lib(loramac.o)
    0x0800a204   0x00000268   Code   RO         5673    i.SetNextChannel    NPLink_Mote_Mac_780.lib(loramac.o)
    0x0800a46c   0x00000038   Code   RO         5674    i.SetPublicNetwork  NPLink_Mote_Mac_780.lib(loramac.o)
    0x0800a4a4   0x00000018   Code   RO         5120    i.SysTick_Handler   stm32l0xx_it.o
    0x0800a4bc   0x00000074   Code   RO         3812    i.SystemClockConfig_STOP  rtc_board.o
    0x0800a530   0x00000074   Code   RO         5042    i.SystemClock_Config  stm32l0xx_hal_msp.o
    0x0800a5a4   0x00000068   Code   RO           13    i.SystemInit        system_stm32l0xx.o
    0x0800a60c   0x00000020   Code   RO         4151    i.TimerExists       timer.o
    0x0800a62c   0x00000008   Code   RO         4152    i.TimerGetCurrentTime  timer.o
    0x0800a634   0x00000010   Code   RO         4153    i.TimerGetElapsedTime  timer.o
    0x0800a644   0x00000008   Code   RO         4155    i.TimerGetValue     timer.o
    0x0800a64c   0x0000000e   Code   RO         4156    i.TimerInit         timer.o
    0x0800a65a   0x00000002   PAD
    0x0800a65c   0x00000030   Code   RO         4157    i.TimerInsertNewHeadTimer  timer.o
    0x0800a68c   0x00000074   Code   RO         4158    i.TimerInsertTimer  timer.o
    0x0800a700   0x000000a4   Code   RO         4159    i.TimerIrqHandler   timer.o
    0x0800a7a4   0x0000000c   Code   RO         4161    i.TimerSetTimeout   timer.o
    0x0800a7b0   0x00000012   Code   RO         4162    i.TimerSetValue     timer.o
    0x0800a7c2   0x00000002   PAD
    0x0800a7c4   0x0000009c   Code   RO         4163    i.TimerStart        timer.o
    0x0800a860   0x000000ec   Code   RO         4164    i.TimerStop         timer.o
    0x0800a94c   0x000000f0   Code   RO         2205    i.UART_AdvFeatureConfig  stm32l0xx_hal_uart.o
    0x0800aa3c   0x00000060   Code   RO         2206    i.UART_CheckIdleState  stm32l0xx_hal_uart.o
    0x0800aa9c   0x00000074   Code   RO         4262    i.UART_Init         uart_board.o
    0x0800ab10   0x00000288   Code   RO         2213    i.UART_SetConfig    stm32l0xx_hal_uart.o
    0x0800ad98   0x00000100   Code   RO         2215    i.UART_WaitOnFlagUntilTimeout  stm32l0xx_hal_uart.o
    0x0800ae98   0x0000013c   Code   RO         5121    i.USART1_IRQHandler  stm32l0xx_it.o
    0x0800afd4   0x00000018   Code   RO         5191    i.Usart1_Init       usart1_osal.o
    0x0800afec   0x00000030   Code   RO         5192    i.Usart1_ProcessEvent  usart1_osal.o
    0x0800b01c   0x00000038   Code   RO         5675    i.ValidatePayloadLength  NPLink_Mote_Mac_780.lib(loramac.o)
    0x0800b054   0x00000012   Code   RO         5676    i.ValueInRange      NPLink_Mote_Mac_780.lib(loramac.o)
    0x0800b066   0x00000002   PAD
    0x0800b068   0x00000028   Code   RO         6311    i.__0sprintf$5      mc_p.l(printf5.o)
    0x0800b090   0x0000002e   Code   RO         6496    i.__ARM_clz         mf_p.l(depilogue.o)
    0x0800b0be   0x0000001c   Code   RO         2142    i.__ARM_common_switch8  stm32l0xx_hal_tim.o
    0x0800b0da   0x00000002   PAD
    0x0800b0dc   0x00000008   Code   RO         6484    i.__aeabi_errno_addr  mc_p.l(errno.o)
    0x0800b0e4   0x00000006   Code   RO         4412    i.__get_PRIMASK     osal.o
    0x0800b0ea   0x00000006   Code   RO         4813    i.__get_PRIMASK     osal_time.o
    0x0800b0f0   0x0000000e   Code   RO         6536    i.__scatterload_copy  mc_p.l(handlers.o)
    0x0800b0fe   0x00000002   Code   RO         6537    i.__scatterload_null  mc_p.l(handlers.o)
    0x0800b100   0x0000000e   Code   RO         6538    i.__scatterload_zeroinit  mc_p.l(handlers.o)
    0x0800b10e   0x00000006   Code   RO         4413    i.__set_PRIMASK     osal.o
    0x0800b114   0x00000006   Code   RO         4814    i.__set_PRIMASK     osal_time.o
    0x0800b11a   0x00000002   PAD
    0x0800b11c   0x000002dc   Code   RO         6316    i._printf_core      mc_p.l(printf5.o)
    0x0800b3f8   0x0000000a   Code   RO         6318    i._sputc            mc_p.l(printf5.o)
    0x0800b402   0x00000010   Code   RO         6056    i.add_round_key     NPLink_Mote_Mac_780.lib(aes.o)
    0x0800b412   0x0000005a   Code   RO         6058    i.aes_encrypt       NPLink_Mote_Mac_780.lib(aes.o)
    0x0800b46c   0x0000011c   Code   RO         6059    i.aes_set_key       NPLink_Mote_Mac_780.lib(aes.o)
    0x0800b588   0x00000034   Code   RO         3248    i.at_command        at.o
    0x0800b5bc   0x0000009c   Code   RO         3249    i.at_i              at.o
    0x0800b658   0x00000210   Code   RO         3250    i.at_s              at.o
    0x0800b868   0x00000056   Code   RO         3386    i.bFIFO_GetByte     fifo.o
    0x0800b8be   0x00000038   Code   RO         3388    i.bFIFO_Init        fifo.o
    0x0800b8f6   0x00000050   Code   RO         3389    i.bFIFO_PutByte     fifo.o
    0x0800b946   0x00000002   PAD
    0x0800b948   0x000000c8   Code   RO         6148    i.ceil              m_ps.l(ceil.o)
    0x0800ba10   0x00000084   Code   RO         6060    i.copy_and_key      NPLink_Mote_Mac_780.lib(aes.o)
    0x0800ba94   0x00000042   Code   RO         6061    i.copy_block        NPLink_Mote_Mac_780.lib(aes.o)
    0x0800bad6   0x00000018   Code   RO         6062    i.copy_block_nn     NPLink_Mote_Mac_780.lib(aes.o)
    0x0800baee   0x00000002   PAD
    0x0800baf0   0x00000110   Code   RO         2916    i.display_sx1276_rx_pac_parm  sx1276.o
    0x0800bc00   0x0000016c   Code   RO         2917    i.display_sx1276_tx_pac_parm  sx1276.o
    0x0800bd6c   0x000000c8   Code   RO         6152    i.floor             m_ps.l(floor.o)
    0x0800be34   0x0000005a   Code   RO         3251    i.get_ins_ats_action  at.o
    0x0800be8e   0x00000066   Code   RO         3252    i.get_ins_param     at.o
    0x0800bef4   0x00000014   Code   RO         3547    i.halProcessKeyInterrupt  key_board.o
    0x0800bf08   0x0000000c   Code   RO         5017    i.main              main.o
    0x0800bf14   0x00000018   Code   RO         4350    i.memcpy1           utilities.o
    0x0800bf2c   0x0000001c   Code   RO         4351    i.memcpyr           utilities.o
    0x0800bf48   0x00000014   Code   RO         4352    i.memset1           utilities.o
    0x0800bf5c   0x00000284   Code   RO         6063    i.mix_sub_columns   NPLink_Mote_Mac_780.lib(aes.o)
    0x0800c1e0   0x000000b8   Code   RO         5233    i.onPhyEvent        NPLink_Mote_Mac_780.lib(loramac_osal.o)
    0x0800c298   0x0000005c   Code   RO         4815    i.osalAddTimer      osal_time.o
    0x0800c2f4   0x0000000a   Code   RO         4816    i.osalDeleteTimer   osal_time.o
    0x0800c2fe   0x00000002   PAD
    0x0800c300   0x00000024   Code   RO         4817    i.osalFindTimer     osal_time.o
    0x0800c324   0x00000038   Code   RO         4613    i.osalInitTasks     osal_app.o
    0x0800c35c   0x00000030   Code   RO         4414    i.osalTimeUpdate    osal.o
    0x0800c38c   0x0000000c   Code   RO         4818    i.osalTimerInit     osal_time.o
    0x0800c398   0x000000c0   Code   RO         4819    i.osalTimerUpdate   osal_time.o
    0x0800c458   0x0000000c   Code   RO         4820    i.osal_GetSystemClock  osal_time.o
    0x0800c464   0x00000050   Code   RO         4417    i.osal_clear_event  osal.o
    0x0800c4b4   0x00000020   Code   RO         4418    i.osal_init_system  osal.o
    0x0800c4d4   0x00000148   Code   RO         4656    i.osal_mem_alloc    osal_memory.o
    0x0800c61c   0x00000064   Code   RO         4657    i.osal_mem_free     osal_memory.o
    0x0800c680   0x00000074   Code   RO         4658    i.osal_mem_init     osal_memory.o
    0x0800c6f4   0x00000038   Code   RO         4659    i.osal_mem_kick     osal_memory.o
    0x0800c72c   0x0000001c   Code   RO         4422    i.osal_memcpy       osal.o
    0x0800c748   0x00000014   Code   RO         4424    i.osal_memset       osal.o
    0x0800c75c   0x0000002e   Code   RO         4425    i.osal_msg_allocate  osal.o
    0x0800c78a   0x00000028   Code   RO         4426    i.osal_msg_deallocate  osal.o
    0x0800c7b2   0x00000054   Code   RO         4428    i.osal_msg_enqueue  osal.o
    0x0800c806   0x00000054   Code   RO         4430    i.osal_msg_extract  osal.o
    0x0800c85a   0x00000002   PAD
    0x0800c85c   0x00000088   Code   RO         4433    i.osal_msg_receive  osal.o
    0x0800c8e4   0x00000064   Code   RO         4434    i.osal_msg_send     osal.o
    0x0800c948   0x00000020   Code   RO         4731    i.osal_mutex_updata  osal_mutex.o
    0x0800c968   0x00000050   Code   RO         4437    i.osal_set_event    osal.o
    0x0800c9b8   0x000000cc   Code   RO         4438    i.osal_start_system  osal.o
    0x0800ca84   0x0000003e   Code   RO         4822    i.osal_start_timerEx  osal_time.o
    0x0800cac2   0x00000046   Code   RO         4823    i.osal_stop_timerEx  osal_time.o
    0x0800cb08   0x0000019c   Code   RO         5921    i.phyInit           NPLink_Mote_Mac_780.lib(phymac.o)
    0x0800cca4   0x00000044   Code   RO         5922    i.phyRxDone         NPLink_Mote_Mac_780.lib(phymac.o)
    0x0800cce8   0x00000034   Code   RO         5923    i.phyRxError        NPLink_Mote_Mac_780.lib(phymac.o)
    0x0800cd1c   0x0000003c   Code   RO         5924    i.phyRxTimeout      NPLink_Mote_Mac_780.lib(phymac.o)
    0x0800cd58   0x00000034   Code   RO         5925    i.phySendFrame      NPLink_Mote_Mac_780.lib(phymac.o)
    0x0800cd8c   0x00000044   Code   RO         5926    i.phyTxDone         NPLink_Mote_Mac_780.lib(phymac.o)
    0x0800cdd0   0x00000034   Code   RO         5927    i.phyTxTimeout      NPLink_Mote_Mac_780.lib(phymac.o)
    0x0800ce04   0x00000030   Code   RO         4353    i.rand1             utilities.o
    0x0800ce34   0x0000001a   Code   RO         4354    i.randr             utilities.o
    0x0800ce4e   0x00000002   PAD
    0x0800ce50   0x0000009c   Code   RO         6155    i.round             m_ps.l(round.o)
    0x0800ceec   0x00000070   Code   RO         6064    i.shift_sub_rows    NPLink_Mote_Mac_780.lib(aes.o)
    0x0800cf5c   0x0000000c   Code   RO         4355    i.srand1            utilities.o
    0x0800cf68   0x00000082   Code   RO         6065    i.xor_block         NPLink_Mote_Mac_780.lib(aes.o)
    0x0800cfea   0x00000002   PAD
    0x0800cfec   0x0000001c   Data   RO          953    .constdata          stm32l0xx_hal_rcc.o
    0x0800d008   0x000000e0   Data   RO         2919    .constdata          sx1276.o
    0x0800d0e8   0x00000474   Data   RO         3680    .constdata          oled_board.o
    0x0800d55c   0x00000018   Data   RO         3814    .constdata          rtc_board.o
    0x0800d574   0x00000054   Data   RO         4062    .constdata          sx1276_board.o
    0x0800d5c8   0x00000011   Data   RO         4614    .constdata          osal_app.o
    0x0800d5d9   0x00000003   PAD
    0x0800d5dc   0x0000002c   Data   RO         5678    .constdata          NPLink_Mote_Mac_780.lib(loramac.o)
    0x0800d608   0x00000300   Data   RO         6066    .constdata          NPLink_Mote_Mac_780.lib(aes.o)
    0x0800d908   0x00000081   Data   RO         6503    .constdata          mc_p.l(ctype_o.o)
    0x0800d989   0x00000003   PAD
    0x0800d98c   0x00000004   Data   RO         6504    .constdata          mc_p.l(ctype_o.o)
    0x0800d990   0x00000020   Data   RO         6534    Region$$Table       anon$$obj.o


    Execution Region RW_IRAM1 (Base: 0x20000000, Size: 0x00001af0, Max: 0x00002000, ABSOLUTE, COMPRESSED[0x00000098])

    Base Addr    Size         Type   Attr      Idx    E Section Name        Object

    0x20000000   0x0000001d   Data   RW           14    .data               system_stm32l0xx.o
    0x2000001d   0x00000003   PAD
    0x20000020   0x00000004   Data   RW          172    .data               stm32l0xx_hal.o
    0x20000024   0x00000019   Data   RW          954    .data               stm32l0xx_hal_rcc.o
    0x2000003d   0x00000003   PAD
    0x20000040   0x0000001c   Data   RW         2920    .data               sx1276.o
    0x2000005c   0x00000006   Data   RW         3254    .data               at.o
    0x20000062   0x00000002   Data   RW         3548    .data               key_board.o
    0x20000064   0x00000002   Data   RW         3610    .data               led_board.o
    0x20000066   0x00000002   PAD
    0x20000068   0x00000014   Data   RW         3815    .data               rtc_board.o
    0x2000007c   0x00000001   Data   RW         4063    .data               sx1276_board.o
    0x2000007d   0x00000003   PAD
    0x20000080   0x00000008   Data   RW         4165    .data               timer.o
    0x20000088   0x00000002   Data   RW         4264    .data               uart_board.o
    0x2000008a   0x00000002   PAD
    0x2000008c   0x00000004   Data   RW         4356    .data               utilities.o
    0x20000090   0x00000005   Data   RW         4440    .data               osal.o
    0x20000095   0x00000003   PAD
    0x20000098   0x0000000c   Data   RW         4615    .data               osal_app.o
    0x200000a4   0x00000018   Data   RW         4661    .data               osal_memory.o
    0x200000bc   0x00000004   Data   RW         4732    .data               osal_mutex.o
    0x200000c0   0x00000002   Data   RW         4781    .data               osal_tick.o
    0x200000c2   0x00000002   PAD
    0x200000c4   0x00000008   Data   RW         4825    .data               osal_time.o
    0x200000cc   0x0000000c   Data   RW         4914    .data               app_osal.o
    0x200000d8   0x00000001   Data   RW         4983    .data               hal_osal.o
    0x200000d9   0x00000001   Data   RW         5193    .data               usart1_osal.o
    0x200000da   0x00000002   PAD
    0x200000dc   0x00000050   Data   RW         5235    .data               NPLink_Mote_Mac_780.lib(loramac_osal.o)
    0x2000012c   0x00000004   PAD
    0x20000130   0x00000121   Data   RW         5679    .data               NPLink_Mote_Mac_780.lib(loramac.o)
    0x20000251   0x00000003   PAD
    0x20000254   0x0000001f   Data   RW         5929    .data               NPLink_Mote_Mac_780.lib(phymac.o)
    0x20000273   0x00000020   Data   RW         6006    .data               NPLink_Mote_Mac_780.lib(loramaccrypto.o)
    0x20000293   0x00000001   PAD
    0x20000294   0x00000004   Data   RW         6487    .data               mc_p.l(errno.o)
    0x20000298   0x000001c4   Zero   RW         2918    .bss                sx1276.o
    0x2000045c   0x0000000c   Zero   RW         3253    .bss                at.o
    0x20000468   0x00000040   Zero   RW         3479    .bss                gpio_board.o
    0x200004a8   0x0000004c   Zero   RW         3516    .bss                iwdg_board.o
    0x200004f4   0x0000001c   Zero   RW         3609    .bss                led_board.o
    0x20000510   0x00000400   Zero   RW         3679    .bss                oled_board.o
    0x20000910   0x0000001c   Zero   RW         3813    .bss                rtc_board.o
    0x2000092c   0x00000054   Zero   RW         3986    .bss                spi_board.o
    0x20000980   0x000000d8   Zero   RW         4263    .bss                uart_board.o
    0x20000a58   0x00000400   Zero   RW         4660    .bss                osal_memory.o
    0x20000e58   0x00000100   Zero   RW         4913    .bss                app_osal.o
    0x20000f58   0x00000090   Zero   RW         5045    .bss                stm32l0xx_hal_msp.o
    0x20000fe8   0x00000044   Zero   RW         5234    .bss                NPLink_Mote_Mac_780.lib(loramac_osal.o)
    0x2000102c   0x00000004   PAD
    0x20001030   0x00000468   Zero   RW         5677    .bss                NPLink_Mote_Mac_780.lib(loramac.o)
    0x20001498   0x0000002c   Zero   RW         5928    .bss                NPLink_Mote_Mac_780.lib(phymac.o)
    0x200014c4   0x0000022c   Zero   RW         6005    .bss                NPLink_Mote_Mac_780.lib(loramaccrypto.o)
    0x200016f0   0x00000400   Zero   RW            1    STACK               startup_stm32l051xx.o


==============================================================================

Image component sizes


      Code (inc. data)   RO Data    RW Data    ZI Data      Debug   Object Name

      1236        158          0         12        256       6007   app_osal.o
       928         68          0          6         12       5216   at.o
        16          0          0          0          0        888   board.o
        32          4          0          0          0        574   delay.o
       226          0          0          0          0       3192   fifo.o
       196         24          0          0         64       1966   gpio_board.o
        86          6          0          1          0       1322   hal_osal.o
        52         18          0          0         76       1207   iwdg_board.o
       192         34          0          2          0       2655   key_board.o
       852         70          0          2         28       4598   led_board.o
        12          0          0          0          0        403   main.o
      1430         50       1140          0       1024       6973   oled_board.o
       994         64          0          5          0      12297   osal.o
        56          6         17         12          0       3149   osal_app.o
       600         70          0         24       1024       5774   osal_memory.o
        32          6          0          4          0        982   osal_mutex.o
         0          0          0          2          0        528   osal_tick.o
       498         26          0          8          0       8283   osal_time.o
      2288        194         24         20         28      12604   rtc_board.o
       480         42          0          0         84       4152   spi_board.o
        32         10        192          0       1024        676   startup_stm32l051xx.o
       136         14          0          4          0       3583   stm32l0xx_hal.o
       218         26          0          0          0       9957   stm32l0xx_hal_cortex.o
       504         30          0          0          0       2684   stm32l0xx_hal_gpio.o
       474         28          0          0          0       3107   stm32l0xx_hal_iwdg.o
       176         10          0          0        144       1770   stm32l0xx_hal_msp.o
        72          8          0          0          0        668   stm32l0xx_hal_pwr.o
        40          8          0          0          0       1025   stm32l0xx_hal_pwr_ex.o
      2572        102         28         25          0       6244   stm32l0xx_hal_rcc.o
       432         12          0          0          0       1380   stm32l0xx_hal_rcc_ex.o
      2386         54          0          0          0      10919   stm32l0xx_hal_rtc.o
       174          0          0          0          0       2170   stm32l0xx_hal_rtc_ex.o
      1888          0          0          0          0       6822   stm32l0xx_hal_spi.o
        28          0          0          0          0         76   stm32l0xx_hal_tim.o
      1360         66          0          0          0       4970   stm32l0xx_hal_uart.o
         2          0          0          0          0        964   stm32l0xx_hal_uart_ex.o
       368         30          0          0          0       4070   stm32l0xx_it.o
      7646        484        224         28        452      76735   sx1276.o
       680         68         84          1          0      10249   sx1276_board.o
       104         16          0         29          0     209553   system_stm32l0xx.o
       828         30          0          8          0       7571   timer.o
       606         64          0          2        216       5580   uart_board.o
        72         10          0          1          0       1300   usart1_osal.o
       158         24          0          4          0       3583   utilities.o

    ----------------------------------------------------------------------
     31216       1934       1744        220       4432     458426   Object Totals
         0          0         32          0          0          0   (incl. Generated)
        54          0          3         20          0          0   (incl. Padding)

    ----------------------------------------------------------------------

      Code (inc. data)   RO Data    RW Data    ZI Data      Debug   Library Member Name

      1498         22        768          0          0      13696   aes.o
       746          0          0          0          0       3601   cmac.o
     11692       1458         44        289       1128      40253   loramac.o
      1588        182          0         80         68     125131   loramac_osal.o
       696         46          0         32        556       6551   loramaccrypto.o
       932         82          0          0          0       4477   loramacusr.o
       764        186          0         31         44       5789   phymac.o
       200         20          0          0          0         76   ceil.o
       200         20          0          0          0         76   floor.o
       156         14          0          0          0         84   round.o
        86          0          0          0          0          0   __dczerorl2.o
        30          0          0          0          0         60   _chval.o
       166          0          0          0          0         84   _strtoul.o
        26          0          0          0          0         72   atoi.o
         8          4        133          0          0         60   ctype_o.o
         0          0          0          0          0          0   entry.o
         0          0          0          0          0          0   entry10a.o
         0          0          0          0          0          0   entry11a.o
         8          4          0          0          0          0   entry2.o
         4          0          0          0          0          0   entry5.o
         0          0          0          0          0          0   entry7b.o
         0          0          0          0          0          0   entry8b.o
         8          4          0          0          0          0   entry9a.o
         8          4          0          4          0         60   errno.o
        30          0          0          0          0          0   handlers.o
        40          0          0          0          0         72   idiv.o
        36          8          0          0          0         68   init.o
         0          0          0          0          0          0   iusefp.o
       122          0          0          0          0         84   llmul.o
        32          0          0          0          0         68   llshl.o
        38          0          0          0          0         68   llsshr.o
        34          0          0          0          0         68   llushr.o
        36          0          0          0          0         60   memcpya.o
        36          0          0          0          0        100   memseta.o
       782         48          0          0          0        228   printf5.o
        14          0          0          0          0         60   strlen.o
       112          4          0          0          0         76   strtol.o
        44          0          0          0          0         72   uidiv.o
        96          0          0          0          0         84   uldiv.o
        40          2          0          0          0         68   cdcmple.o
        40          2          0          0          0         68   cdrcmple.o
       356          4          0          0          0        140   dadd.o
       240          6          0          0          0         84   ddiv.o
       236          0          0          0          0        216   depilogue.o
        72         10          0          0          0         72   dfixi.o
        60         10          0          0          0         68   dfixui.o
        64         10          0          0          0         68   dfixul.o
        40          6          0          0          0         68   dflti.o
        28          4          0          0          0         68   dfltui.o
        28          6          0          0          0         68   dfltul.o
       208          6          0          0          0         88   dmul.o
       124         10          0          0          0         76   drnd.o

    ----------------------------------------------------------------------
     21820       2182        948        444       1800     202330   Library Totals
        16          0          3          8          4          0   (incl. Padding)

    ----------------------------------------------------------------------

      Code (inc. data)   RO Data    RW Data    ZI Data      Debug   Library Name

     17916       1976        812        432       1796     199498   NPLink_Mote_Mac_780.lib
       556         54          0          0          0        236   m_ps.l
      1796         76        133          4          0       1444   mc_p.l
      1536         76          0          0          0       1152   mf_p.l

    ----------------------------------------------------------------------
     21820       2182        948        444       1800     202330   Library Totals

    ----------------------------------------------------------------------

==============================================================================


      Code (inc. data)   RO Data    RW Data    ZI Data      Debug   

     53036       4116       2692        664       6232     645344   Grand Totals
     53036       4116       2692        152       6232     645344   ELF Image Totals (compressed)
     53036       4116       2692        152          0          0   ROM Totals

==============================================================================

    Total RO  Size (Code + RO Data)                55728 (  54.42kB)
    Total RW  Size (RW Data + ZI Data)              6896 (   6.73kB)
    Total ROM Size (Code + RO Data + RW Data)      55880 (  54.57kB)

==============================================================================

