Product: MDK-ARM Professional 5.10
Component: ARM Compiler 5.04 update 1 (build 49)
Tool: armlink [5040049]

==============================================================================

Section Cross References

    startup_stm32l051xx.o(RESET) refers to startup_stm32l051xx.o(STACK) for __initial_sp
    startup_stm32l051xx.o(RESET) refers to startup_stm32l051xx.o(.text) for Reset_Handler
    startup_stm32l051xx.o(RESET) refers to stm32l0xx_it.o(i.NMI_Handler) for NMI_Handler
    startup_stm32l051xx.o(RESET) refers to stm32l0xx_it.o(i.HardFault_Handler) for HardFault_Handler
    startup_stm32l051xx.o(RESET) refers to stm32l0xx_it.o(i.SVC_Handler) for SVC_Handler
    startup_stm32l051xx.o(RESET) refers to stm32l0xx_it.o(i.DebugMon_Handler) for DebugMon_Handler
    startup_stm32l051xx.o(RESET) refers to stm32l0xx_it.o(i.PendSV_Handler) for PendSV_Handler
    startup_stm32l051xx.o(RESET) refers to stm32l0xx_it.o(i.SysTick_Handler) for SysTick_Handler
    startup_stm32l051xx.o(RESET) refers to stm32l0xx_it.o(i.RTC_IRQHandler) for RTC_IRQHandler
    startup_stm32l051xx.o(RESET) refers to gpio_board.o(i.EXTI0_1_IRQHandler) for EXTI0_1_IRQHandler
    startup_stm32l051xx.o(RESET) refers to gpio_board.o(i.EXTI2_3_IRQHandler) for EXTI2_3_IRQHandler
    startup_stm32l051xx.o(RESET) refers to gpio_board.o(i.EXTI4_15_IRQHandler) for EXTI4_15_IRQHandler
    startup_stm32l051xx.o(RESET) refers to stm32l0xx_it.o(i.TIM2_IRQHandler) for TIM2_IRQHandler
    startup_stm32l051xx.o(RESET) refers to stm32l0xx_it.o(i.USART1_IRQHandler) for USART1_IRQHandler
    startup_stm32l051xx.o(.text) refers to system_stm32l0xx.o(i.SystemInit) for SystemInit
    startup_stm32l051xx.o(.text) refers to entry.o(.ARM.Collect$$$$00000000) for __main
    system_stm32l0xx.o(i.SystemCoreClockUpdate) refers to uidiv.o(.text) for __aeabi_uidivmod
    system_stm32l0xx.o(i.SystemCoreClockUpdate) refers to system_stm32l0xx.o(.data) for SystemCoreClock
    stm32l0xx_hal_rtc_ex.o(i.HAL_RTCEx_DeactivateRefClock) refers to stm32l0xx_hal_rtc.o(i.RTC_EnterInitMode) for RTC_EnterInitMode
    stm32l0xx_hal_rtc_ex.o(i.HAL_RTCEx_DeactivateWakeUpTimer) refers to stm32l0xx_hal.o(i.HAL_GetTick) for HAL_GetTick
    stm32l0xx_hal_rtc_ex.o(i.HAL_RTCEx_GetTimeStamp) refers to stm32l0xx_hal_rtc.o(i.RTC_Bcd2ToByte) for RTC_Bcd2ToByte
    stm32l0xx_hal_rtc_ex.o(i.HAL_RTCEx_PollForAlarmBEvent) refers to stm32l0xx_hal.o(i.HAL_GetTick) for HAL_GetTick
    stm32l0xx_hal_rtc_ex.o(i.HAL_RTCEx_PollForTamper1Event) refers to stm32l0xx_hal.o(i.HAL_GetTick) for HAL_GetTick
    stm32l0xx_hal_rtc_ex.o(i.HAL_RTCEx_PollForTamper2Event) refers to stm32l0xx_hal.o(i.HAL_GetTick) for HAL_GetTick
    stm32l0xx_hal_rtc_ex.o(i.HAL_RTCEx_PollForTimeStampEvent) refers to stm32l0xx_hal.o(i.HAL_GetTick) for HAL_GetTick
    stm32l0xx_hal_rtc_ex.o(i.HAL_RTCEx_PollForWakeUpTimerEvent) refers to stm32l0xx_hal.o(i.HAL_GetTick) for HAL_GetTick
    stm32l0xx_hal_rtc_ex.o(i.HAL_RTCEx_SetRefClock) refers to stm32l0xx_hal_rtc.o(i.RTC_EnterInitMode) for RTC_EnterInitMode
    stm32l0xx_hal_rtc_ex.o(i.HAL_RTCEx_SetSmoothCalib) refers to stm32l0xx_hal.o(i.HAL_GetTick) for HAL_GetTick
    stm32l0xx_hal_rtc_ex.o(i.HAL_RTCEx_SetSynchroShift) refers to stm32l0xx_hal.o(i.HAL_GetTick) for HAL_GetTick
    stm32l0xx_hal_rtc_ex.o(i.HAL_RTCEx_SetSynchroShift) refers to stm32l0xx_hal_rtc.o(i.HAL_RTC_WaitForSynchro) for HAL_RTC_WaitForSynchro
    stm32l0xx_hal_rtc_ex.o(i.HAL_RTCEx_SetWakeUpTimer) refers to stm32l0xx_hal.o(i.HAL_GetTick) for HAL_GetTick
    stm32l0xx_hal_rtc_ex.o(i.HAL_RTCEx_SetWakeUpTimer_IT) refers to stm32l0xx_hal.o(i.HAL_GetTick) for HAL_GetTick
    stm32l0xx_hal_rtc_ex.o(i.HAL_RTCEx_TamperTimeStampIRQHandler) refers to stm32l0xx_hal_rtc_ex.o(i.HAL_RTCEx_TimeStampEventCallback) for HAL_RTCEx_TimeStampEventCallback
    stm32l0xx_hal_rtc_ex.o(i.HAL_RTCEx_TamperTimeStampIRQHandler) refers to stm32l0xx_hal_rtc_ex.o(i.HAL_RTCEx_Tamper1EventCallback) for HAL_RTCEx_Tamper1EventCallback
    stm32l0xx_hal_rtc_ex.o(i.HAL_RTCEx_TamperTimeStampIRQHandler) refers to stm32l0xx_hal_rtc_ex.o(i.HAL_RTCEx_Tamper2EventCallback) for HAL_RTCEx_Tamper2EventCallback
    stm32l0xx_hal_rtc_ex.o(i.HAL_RTCEx_WakeUpTimerIRQHandler) refers to rtc_board.o(i.HAL_RTCEx_WakeUpTimerEventCallback) for HAL_RTCEx_WakeUpTimerEventCallback
    stm32l0xx_hal_spi.o(i.HAL_SPI_DMAStop) refers to stm32l0xx_hal_dma.o(i.HAL_DMA_Abort) for HAL_DMA_Abort
    stm32l0xx_hal_spi.o(i.HAL_SPI_DeInit) refers to stm32l0xx_hal_spi.o(i.HAL_SPI_MspDeInit) for HAL_SPI_MspDeInit
    stm32l0xx_hal_spi.o(i.HAL_SPI_IRQHandler) refers to stm32l0xx_hal_spi.o(i.HAL_SPI_ErrorCallback) for HAL_SPI_ErrorCallback
    stm32l0xx_hal_spi.o(i.HAL_SPI_Init) refers to stm32l0xx_hal_spi.o(i.HAL_SPI_MspInit) for HAL_SPI_MspInit
    stm32l0xx_hal_spi.o(i.HAL_SPI_Receive) refers to stm32l0xx_hal_spi.o(i.HAL_SPI_TransmitReceive) for HAL_SPI_TransmitReceive
[...]
    AckTimeoutRetries                        0x2000023c   Data           1  loramac.o(.data)
    AckTimeoutRetriesCounter                 0x2000023d   Data           1  loramac.o(.data)
    AckTimeoutRetry                          0x2000023e   Data           1  loramac.o(.data)
    .data                                    0x20000248   Section       32  loramaccrypto.o(.data)
    MicBlockB0                               0x20000248   Data          16  loramaccrypto.o(.data)
    aBlock                                   0x20000258   Data          16  loramaccrypto.o(.data)
    .data                                    0x20000268   Section        4  cmac.o(.data)
    .bss                                     0x2000026c   Section      444  sx1276.o(.bss)
    RxBuffer                                 0x2000028c   Data         256  sx1276.o(.bss)
    .bss                                     0x20000428   Section       64  gpio_board.o(.bss)
    .bss                                     0x20000468   Section       28  led_board.o(.bss)
    HalLedStatusControl                      0x20000468   Data          28  led_board.o(.bss)
    .bss                                     0x20000484   Section     1024  oled_board.o(.bss)
    .bss                                     0x20000884   Section       84  spi_board.o(.bss)
    .bss                                     0x200008d8   Section       56  timer_board.o(.bss)
    .bss                                     0x20000910   Section       70  uart_board.o(.bss)
    .bss                                     0x20000958   Section     1024  osal_memory.o(.bss)
    _theHeap                                 0x20000958   Data        1024  osal_memory.o(.bss)
    .bss                                     0x20000d58   Section      144  app_osal.o(.bss)
    .bss                                     0x20000de8   Section      144  stm32l0xx_hal_msp.o(.bss)
    .bss                                     0x20000e78   Section       20  loramac_osal.o(.bss)
    TxNextPacketTimer                        0x20000e78   Data          20  loramac_osal.o(.bss)
    .bss                                     0x20000e8c   Section      600  loramac.o(.bss)
    LoRaMacNwkSKey                           0x20000e8c   Data          16  loramac.o(.bss)
    LoRaMacAppSKey                           0x20000e9c   Data          16  loramac.o(.bss)
    LoRaMacBuffer                            0x20000eac   Data         128  loramac.o(.bss)
    LoRaMacPayload                           0x20000f2c   Data         128  loramac.o(.bss)
    LoRaMacRxPayload                         0x20000fac   Data         128  loramac.o(.bss)
    MacCommandsBuffer                        0x2000102c   Data          15  loramac.o(.bss)
    MacStateCheckTimer                       0x2000103c   Data          20  loramac.o(.bss)
    RadioEvents                              0x20001064   Data          28  loramac.o(.bss)
    ChannelCheckTimer                        0x20001080   Data          20  loramac.o(.bss)
    TxDelayedTimer                           0x20001094   Data          20  loramac.o(.bss)
    RxWindowTimer1                           0x200010a8   Data          20  loramac.o(.bss)
    RxWindowTimer2                           0x200010bc   Data          20  loramac.o(.bss)
    AckTimeoutTimer                          0x200010d0   Data          20  loramac.o(.bss)
    .bss                                     0x200010e4   Section      556  loramaccrypto.o(.bss)
    Mic                                      0x200010e4   Data          16  loramaccrypto.o(.bss)
    sBlock                                   0x200010f4   Data          16  loramaccrypto.o(.bss)
    AesContext                               0x20001104   Data         241  loramaccrypto.o(.bss)
    AesCmacCtx                               0x200011f8   Data         280  loramaccrypto.o(.bss)
    STACK                                    0x20001310   Section     1024  startup_stm32l051xx.o(STACK)

    Global Symbols

    Symbol Name                              Value     Ov Type        Size  Object(Section)

    BuildAttributes$$THM_ISAv3M$S$PE$A:L22$X:L11$S22$IEEE1$IW$USESV6$~STKCKD$USESV7$~SHL$OTIME$ROPI$IEEEJ$EBA8$MICROLIB$REQ8$PRES8$EABIv2 0x00000000   Number         0  anon$$obj.o ABSOLUTE
    __ARM_use_no_argv                        0x00000000   Number         0  main.o ABSOLUTE
    _printf_a                                0x00000000   Number         0  stubs.o ABSOLUTE
    _printf_c                                0x00000000   Number         0  stubs.o ABSOLUTE
    _printf_charcount                        0x00000000   Number         0  stubs.o ABSOLUTE
    _printf_d                                0x00000000   Number         0  stubs.o ABSOLUTE
    _printf_e                                0x00000000   Number         0  stubs.o ABSOLUTE
    _printf_f                                0x00000000   Number         0  stubs.o ABSOLUTE
    _printf_flags                            0x00000000   Number         0  stubs.o ABSOLUTE
    _printf_fp_dec                           0x00000000   Number         0  stubs.o ABSOLUTE
    _printf_fp_hex                           0x00000000   Number         0  stubs.o ABSOLUTE
    _printf_g                                0x00000000   Number         0  stubs.o ABSOLUTE
    _printf_i                                0x00000000   Number         0  stubs.o ABSOLUTE
    _printf_int_dec                          0x00000000   Number         0  stubs.o ABSOLUTE
    _printf_l                                0x00000000   Number         0  stubs.o ABSOLUTE
    _printf_lc                               0x00000000   Number         0  stubs.o ABSOLUTE
    _printf_ll                               0x00000000   Number         0  stubs.o ABSOLUTE
    _printf_lld                              0x00000000   Number         0  stubs.o ABSOLUTE
    _printf_lli                              0x00000000   Number         0  stubs.o ABSOLUTE
    _printf_llo                              0x00000000   Number         0  stubs.o ABSOLUTE
    _printf_llu                              0x00000000   Number         0  stubs.o ABSOLUTE
    _printf_llx                              0x00000000   Number         0  stubs.o ABSOLUTE
    _printf_longlong_dec                     0x00000000   Number         0  stubs.o ABSOLUTE
    _printf_longlong_hex                     0x00000000   Number         0  stubs.o ABSOLUTE
    _printf_longlong_oct                     0x00000000   Number         0  stubs.o ABSOLUTE
    _printf_ls                               0x00000000   Number         0  stubs.o ABSOLUTE
    _printf_mbtowc                           0x00000000   Number         0  stubs.o ABSOLUTE
    _printf_n                                0x00000000   Number         0  stubs.o ABSOLUTE
    _printf_o                                0x00000000   Number         0  stubs.o ABSOLUTE
    _printf_p                                0x00000000   Number         0  stubs.o ABSOLUTE
    _printf_percent                          0x00000000   Number         0  stubs.o ABSOLUTE
    _printf_pre_padding                      0x00000000   Number         0  stubs.o ABSOLUTE
    _printf_return_value                     0x00000000   Number         0  stubs.o ABSOLUTE
    _printf_s                                0x00000000   Number         0  stubs.o ABSOLUTE
    _printf_sizespec                         0x00000000   Number         0  stubs.o ABSOLUTE
    _printf_str                              0x00000000   Number         0  stubs.o ABSOLUTE
    _printf_truncate_signed                  0x00000000   Number         0  stubs.o ABSOLUTE
    _printf_truncate_unsigned                0x00000000   Number         0  stubs.o ABSOLUTE
    _printf_u                                0x00000000   Number         0  stubs.o ABSOLUTE
    _printf_wc                               0x00000000   Number         0  stubs.o ABSOLUTE
    _printf_wctomb                           0x00000000   Number         0  stubs.o ABSOLUTE
    _printf_widthprec                        0x00000000   Number         0  stubs.o ABSOLUTE
    _printf_x                                0x00000000   Number         0  stubs.o ABSOLUTE
    __cpp_initialize__aeabi_                  - Undefined Weak Reference
    __cxa_finalize                            - Undefined Weak Reference
    _clock_init                               - Undefined Weak Reference
    _microlib_exit                            - Undefined Weak Reference
    __Vectors_Size                           0x000000c0   Number         0  startup_stm32l051xx.o ABSOLUTE
    __Vectors                                0x08000000   Data           4  startup_stm32l051xx.o(RESET)
    __Vectors_End                            0x080000c0   Data           0  startup_stm32l051xx.o(RESET)
    __main                                   0x080000c1   Thumb Code     0  entry.o(.ARM.Collect$$$$00000000)
    _main_stk                                0x080000c1   Thumb Code     0  entry2.o(.ARM.Collect$$$$00000001)
    _main_scatterload                        0x080000c5   Thumb Code     0  entry5.o(.ARM.Collect$$$$00000004)
    __main_after_scatterload                 0x080000c9   Thumb Code     0  entry5.o(.ARM.Collect$$$$00000004)
    _main_clock                              0x080000c9   Thumb Code     0  entry7b.o(.ARM.Collect$$$$00000008)
    _main_cpp_init                           0x080000c9   Thumb Code     0  entry8b.o(.ARM.Collect$$$$0000000A)
    _main_init                               0x080000c9   Thumb Code     0  entry9a.o(.ARM.Collect$$$$0000000B)
    __rt_final_cpp                           0x080000d1   Thumb Code     0  entry10a.o(.ARM.Collect$$$$0000000D)
    __rt_final_exit                          0x080000d1   Thumb Code     0  entry11a.o(.ARM.Collect$$$$0000000F)
    Reset_Handler                            0x080000d5   Thumb Code     8  startup_stm32l051xx.o(.text)
    ADC1_COMP_IRQHandler                     0x080000e9   Thumb Code     0  startup_stm32l051xx.o(.text)
    DMA1_Channel1_IRQHandler                 0x080000e9   Thumb Code     0  startup_stm32l051xx.o(.text)
    DMA1_Channel2_3_IRQHandler               0x080000e9   Thumb Code     0  startup_stm32l051xx.o(.text)
    DMA1_Channel4_5_6_7_IRQHandler           0x080000e9   Thumb Code     0  startup_stm32l051xx.o(.text)
    FLASH_IRQHandler                         0x080000e9   Thumb Code     0  startup_stm32l051xx.o(.text)
    I2C1_IRQHandler                          0x080000e9   Thumb Code     0  startup_stm32l051xx.o(.text)
    I2C2_IRQHandler                          0x080000e9   Thumb Code     0  startup_stm32l051xx.o(.text)
    LPTIM1_IRQHandler                        0x080000e9   Thumb Code     0  startup_stm32l051xx.o(.text)
    LPUART1_IRQHandler                       0x080000e9   Thumb Code     0  startup_stm32l051xx.o(.text)
    PVD_IRQHandler                           0x080000e9   Thumb Code     0  startup_stm32l051xx.o(.text)
    RCC_IRQHandler                           0x080000e9   Thumb Code     0  startup_stm32l051xx.o(.text)
    SPI1_IRQHandler                          0x080000e9   Thumb Code     0  startup_stm32l051xx.o(.text)
    SPI2_IRQHandler                          0x080000e9   Thumb Code     0  startup_stm32l051xx.o(.text)
    TIM21_IRQHandler                         0x080000e9   Thumb Code     0  startup_stm32l051xx.o(.text)
    TIM22_IRQHandler                         0x080000e9   Thumb Code     0  startup_stm32l051xx.o(.text)
    TIM6_IRQHandler                          0x080000e9   Thumb Code     0  startup_stm32l051xx.o(.text)
    USART2_IRQHandler                        0x080000e9   Thumb Code     0  startup_stm32l051xx.o(.text)
    WWDG_IRQHandler                          0x080000e9   Thumb Code     0  startup_stm32l051xx.o(.text)
    __aeabi_uidiv                            0x080000f5   Thumb Code     0  uidiv.o(.text)
    __aeabi_uidivmod                         0x080000f5   Thumb Code    44  uidiv.o(.text)
    __aeabi_idiv                             0x08000121   Thumb Code     0  idiv.o(.text)
    __aeabi_idivmod                          0x08000121   Thumb Code    40  idiv.o(.text)
    __aeabi_lmul                             0x08000149   Thumb Code   122  llmul.o(.text)
    _ll_mul                                  0x08000149   Thumb Code     0  llmul.o(.text)
    __aeabi_memcpy                           0x080001c3   Thumb Code    36  memcpya.o(.text)
    __aeabi_memcpy4                          0x080001c3   Thumb Code     0  memcpya.o(.text)
    __aeabi_memcpy8                          0x080001c3   Thumb Code     0  memcpya.o(.text)
    __aeabi_memset                           0x080001e7   Thumb Code    14  memseta.o(.text)
    __aeabi_memset4                          0x080001e7   Thumb Code     0  memseta.o(.text)
    __aeabi_memset8                          0x080001e7   Thumb Code     0  memseta.o(.text)
    __aeabi_memclr                           0x080001f5   Thumb Code     4  memseta.o(.text)
    __aeabi_memclr4                          0x080001f5   Thumb Code     0  memseta.o(.text)
    __aeabi_memclr8                          0x080001f5   Thumb Code     0  memseta.o(.text)
    memset                                   0x080001f9   Thumb Code    18  memseta.o(.text)
    strlen                                   0x0800020b   Thumb Code    14  strlen.o(.text)
    __aeabi_uread4                           0x08000219   Thumb Code    20  uread4.o(.text)
    __rt_uread4                              0x08000219   Thumb Code     0  uread4.o(.text)
    _uread4                                  0x08000219   Thumb Code     0  uread4.o(.text)
    __aeabi_uread8                           0x0800022d   Thumb Code    28  uread8.o(.text)
    __rt_uread8                              0x0800022d   Thumb Code     0  uread8.o(.text)
    _uread8                                  0x0800022d   Thumb Code     0  uread8.o(.text)
    __aeabi_uwrite4                          0x08000249   Thumb Code    18  uwrite4.o(.text)
    __rt_uwrite4                             0x08000249   Thumb Code     0  uwrite4.o(.text)
    _uwrite4                                 0x08000249   Thumb Code     0  uwrite4.o(.text)
    __aeabi_uwrite8                          0x0800025b   Thumb Code    30  uwrite8.o(.text)
    __rt_uwrite8                             0x0800025b   Thumb Code     0  uwrite8.o(.text)
    _uwrite8                                 0x0800025b   Thumb Code     0  uwrite8.o(.text)
    __aeabi_dadd                             0x08000279   Thumb Code   328  dadd.o(.text)
    __aeabi_dsub                             0x080003c1   Thumb Code    12  dadd.o(.text)
    __aeabi_drsub                            0x080003cd   Thumb Code    12  dadd.o(.text)
    __aeabi_dmul                             0x080003dd   Thumb Code   202  dmul.o(.text)
    __aeabi_ddiv                             0x080004ad   Thumb Code   234  ddiv.o(.text)
    __aeabi_i2d                              0x0800059d   Thumb Code    34  dflti.o(.text)
    __aeabi_ui2d                             0x080005c5   Thumb Code    24  dfltui.o(.text)
    __aeabi_ul2d                             0x080005e1   Thumb Code    22  dfltul.o(.text)
    __aeabi_d2iz                             0x080005fd   Thumb Code    62  dfixi.o(.text)
    __aeabi_d2uiz                            0x08000645   Thumb Code    50  dfixui.o(.text)
    __aeabi_d2ulz                            0x08000681   Thumb Code    54  dfixul.o(.text)
    __aeabi_cdcmpeq                          0x080006c1   Thumb Code     0  cdcmple.o(.text)
    __aeabi_cdcmple                          0x080006c1   Thumb Code    38  cdcmple.o(.text)
    __aeabi_cdrcmple                         0x080006e9   Thumb Code    38  cdrcmple.o(.text)
    __aeabi_uldivmod                         0x08000711   Thumb Code    96  uldiv.o(.text)
    __aeabi_llsl                             0x08000771   Thumb Code    32  llshl.o(.text)
    _ll_shift_l                              0x08000771   Thumb Code     0  llshl.o(.text)
    __aeabi_llsr                             0x08000791   Thumb Code    34  llushr.o(.text)
    _ll_ushift_r                             0x08000791   Thumb Code     0  llushr.o(.text)
    __aeabi_lasr                             0x080007b3   Thumb Code    38  llsshr.o(.text)
    _ll_sshift_r                             0x080007b3   Thumb Code     0  llsshr.o(.text)
    __I$use$fp                               0x080007d9   Thumb Code     0  iusefp.o(.text)
    _double_round                            0x080007d9   Thumb Code    26  depilogue.o(.text)
    _double_epilogue                         0x080007f3   Thumb Code   164  depilogue.o(.text)
    _drnd                                    0x08000899   Thumb Code   114  drnd.o(.text)
    __scatterload                            0x08000915   Thumb Code    28  init.o(.text)
    __scatterload_rt2                        0x08000915   Thumb Code     0  init.o(.text)
    __decompress                             0x08000939   Thumb Code     0  __dczerorl2.o(.text)
    __decompress1                            0x08000939   Thumb Code    86  __dczerorl2.o(.text)
    AES_CMAC_Final                           0x0800098f   Thumb Code   452  cmac.o(i.AES_CMAC_Final)
    AES_CMAC_Init                            0x08000b53   Thumb Code    34  cmac.o(i.AES_CMAC_Init)
    AES_CMAC_SetKey                          0x08000b75   Thumb Code    18  cmac.o(i.AES_CMAC_SetKey)
    AES_CMAC_Update                          0x08000b89   Thumb Code   252  cmac.o(i.AES_CMAC_Update)
    APP_Init                                 0x08000c89   Thumb Code    58  app_osal.o(i.APP_Init)
    APP_ProcessEvent                         0x08000cd1   Thumb Code   542  app_osal.o(i.APP_ProcessEvent)
    APP_ShowMoteID                           0x08000f35   Thumb Code   102  app_osal.o(i.APP_ShowMoteID)
    BoardMeasureBatterieLevel                0x08001055   Thumb Code    16  board.o(i.BoardMeasureBatterieLevel)
    DebugMon_Handler                         0x08001065   Thumb Code     2  stm32l0xx_it.o(i.DebugMon_Handler)
    DelayMs                                  0x08001067   Thumb Code    12  delay.o(i.DelayMs)
    EXTI0_1_IRQHandler                       0x08001075   Thumb Code    80  gpio_board.o(i.EXTI0_1_IRQHandler)
    EXTI2_3_IRQHandler                       0x080010cd   Thumb Code    48  gpio_board.o(i.EXTI2_3_IRQHandler)
    EXTI4_15_IRQHandler                      0x08001105   Thumb Code    80  gpio_board.o(i.EXTI4_15_IRQHandler)
    HAL_Delay                                0x08001191   Thumb Code    26  stm32l0xx_hal.o(i.HAL_Delay)
    HAL_GPIO_EXTI_Callback                   0x080011ad   Thumb Code    32  key_board.o(i.HAL_GPIO_EXTI_Callback)
    HAL_GPIO_Init                            0x080011d1   Thumb Code   462  stm32l0xx_hal_gpio.o(i.HAL_GPIO_Init)
    HAL_GPIO_WritePin                        0x080013bd   Thumb Code    12  stm32l0xx_hal_gpio.o(i.HAL_GPIO_WritePin)
    HAL_GetTick                              0x080013c9   Thumb Code     6  stm32l0xx_hal.o(i.HAL_GetTick)
    HAL_IncTick                              0x080013d5   Thumb Code    12  stm32l0xx_hal.o(i.HAL_IncTick)
    HAL_Init                                 0x080013e5   Thumb Code    40  stm32l0xx_hal.o(i.HAL_Init)
    HAL_InitTick                             0x08001411   Thumb Code    38  stm32l0xx_hal.o(i.HAL_InitTick)
    HAL_MspInit                              0x08001437   Thumb Code    46  stm32l0xx_hal_msp.o(i.HAL_MspInit)
    HAL_NVIC_EnableIRQ                       0x08001465   Thumb Code    18  stm32l0xx_hal_cortex.o(i.HAL_NVIC_EnableIRQ)
    HAL_NVIC_SetPriority                     0x0800147d   Thumb Code    18  stm32l0xx_hal_cortex.o(i.HAL_NVIC_SetPriority)
    HAL_RCC_ClockConfig                      0x08001491   Thumb Code   748  stm32l0xx_hal_rcc.o(i.HAL_RCC_ClockConfig)
    HAL_RCC_GetHCLKFreq                      0x08001789   Thumb Code    32  stm32l0xx_hal_rcc.o(i.HAL_RCC_GetHCLKFreq)
    HAL_RCC_GetOscConfig                     0x080017b5   Thumb Code   290  stm32l0xx_hal_rcc.o(i.HAL_RCC_GetOscConfig)
    HAL_RCC_GetPCLK1Freq                     0x080018dd   Thumb Code    26  stm32l0xx_hal_rcc.o(i.HAL_RCC_GetPCLK1Freq)
    HAL_RCC_GetPCLK2Freq                     0x08001901   Thumb Code    26  stm32l0xx_hal_rcc.o(i.HAL_RCC_GetPCLK2Freq)
    HAL_RCC_GetSysClockFreq                  0x08001925   Thumb Code   180  stm32l0xx_hal_rcc.o(i.HAL_RCC_GetSysClockFreq)
    HAL_RCC_OscConfig                        0x080019f1   Thumb Code  1478  stm32l0xx_hal_rcc.o(i.HAL_RCC_OscConfig)
    HAL_RTCEx_AlarmBEventCallback            0x08001fc5   Thumb Code     2  stm32l0xx_hal_rtc_ex.o(i.HAL_RTCEx_AlarmBEventCallback)
    HAL_RTC_AlarmAEventCallback              0x08001fc7   Thumb Code    14  rtc_board.o(i.HAL_RTC_AlarmAEventCallback)
    HAL_RTC_AlarmIRQHandler                  0x08001fd5   Thumb Code   120  stm32l0xx_hal_rtc.o(i.HAL_RTC_AlarmIRQHandler)
    HAL_RTC_GetDate                          0x08002059   Thumb Code    88  stm32l0xx_hal_rtc.o(i.HAL_RTC_GetDate)
    HAL_RTC_GetTime                          0x080020b5   Thumb Code    94  stm32l0xx_hal_rtc.o(i.HAL_RTC_GetTime)
    HAL_RTC_SetAlarm_IT                      0x08002119   Thumb Code   588  stm32l0xx_hal_rtc.o(i.HAL_RTC_SetAlarm_IT)
    HAL_RTC_WaitForSynchro                   0x08002371   Thumb Code    58  stm32l0xx_hal_rtc.o(i.HAL_RTC_WaitForSynchro)
    HAL_SPI_DeInit                           0x080023ab   Thumb Code    58  stm32l0xx_hal_spi.o(i.HAL_SPI_DeInit)
    HAL_SPI_GetState                         0x080023e5   Thumb Code     8  stm32l0xx_hal_spi.o(i.HAL_SPI_GetState)
    HAL_SPI_Init                             0x080023ed   Thumb Code   138  stm32l0xx_hal_spi.o(i.HAL_SPI_Init)
    HAL_SPI_MspDeInit                        0x08002477   Thumb Code     2  stm32l0xx_hal_spi.o(i.HAL_SPI_MspDeInit)
    HAL_SPI_MspInit                          0x08002479   Thumb Code     2  stm32l0xx_hal_spi.o(i.HAL_SPI_MspInit)
    HAL_SPI_Transmit                         0x0800247b   Thumb Code   478  stm32l0xx_hal_spi.o(i.HAL_SPI_Transmit)
    HAL_SPI_TransmitReceive                  0x08002659   Thumb Code   922  stm32l0xx_hal_spi.o(i.HAL_SPI_TransmitReceive)
    HAL_SYSTICK_Config                       0x080029f5   Thumb Code    46  stm32l0xx_hal_cortex.o(i.HAL_SYSTICK_Config)
    HAL_TIM_Base_Init                        0x08002a2d   Thumb Code    50  stm32l0xx_hal_tim.o(i.HAL_TIM_Base_Init)
    HAL_TIM_Base_MspInit                     0x08002a61   Thumb Code    34  stm32l0xx_hal_msp.o(i.HAL_TIM_Base_MspInit)
    HAL_TIM_Base_Start_IT                    0x08002a89   Thumb Code    30  stm32l0xx_hal_tim.o(i.HAL_TIM_Base_Start_IT)
    HAL_TIM_IC_CaptureCallback               0x08002aa7   Thumb Code     2  stm32l0xx_hal_tim.o(i.HAL_TIM_IC_CaptureCallback)
    HAL_TIM_IRQHandler                       0x08002aa9   Thumb Code   380  stm32l0xx_hal_tim.o(i.HAL_TIM_IRQHandler)
    HAL_TIM_OC_DelayElapsedCallback          0x08002c25   Thumb Code     2  stm32l0xx_hal_tim.o(i.HAL_TIM_OC_DelayElapsedCallback)
    HAL_TIM_PWM_PulseFinishedCallback        0x08002c27   Thumb Code     2  stm32l0xx_hal_tim.o(i.HAL_TIM_PWM_PulseFinishedCallback)
    HAL_TIM_PeriodElapsedCallback            0x08002c29   Thumb Code     2  stm32l0xx_hal_tim.o(i.HAL_TIM_PeriodElapsedCallback)
    HAL_TIM_TriggerCallback                  0x08002c2b   Thumb Code     2  stm32l0xx_hal_tim.o(i.HAL_TIM_TriggerCallback)
    HAL_UARTEx_WakeupCallback                0x08002c2d   Thumb Code     2  stm32l0xx_hal_uart_ex.o(i.HAL_UARTEx_WakeupCallback)
    HAL_UART_ErrorCallback                   0x08002c2f   Thumb Code     2  stm32l0xx_hal_uart.o(i.HAL_UART_ErrorCallback)
    HAL_UART_Init                            0x08002c31   Thumb Code   118  stm32l0xx_hal_uart.o(i.HAL_UART_Init)
    HAL_UART_MspInit                         0x08002ca9   Thumb Code   108  uart_board.o(i.HAL_UART_MspInit)
    HAL_UART_SendBytes                       0x08002d1d   Thumb Code    42  uart_board.o(i.HAL_UART_SendBytes)
    HAL_USART_GET_FLAG                       0x08002d4d   Thumb Code    18  uart_board.o(i.HAL_USART_GET_FLAG)
    HalKeyInit                               0x08002d61   Thumb Code    20  key_board.o(i.HalKeyInit)
    HalKeyPoll                               0x08002d7d   Thumb Code    24  key_board.o(i.HalKeyPoll)
    HalLedBlink                              0x08002d9d   Thumb Code   170  led_board.o(i.HalLedBlink)
    HalLedInit                               0x08002e59   Thumb Code    68  led_board.o(i.HalLedInit)
    HalLedOnOff                              0x08002ea5   Thumb Code   114  led_board.o(i.HalLedOnOff)
    HalLedSet                                0x08002f21   Thumb Code   130  led_board.o(i.HalLedSet)
    HalLedUpdate                             0x08002fad   Thumb Code   300  led_board.o(i.HalLedUpdate)
    HardFault_Handler                        0x080030e5   Thumb Code     4  stm32l0xx_it.o(i.HardFault_Handler)
    HardWare_Init                            0x080030e9   Thumb Code    14  hal_osal.o(i.HardWare_Init)
    HardWare_ProcessEvent                    0x080030fd   Thumb Code    50  hal_osal.o(i.HardWare_ProcessEvent)
    KEY_Init                                 0x08003131   Thumb Code    62  key_board.o(i.KEY_Init)
    LoRaMAC_BKDRHash                         0x08003179   Thumb Code    32  loramac_osal.o(i.LoRaMAC_BKDRHash)
    LoRaMAC_IDHashProgram                    0x08003199   Thumb Code    38  loramac_osal.o(i.LoRaMAC_IDHashProgram)
    LoRaMAC_Init                             0x080031d5   Thumb Code    72  loramac_osal.o(i.LoRaMAC_Init)
    LoRaMAC_ProcessEvent                     0x08003245   Thumb Code   142  loramac_osal.o(i.LoRaMAC_ProcessEvent)
    LoRaMacComputeMic                        0x08003381   Thumb Code   134  loramaccrypto.o(i.LoRaMacComputeMic)
    LoRaMacInit                              0x08003415   Thumb Code   314  loramac.o(i.LoRaMacInit)
    LoRaMacInitNwkIds                        0x0800361d   Thumb Code    46  loramac.o(i.LoRaMacInitNwkIds)
    LoRaMacJoinComputeMic                    0x08003661   Thumb Code    74  loramaccrypto.o(i.LoRaMacJoinComputeMic)
    LoRaMacJoinComputeSKeys                  0x080036b5   Thumb Code   136  loramaccrypto.o(i.LoRaMacJoinComputeSKeys)
    LoRaMacJoinDecrypt                       0x08003741   Thumb Code    42  loramaccrypto.o(i.LoRaMacJoinDecrypt)
    LoRaMacPayloadDecrypt                    0x080037a5   Thumb Code    36  loramaccrypto.o(i.LoRaMacPayloadDecrypt)
    LoRaMacPayloadEncrypt                    0x080037c9   Thumb Code   210  loramaccrypto.o(i.LoRaMacPayloadEncrypt)
    LoRaMacPrepareFrame                      0x080038a9   Thumb Code   962  loramac.o(i.LoRaMacPrepareFrame)
    LoRaMacRxWindowSetup                     0x08004101   Thumb Code   180  loramac.o(i.LoRaMacRxWindowSetup)
    LoRaMacSend                              0x080041cd   Thumb Code   134  loramac.o(i.LoRaMacSend)
    LoRaMacSendFrame                         0x08004261   Thumb Code    40  loramac.o(i.LoRaMacSendFrame)
    LoRaMacSendFrameOnChannel                0x08004289   Thumb Code   560  loramac.o(i.LoRaMacSendFrameOnChannel)
    LoRaMacSendOnChannel                     0x0800451d   Thumb Code    58  loramac.o(i.LoRaMacSendOnChannel)
    LoRaMacSetAdrOn                          0x0800455d   Thumb Code     6  loramac.o(i.LoRaMacSetAdrOn)
    LoRaMacSetChannel                        0x08004569   Thumb Code    72  loramac.o(i.LoRaMacSetChannel)
    LoRaMacSetPublicNetwork                  0x08004839   Thumb Code    48  loramac.o(i.LoRaMacSetPublicNetwork)
    LoRaMac_getAppLayerParameter             0x08004871   Thumb Code    74  loramacusr.o(i.LoRaMac_getAppLayerParameter)
    LoRaMac_setAppLayerParameter             0x080048c9   Thumb Code    86  loramacusr.o(i.LoRaMac_setAppLayerParameter)
    NMI_Handler                              0x0800492d   Thumb Code     2  stm32l0xx_it.o(i.NMI_Handler)
    OLED_Clear                               0x080049a9   Thumb Code    42  oled_board.o(i.OLED_Clear)
    OLED_Clear_Half                          0x080049d9   Thumb Code    42  oled_board.o(i.OLED_Clear_Half)
    OLED_DrawPoint                           0x08004a09   Thumb Code   102  oled_board.o(i.OLED_DrawPoint)
    OLED_Init                                0x08004a75   Thumb Code   348  oled_board.o(i.OLED_Init)
    OLED_Refresh_Gram                        0x08004bd9   Thumb Code    70  oled_board.o(i.OLED_Refresh_Gram)
    OLED_ShowChar                            0x08004c25   Thumb Code   238  oled_board.o(i.OLED_ShowChar)
    OLED_ShowString                          0x08004d21   Thumb Code    94  oled_board.o(i.OLED_ShowString)
    OLED_WR_Byte                             0x08004d81   Thumb Code   142  oled_board.o(i.OLED_WR_Byte)
    PendSV_Handler                           0x08005bcd   Thumb Code     2  stm32l0xx_it.o(i.PendSV_Handler)
    RTC_Bcd2ToByte                           0x08005bcf   Thumb Code    26  stm32l0xx_hal_rtc.o(i.RTC_Bcd2ToByte)
    RTC_ByteToBcd2                           0x08005be9   Thumb Code    26  stm32l0xx_hal_rtc.o(i.RTC_ByteToBcd2)
    RTC_IRQHandler                           0x08005c05   Thumb Code    10  stm32l0xx_it.o(i.RTC_IRQHandler)
    RtcGetMinimumTimeout                     0x08005d99   Thumb Code    18  rtc_board.o(i.RtcGetMinimumTimeout)
    RtcGetTimerElapsedTime                   0x08005db5   Thumb Code    68  rtc_board.o(i.RtcGetTimerElapsedTime)
    RtcGetTimerValue                         0x08005e05   Thumb Code    52  rtc_board.o(i.RtcGetTimerValue)
    RtcRecoverMcuStatus                      0x08005e41   Thumb Code    32  rtc_board.o(i.RtcRecoverMcuStatus)
    RtcSetTimeout                            0x08005e61   Thumb Code    78  rtc_board.o(i.RtcSetTimeout)
    SPI1_Error                               0x080061c1   Thumb Code    14  spi_board.o(i.SPI1_Error)
    SPI1_Init                                0x080061d5   Thumb Code    80  spi_board.o(i.SPI1_Init)
    SPI1_MspInit                             0x08006231   Thumb Code   132  spi_board.o(i.SPI1_MspInit)
    SPI1_Read                                0x080062b9   Thumb Code    44  spi_board.o(i.SPI1_Read)
    SPI1_Write                               0x080062e9   Thumb Code    30  spi_board.o(i.SPI1_Write)
    SVC_Handler                              0x08006425   Thumb Code     2  stm32l0xx_it.o(i.SVC_Handler)
    SX1276AntSwDeInit                        0x08006427   Thumb Code    46  sx1276_board.o(i.SX1276AntSwDeInit)
    SX1276AntSwInit                          0x08006455   Thumb Code    56  sx1276_board.o(i.SX1276AntSwInit)
    SX1276CheckRfFrequency                   0x08006491   Thumb Code     6  sx1276_board.o(i.SX1276CheckRfFrequency)
    SX1276GetPaSelect                        0x08006497   Thumb Code     6  sx1276_board.o(i.SX1276GetPaSelect)
    SX1276GetStatus                          0x0800649d   Thumb Code     6  sx1276.o(i.SX1276GetStatus)
    SX1276GetTimeOnAir                       0x080064a9   Thumb Code   632  sx1276.o(i.SX1276GetTimeOnAir)
    SX1276Init                               0x08006749   Thumb Code   112  sx1276.o(i.SX1276Init)
    SX1276IoInit                             0x080067d9   Thumb Code    66  sx1276_board.o(i.SX1276IoInit)
    SX1276IoIrqInit                          0x08006829   Thumb Code   116  sx1276_board.o(i.SX1276IoIrqInit)
    SX1276IsChannelFree                      0x080068b1   Thumb Code    58  sx1276.o(i.SX1276IsChannelFree)
    SX1276OnDio0Irq                          0x080068ed   Thumb Code  1126  sx1276.o(i.SX1276OnDio0Irq)
    SX1276OnDio1Irq                          0x08006d61   Thumb Code   356  sx1276.o(i.SX1276OnDio1Irq)
    SX1276OnDio2Irq                          0x08006ed5   Thumb Code   316  sx1276.o(i.SX1276OnDio2Irq)
    SX1276OnDio3Irq                          0x08007021   Thumb Code   114  sx1276.o(i.SX1276OnDio3Irq)
    SX1276OnDio4Irq                          0x0800709d   Thumb Code    42  sx1276.o(i.SX1276OnDio4Irq)
    SX1276OnTimeoutIrq                       0x080070cd   Thumb Code   170  sx1276.o(i.SX1276OnTimeoutIrq)
    SX1276Q1CtrlInit                         0x08007185   Thumb Code    56  sx1276_board.o(i.SX1276Q1CtrlInit)
    SX1276Random                             0x080071c1   Thumb Code    64  sx1276.o(i.SX1276Random)
    SX1276Read                               0x08007201   Thumb Code    20  sx1276.o(i.SX1276Read)
    SX1276ReadBuffer                         0x08007215   Thumb Code    68  sx1276.o(i.SX1276ReadBuffer)
    SX1276ReadFifo                           0x08007259   Thumb Code    18  sx1276.o(i.SX1276ReadFifo)
    SX1276ReadRssi                           0x0800726d   Thumb Code   124  sx1276.o(i.SX1276ReadRssi)
    SX1276Reset                              0x080072f9   Thumb Code    38  sx1276.o(i.SX1276Reset)
    SX1276Send                               0x08007325   Thumb Code   284  sx1276.o(i.SX1276Send)
    SX1276SetAntSw                           0x08007445   Thumb Code    52  sx1276_board.o(i.SX1276SetAntSw)
    SX1276SetAntSwLowPower                   0x0800747d   Thumb Code    32  sx1276_board.o(i.SX1276SetAntSwLowPower)
    SX1276SetChannel                         0x080074a1   Thumb Code    72  sx1276.o(i.SX1276SetChannel)
    SX1276SetModem                           0x080074f9   Thumb Code   136  sx1276.o(i.SX1276SetModem)
    SX1276SetOpMode                          0x08007585   Thumb Code    76  sx1276.o(i.SX1276SetOpMode)
    SX1276SetRx                              0x080075d5   Thumb Code   488  sx1276.o(i.SX1276SetRx)
    SX1276SetRxConfig                        0x080077dd   Thumb Code   660  sx1276.o(i.SX1276SetRxConfig)
    SX1276SetSleep                           0x08007a7d   Thumb Code    28  sx1276.o(i.SX1276SetSleep)
    SX1276SetStby                            0x08007aa5   Thumb Code    28  sx1276.o(i.SX1276SetStby)
    SX1276SetTx                              0x08007acd   Thumb Code   192  sx1276.o(i.SX1276SetTx)
    SX1276SetTxConfig                        0x08007b95   Thumb Code   802  sx1276.o(i.SX1276SetTxConfig)
    SX1276StartCad                           0x08007ecd   Thumb Code    64  sx1276.o(i.SX1276StartCad)
    SX1276Write                              0x08007f11   Thumb Code    16  sx1276.o(i.SX1276Write)
    SX1276WriteBuffer                        0x08007f21   Thumb Code    68  sx1276.o(i.SX1276WriteBuffer)
    SX1276WriteFifo                          0x08007f65   Thumb Code    18  sx1276.o(i.SX1276WriteFifo)
    SysTick_Handler                          0x08007f79   Thumb Code    18  stm32l0xx_it.o(i.SysTick_Handler)
    SystemClockConfig_STOP                   0x08007f91   Thumb Code   102  rtc_board.o(i.SystemClockConfig_STOP)
    SystemClock_Config                       0x08008001   Thumb Code   104  stm32l0xx_hal_msp.o(i.SystemClock_Config)
    SystemInit                               0x08008071   Thumb Code    88  system_stm32l0xx.o(i.SystemInit)
    TIM2_IRQHandler                          0x080080d9   Thumb Code    38  stm32l0xx_it.o(i.TIM2_IRQHandler)
    TimerGetCurrentTime                      0x08008195   Thumb Code    22  timer.o(i.TimerGetCurrentTime)
    TimerGetLowPowerEnable                   0x080081b1   Thumb Code     6  timer.o(i.TimerGetLowPowerEnable)
    TimerGetValue                            0x080081bd   Thumb Code    22  timer.o(i.TimerGetValue)
    TimerHwDelayMs                           0x080081d9   Thumb Code    76  timer_board.o(i.TimerHwDelayMs)
    TimerHwGetElapsedTime                    0x08008225   Thumb Code    40  timer_board.o(i.TimerHwGetElapsedTime)
    TimerHwGetMinimumTimeout                 0x08008251   Thumb Code    18  timer_board.o(i.TimerHwGetMinimumTimeout)
    TimerHwGetTime                           0x08008269   Thumb Code    24  timer_board.o(i.TimerHwGetTime)
    TimerHwGetTimerValue                     0x08008281   Thumb Code    18  timer_board.o(i.TimerHwGetTimerValue)
    TimerHwInit                              0x08008299   Thumb Code    58  timer_board.o(i.TimerHwInit)
    TimerHwStart                             0x080082e9   Thumb Code    62  timer_board.o(i.TimerHwStart)
    TimerIncrementTickCounter                0x08008331   Thumb Code    24  timer_board.o(i.TimerIncrementTickCounter)
    TimerInit                                0x0800834d   Thumb Code    14  timer.o(i.TimerInit)
    TimerIrqHandler                          0x08008401   Thumb Code   168  timer.o(i.TimerIrqHandler)
    TimerSetLowPowerEnable                   0x080084b1   Thumb Code     6  timer.o(i.TimerSetLowPowerEnable)
    TimerSetValue                            0x080084e9   Thumb Code    48  timer.o(i.TimerSetValue)
    TimerStart                               0x0800851d   Thumb Code   132  timer.o(i.TimerStart)
    TimerStop                                0x080085a5   Thumb Code   232  timer.o(i.TimerStop)
    UART_AdvFeatureConfig                    0x08008691   Thumb Code   240  stm32l0xx_hal_uart.o(i.UART_AdvFeatureConfig)
    UART_CheckIdleState                      0x08008781   Thumb Code    92  stm32l0xx_hal_uart.o(i.UART_CheckIdleState)
    UART_Init                                0x080087e1   Thumb Code   104  uart_board.o(i.UART_Init)
    UART_SetConfig                           0x08008869   Thumb Code   610  stm32l0xx_hal_uart.o(i.UART_SetConfig)
    UART_WaitOnFlagUntilTimeout              0x08008af1   Thumb Code   256  stm32l0xx_hal_uart.o(i.UART_WaitOnFlagUntilTimeout)
    USART1_IRQHandler                        0x08008bf1   Thumb Code   418  stm32l0xx_it.o(i.USART1_IRQHandler)
    __0sprintf$5                             0x08008da9   Thumb Code    36  printf5.o(i.__0sprintf$5)
    __1sprintf$5                             0x08008da9   Thumb Code     0  printf5.o(i.__0sprintf$5)
    __2sprintf                               0x08008da9   Thumb Code     0  printf5.o(i.__0sprintf$5)
    __ARM_clz                                0x08008dd1   Thumb Code    46  depilogue.o(i.__ARM_clz)
    __ARM_common_switch8                     0x08008dff   Thumb Code    28  stm32l0xx_hal_tim.o(i.__ARM_common_switch8)
    __scatterload_copy                       0x08008e27   Thumb Code    14  handlers.o(i.__scatterload_copy)
    __scatterload_null                       0x08008e35   Thumb Code     2  handlers.o(i.__scatterload_null)
    __scatterload_zeroinit                   0x08008e37   Thumb Code    14  handlers.o(i.__scatterload_zeroinit)
    aes_encrypt                              0x08009147   Thumb Code    90  aes.o(i.aes_encrypt)
    aes_set_key                              0x080091a1   Thumb Code   280  aes.o(i.aes_set_key)
    ceil                                     0x080092bd   Thumb Code   180  ceil.o(i.ceil)
    display_sx1276_rx_pac_parm               0x08009465   Thumb Code   240  sx1276.o(i.display_sx1276_rx_pac_parm)
    display_sx1276_tx_pac_parm               0x0800956d   Thumb Code   304  sx1276.o(i.display_sx1276_tx_pac_parm)
    floor                                    0x080096d1   Thumb Code   180  floor.o(i.floor)
    halProcessKeyInterrupt                   0x08009799   Thumb Code    16  key_board.o(i.halProcessKeyInterrupt)
    main                                     0x080097ad   Thumb Code    12  main.o(i.main)
    memcpy1                                  0x080097b9   Thumb Code    24  utilities.o(i.memcpy1)
    memset1                                  0x080097d1   Thumb Code    20  utilities.o(i.memset1)
    osalAddTimer                             0x08009a69   Thumb Code    88  osal_time.o(i.osalAddTimer)
    osalDeleteTimer                          0x08009ac5   Thumb Code    10  osal_time.o(i.osalDeleteTimer)
    osalFindTimer                            0x08009ad1   Thumb Code    32  osal_time.o(i.osalFindTimer)
    osalInitTasks                            0x08009af5   Thumb Code    42  osal_app.o(i.osalInitTasks)
    osalTimeUpdate                           0x08009b25   Thumb Code    42  osal.o(i.osalTimeUpdate)
    osalTimerInit                            0x08009b55   Thumb Code     8  osal_time.o(i.osalTimerInit)
    osalTimerUpdate                          0x08009b61   Thumb Code   184  osal_time.o(i.osalTimerUpdate)
    osal_GetSystemClock                      0x08009c21   Thumb Code     6  osal_time.o(i.osal_GetSystemClock)
    osal_clear_event                         0x08009c2d   Thumb Code    72  osal.o(i.osal_clear_event)
    osal_init_system                         0x08009c7d   Thumb Code    28  osal.o(i.osal_init_system)
    osal_mem_alloc                           0x08009c9d   Thumb Code   298  osal_memory.o(i.osal_mem_alloc)
    osal_mem_free                            0x08009de5   Thumb Code    88  osal_memory.o(i.osal_mem_free)
    osal_mem_init                            0x08009e49   Thumb Code    96  osal_memory.o(i.osal_mem_init)
    osal_mem_kick                            0x08009ebd   Thumb Code    48  osal_memory.o(i.osal_mem_kick)
    osal_memcpy                              0x08009ef5   Thumb Code    28  osal.o(i.osal_memcpy)
    osal_memset                              0x08009f11   Thumb Code    20  osal.o(i.osal_memset)
    osal_msg_allocate                        0x08009f25   Thumb Code    46  osal.o(i.osal_msg_allocate)
    osal_msg_deallocate                      0x08009f53   Thumb Code    40  osal.o(i.osal_msg_deallocate)
    osal_msg_enqueue                         0x08009f7b   Thumb Code    84  osal.o(i.osal_msg_enqueue)
    osal_msg_extract                         0x08009fcf   Thumb Code    84  osal.o(i.osal_msg_extract)
    osal_msg_receive                         0x0800a025   Thumb Code   130  osal.o(i.osal_msg_receive)
    osal_msg_send                            0x0800a0ad   Thumb Code    90  osal.o(i.osal_msg_send)
    osal_mutex_updata                        0x0800a111   Thumb Code    26  osal_mutex.o(i.osal_mutex_updata)
    osal_set_event                           0x0800a131   Thumb Code    72  osal.o(i.osal_set_event)
    osal_start_system                        0x0800a181   Thumb Code   168  osal.o(i.osal_start_system)
    osal_start_timerEx                       0x0800a235   Thumb Code    62  osal_time.o(i.osal_start_timerEx)
    osal_stop_timerEx                        0x0800a273   Thumb Code    70  osal_time.o(i.osal_stop_timerEx)
    osal_strlen                              0x0800a2b9   Thumb Code    12  osal.o(i.osal_strlen)
    rand                                     0x0800a2c5   Thumb Code    30  utilities.o(i.rand)
    randr                                    0x0800a2f5   Thumb Code    26  utilities.o(i.randr)
    round                                    0x0800a311   Thumb Code   142  round.o(i.round)
    srand                                    0x0800a41d   Thumb Code     6  utilities.o(i.srand)
    MSIRangeTable                            0x0800a4ac   Data          28  stm32l0xx_hal_rcc.o(.constdata)
    RadioRegsInit                            0x0800a4c8   Data          45  sx1276.o(.constdata)
    FskBandwidths                            0x0800a4f8   Data         176  sx1276.o(.constdata)
    asc2_1206                                0x0800a5a8   Data        1140  oled_board.o(.constdata)
    asc2_1608                                0x0800aa1c   Data        1520  oled_board.o(.constdata)
    asc2_2412                                0x0800b00c   Data        3420  oled_board.o(.constdata)
    Radio                                    0x0800bd80   Data          80  sx1276_board.o(.constdata)
    tasksArr                                 0x0800bdd0   Data          12  osal_app.o(.constdata)
    tasksCnt                                 0x0800bddc   Data           1  osal_app.o(.constdata)
    Datarates                                0x0800bddd   Data           8  loramac.o(.constdata)
    TxPowers                                 0x0800bde5   Data           6  loramac.o(.constdata)
    Region$$Table$$Base                      0x0800c0ec   Number         0  anon$$obj.o(Region$$Table)
    Region$$Table$$Limit                     0x0800c10c   Number         0  anon$$obj.o(Region$$Table)
    SystemCoreClock                          0x20000000   Data           4  system_stm32l0xx.o(.data)
    AHBPrescTable                            0x20000004   Data          16  system_stm32l0xx.o(.data)
    PLLMulTable                              0x20000014   Data           9  system_stm32l0xx.o(.data)
    DioIrq                                   0x20000044   Data          24  sx1276.o(.data)
    Hal_KeyIntEnable                         0x2000005d   Data           1  key_board.o(.data)
    g_key1_push_dowm                         0x2000005e   Data           1  key_board.o(.data)
    HasLoopedThroughMain                     0x2000007d   Data           1  timer.o(.data)
    TimerTickCounter                         0x20000088   Data           8  timer_board.o(.data)
    TimeoutCntValue                          0x20000098   Data           8  timer_board.o(.data)
    uwPrescalerValue                         0x200000a0   Data           4  timer_board.o(.data)
    uart1_Rxcount                            0x200000a4   Data           2  uart_board.o(.data)
    myTasksEvents                            0x200000ac   Data           6  osal_app.o(.data)
    tasksEvents                              0x200000b4   Data           4  osal_app.o(.data)
    timerHead                                0x200000b8   Data           4  osal_time.o(.data)
    osal_qHead                               0x200000c0   Data           4  osal.o(.data)
    osal_mutex_head                          0x200000dc   Data           4  osal_mutex.o(.data)
    osal_tick                                0x200000e0   Data           2  osal_tick.o(.data)
    APP_taskID                               0x200000e4   Data           1  app_osal.o(.data)
    Rxpacket_count                           0x200000e8   Data           4  app_osal.o(.data)
    RecieveBuff_flag                         0x200000ec   Data           4  app_osal.o(.data)
    Txpacket_count                           0x200000f0   Data           1  app_osal.o(.data)
    UartReady                                0x200000f1   Data           1  app_osal.o(.data)
    aTxBuffer                                0x200000f2   Data          19  app_osal.o(.data)
    g_number                                 0x20000105   Data           1  app_osal.o(.data)
    HardWare_taskID                          0x20000106   Data           1  hal_osal.o(.data)
    g_lora_mac_adr_switch                    0x20000108   Data           1  loramac_osal.o(.data)
    NwkSKey                                  0x20000109   Data          16  loramac_osal.o(.data)
    AppSKey                                  0x20000119   Data          16  loramac_osal.o(.data)
    LoraMAC_taskID                           0x20000137   Data           1  loramac_osal.o(.data)
    MoteIDAddr                               0x20000138   Data           4  loramac_osal.o(.data)
    g_frame_no                               0x20000140   Data           2  loramac.o(.data)
    Bands                                    0x20000178   Data          19  loramac.o(.data)
    Channels                                 0x2000018b   Data          96  loramac.o(.data)
    LoRaMacState                             0x20000214   Data           4  loramac.o(.data)
    LoRaMacEventFlags                        0x2000021c   Data           1  loramac.o(.data)
    TxTimeOnAir                              0x20000240   Data           8  loramac.o(.data)
    test                                     0x20000268   Data           4  cmac.o(.data)
    g_sx1276_tx_pac_param                    0x2000026c   Data          16  sx1276.o(.bss)
    g_sx1276_rx_pac_param                    0x2000027c   Data          16  sx1276.o(.bss)
    SX1276                                   0x2000038c   Data          96  sx1276.o(.bss)
    TxTimeoutTimer                           0x200003ec   Data          20  sx1276.o(.bss)
    RxTimeoutTimer                           0x20000400   Data          20  sx1276.o(.bss)
    RxTimeoutSyncWord                        0x20000414   Data          20  sx1276.o(.bss)
    GpioIrq                                  0x20000428   Data          64  gpio_board.o(.bss)
    OLED_GRAM                                0x20000484   Data        1024  oled_board.o(.bss)
    SpiHandle                                0x20000884   Data          84  spi_board.o(.bss)
    TimHandle                                0x200008d8   Data          56  timer_board.o(.bss)
    uart1_rxBuf                              0x20000910   Data          70  uart_board.o(.bss)
    Rx_buf                                   0x20000d58   Data          64  app_osal.o(.bss)
    aRxBuffer                                0x20000d98   Data          18  app_osal.o(.bss)
    g_appData                                0x20000dac   Data          60  app_osal.o(.bss)
    RTCHandle                                0x20000de8   Data          36  stm32l0xx_hal_msp.o(.bss)
    UartHandle                               0x20000e0c   Data         108  stm32l0xx_hal_msp.o(.bss)
    LoRaMacEventInfo                         0x20001050   Data          17  loramac.o(.bss)
    __initial_sp                             0x20001710   Data           0  startup_stm32l051xx.o(STACK)



==============================================================================

Memory Map of the image

  Image Entry point : 0x080000c1

  Load Region LR_IROM1 (Base: 0x08000000, Size: 0x0000c378, Max: 0x00010000, ABSOLUTE, COMPRESSED[0x0000c1ac])

    Execution Region ER_IROM1 (Base: 0x08000000, Size: 0x0000c10c, Max: 0x00010000, ABSOLUTE)

    Base Addr    Size         Type   Attr      Idx    E Section Name        Object

    0x08000000   0x000000c0   Data   RO            3    RESET               startup_stm32l051xx.o
    0x080000c0   0x00000000   Code   RO         5664  * .ARM.Collect$$$$00000000  mc_p.l(entry.o)
    0x080000c0   0x00000004   Code   RO         5974    .ARM.Collect$$$$00000001  mc_p.l(entry2.o)
    0x080000c4   0x00000004   Code   RO         5977    .ARM.Collect$$$$00000004  mc_p.l(entry5.o)
    0x080000c8   0x00000000   Code   RO         5979    .ARM.Collect$$$$00000008  mc_p.l(entry7b.o)
    0x080000c8   0x00000000   Code   RO         5981    .ARM.Collect$$$$0000000A  mc_p.l(entry8b.o)
    0x080000c8   0x00000008   Code   RO         5982    .ARM.Collect$$$$0000000B  mc_p.l(entry9a.o)
    0x080000d0   0x00000000   Code   RO         5984    .ARM.Collect$$$$0000000D  mc_p.l(entry10a.o)
    0x080000d0   0x00000000   Code   RO         5986    .ARM.Collect$$$$0000000F  mc_p.l(entry11a.o)
    0x080000d0   0x00000004   Code   RO         5975    .ARM.Collect$$$$00002712  mc_p.l(entry2.o)
    0x080000d4   0x00000020   Code   RO            4    .text               startup_stm32l051xx.o
    0x080000f4   0x0000002c   Code   RO         5667    .text               mc_p.l(uidiv.o)
    0x08000120   0x00000028   Code   RO         5669    .text               mc_p.l(idiv.o)
    0x08000148   0x0000007a   Code   RO         5671    .text               mc_p.l(llmul.o)
    0x080001c2   0x00000024   Code   RO         5673    .text               mc_p.l(memcpya.o)
    0x080001e6   0x00000024   Code   RO         5677    .text               mc_p.l(memseta.o)
    0x0800020a   0x0000000e   Code   RO         5679    .text               mc_p.l(strlen.o)
    0x08000218   0x00000014   Code   RO         5944    .text               mc_p.l(uread4.o)
    0x0800022c   0x0000001c   Code   RO         5946    .text               mc_p.l(uread8.o)
    0x08000248   0x00000012   Code   RO         5948    .text               mc_p.l(uwrite4.o)
    0x0800025a   0x0000001e   Code   RO         5950    .text               mc_p.l(uwrite8.o)
    0x08000278   0x00000164   Code   RO         5952    .text               mf_p.l(dadd.o)
    0x080003dc   0x000000d0   Code   RO         5954    .text               mf_p.l(dmul.o)
    0x080004ac   0x000000f0   Code   RO         5956    .text               mf_p.l(ddiv.o)
    0x0800059c   0x00000028   Code   RO         5958    .text               mf_p.l(dflti.o)
    0x080005c4   0x0000001c   Code   RO         5960    .text               mf_p.l(dfltui.o)
    0x080005e0   0x0000001c   Code   RO         5962    .text               mf_p.l(dfltul.o)
    0x080005fc   0x00000048   Code   RO         5964    .text               mf_p.l(dfixi.o)
    0x08000644   0x0000003c   Code   RO         5966    .text               mf_p.l(dfixui.o)
    0x08000680   0x00000040   Code   RO         5968    .text               mf_p.l(dfixul.o)
    0x080006c0   0x00000028   Code   RO         5970    .text               mf_p.l(cdcmple.o)
    0x080006e8   0x00000028   Code   RO         5972    .text               mf_p.l(cdrcmple.o)
    0x08000710   0x00000060   Code   RO         5989    .text               mc_p.l(uldiv.o)
    0x08000770   0x00000020   Code   RO         5991    .text               mc_p.l(llshl.o)
    0x08000790   0x00000022   Code   RO         5993    .text               mc_p.l(llushr.o)
    0x080007b2   0x00000026   Code   RO         5995    .text               mc_p.l(llsshr.o)
    0x080007d8   0x00000000   Code   RO         5997    .text               mc_p.l(iusefp.o)
    0x080007d8   0x000000be   Code   RO         5998    .text               mf_p.l(depilogue.o)
    0x08000896   0x00000002   PAD
    0x08000898   0x0000007c   Code   RO         6002    .text               mf_p.l(drnd.o)
    0x08000914   0x00000024   Code   RO         6004    .text               mc_p.l(init.o)
    0x08000938   0x00000056   Code   RO         6014    .text               mc_p.l(__dczerorl2.o)
    0x0800098e   0x000001c4   Code   RO         5615    i.AES_CMAC_Final    NPLink-Mote-Mac.lib(cmac.o)
    0x08000b52   0x00000022   Code   RO         5616    i.AES_CMAC_Init     NPLink-Mote-Mac.lib(cmac.o)
    0x08000b74   0x00000012   Code   RO         5617    i.AES_CMAC_SetKey   NPLink-Mote-Mac.lib(cmac.o)
    0x08000b86   0x00000002   PAD
    0x08000b88   0x00000100   Code   RO         5618    i.AES_CMAC_Update   NPLink-Mote-Mac.lib(cmac.o)
    0x08000c88   0x00000048   Code   RO         4623    i.APP_Init          app_osal.o
    0x08000cd0   0x00000264   Code   RO         4624    i.APP_ProcessEvent  app_osal.o
    0x08000f34   0x00000074   Code   RO         4625    i.APP_ShowMoteID    app_osal.o
    0x08000fa8   0x000000ac   Code   RO         5180    i.AddMacCommand     NPLink-Mote-Mac.lib(loramac.o)
    0x08001054   0x00000010   Code   RO         3151    i.BoardMeasureBatterieLevel  board.o
    0x08001064   0x00000002   Code   RO         4793    i.DebugMon_Handler  stm32l0xx_it.o
    0x08001066   0x0000000c   Code   RO         3194    i.DelayMs           delay.o
    0x08001072   0x00000002   PAD
    0x08001074   0x00000058   Code   RO         3217    i.EXTI0_1_IRQHandler  gpio_board.o
    0x080010cc   0x00000038   Code   RO         3218    i.EXTI2_3_IRQHandler  gpio_board.o
    0x08001104   0x00000058   Code   RO         3219    i.EXTI4_15_IRQHandler  gpio_board.o
    0x0800115c   0x00000034   Code   RO         2828    i.GetFskBandwidthRegValue  sx1276.o
    0x08001190   0x0000001a   Code   RO         1788    i.HAL_Delay         stm32l0xx_hal.o
    0x080011aa   0x00000002   PAD
    0x080011ac   0x00000024   Code   RO         3256    i.HAL_GPIO_EXTI_Callback  key_board.o
    0x080011d0   0x000001ec   Code   RO         2359    i.HAL_GPIO_Init     stm32l0xx_hal_gpio.o
    0x080013bc   0x0000000c   Code   RO         2363    i.HAL_GPIO_WritePin  stm32l0xx_hal_gpio.o
    0x080013c8   0x0000000c   Code   RO         1799    i.HAL_GetTick       stm32l0xx_hal.o
    0x080013d4   0x00000010   Code   RO         1801    i.HAL_IncTick       stm32l0xx_hal.o
    0x080013e4   0x0000002c   Code   RO         1802    i.HAL_Init          stm32l0xx_hal.o
    0x08001410   0x00000026   Code   RO         1803    i.HAL_InitTick      stm32l0xx_hal.o
    0x08001436   0x0000002e   Code   RO         4714    i.HAL_MspInit       stm32l0xx_hal_msp.o
    0x08001464   0x00000018   Code   RO         2183    i.HAL_NVIC_EnableIRQ  stm32l0xx_hal_cortex.o
    0x0800147c   0x00000012   Code   RO         2186    i.HAL_NVIC_SetPriority  stm32l0xx_hal_cortex.o
    0x0800148e   0x00000002   PAD
    0x08001490   0x000002f8   Code   RO         2561    i.HAL_RCC_ClockConfig  stm32l0xx_hal_rcc.o
    0x08001788   0x0000002c   Code   RO         2565    i.HAL_RCC_GetHCLKFreq  stm32l0xx_hal_rcc.o
    0x080017b4   0x00000128   Code   RO         2566    i.HAL_RCC_GetOscConfig  stm32l0xx_hal_rcc.o
    0x080018dc   0x00000024   Code   RO         2567    i.HAL_RCC_GetPCLK1Freq  stm32l0xx_hal_rcc.o
    0x08001900   0x00000024   Code   RO         2568    i.HAL_RCC_GetPCLK2Freq  stm32l0xx_hal_rcc.o
    0x08001924   0x000000cc   Code   RO         2569    i.HAL_RCC_GetSysClockFreq  stm32l0xx_hal_rcc.o
    0x080019f0   0x000005d4   Code   RO         2572    i.HAL_RCC_OscConfig  stm32l0xx_hal_rcc.o
    0x08001fc4   0x00000002   Code   RO          139    i.HAL_RTCEx_AlarmBEventCallback  stm32l0xx_hal_rtc_ex.o
    0x08001fc6   0x0000000e   Code   RO         3493    i.HAL_RTC_AlarmAEventCallback  rtc_board.o
    0x08001fd4   0x00000084   Code   RO         2695    i.HAL_RTC_AlarmIRQHandler  stm32l0xx_hal_rtc.o
    0x08002058   0x0000005c   Code   RO         2699    i.HAL_RTC_GetDate   stm32l0xx_hal_rtc.o
    0x080020b4   0x00000064   Code   RO         2701    i.HAL_RTC_GetTime   stm32l0xx_hal_rtc.o
    0x08002118   0x00000258   Code   RO         2707    i.HAL_RTC_SetAlarm_IT  stm32l0xx_hal_rtc.o
    0x08002370   0x0000003a   Code   RO         2710    i.HAL_RTC_WaitForSynchro  stm32l0xx_hal_rtc.o
    0x080023aa   0x0000003a   Code   RO          358    i.HAL_SPI_DeInit    stm32l0xx_hal_spi.o
    0x080023e4   0x00000008   Code   RO          361    i.HAL_SPI_GetState  stm32l0xx_hal_spi.o
    0x080023ec   0x0000008a   Code   RO          363    i.HAL_SPI_Init      stm32l0xx_hal_spi.o
    0x08002476   0x00000002   Code   RO          364    i.HAL_SPI_MspDeInit  stm32l0xx_hal_spi.o
    0x08002478   0x00000002   Code   RO          365    i.HAL_SPI_MspInit   stm32l0xx_hal_spi.o
    0x0800247a   0x000001de   Code   RO          371    i.HAL_SPI_Transmit  stm32l0xx_hal_spi.o
    0x08002658   0x0000039a   Code   RO          372    i.HAL_SPI_TransmitReceive  stm32l0xx_hal_spi.o
    0x080029f2   0x00000002   PAD
    0x080029f4   0x00000038   Code   RO         2190    i.HAL_SYSTICK_Config  stm32l0xx_hal_cortex.o
    0x08002a2c   0x00000032   Code   RO          596    i.HAL_TIM_Base_Init  stm32l0xx_hal_tim.o
    0x08002a5e   0x00000002   PAD
    0x08002a60   0x00000028   Code   RO         4716    i.HAL_TIM_Base_MspInit  stm32l0xx_hal_msp.o
    0x08002a88   0x0000001e   Code   RO          601    i.HAL_TIM_Base_Start_IT  stm32l0xx_hal_tim.o
    0x08002aa6   0x00000002   Code   RO          628    i.HAL_TIM_IC_CaptureCallback  stm32l0xx_hal_tim.o
    0x08002aa8   0x0000017c   Code   RO          641    i.HAL_TIM_IRQHandler  stm32l0xx_hal_tim.o
    0x08002c24   0x00000002   Code   RO          644    i.HAL_TIM_OC_DelayElapsedCallback  stm32l0xx_hal_tim.o
    0x08002c26   0x00000002   Code   RO          671    i.HAL_TIM_PWM_PulseFinishedCallback  stm32l0xx_hal_tim.o
    0x08002c28   0x00000002   Code   RO          678    i.HAL_TIM_PeriodElapsedCallback  stm32l0xx_hal_tim.o
    0x08002c2a   0x00000002   Code   RO          681    i.HAL_TIM_TriggerCallback  stm32l0xx_hal_tim.o
    0x08002c2c   0x00000002   Code   RO         1504    i.HAL_UARTEx_WakeupCallback  stm32l0xx_hal_uart_ex.o
    0x08002c2e   0x00000002   Code   RO         1257    i.HAL_UART_ErrorCallback  stm32l0xx_hal_uart.o
    0x08002c30   0x00000076   Code   RO         1261    i.HAL_UART_Init     stm32l0xx_hal_uart.o
    0x08002ca6   0x00000002   PAD
    0x08002ca8   0x00000074   Code   RO         4001    i.HAL_UART_MspInit  uart_board.o
    0x08002d1c   0x00000030   Code   RO         4003    i.HAL_UART_SendBytes  uart_board.o
    0x08002d4c   0x00000012   Code   RO         4005    i.HAL_USART_GET_FLAG  uart_board.o
    0x08002d5e   0x00000002   PAD
    0x08002d60   0x0000001c   Code   RO         3257    i.HalKeyInit        key_board.o
    0x08002d7c   0x00000020   Code   RO         3258    i.HalKeyPoll        key_board.o
    0x08002d9c   0x000000bc   Code   RO         3326    i.HalLedBlink       led_board.o
    0x08002e58   0x0000004c   Code   RO         3328    i.HalLedInit        led_board.o
    0x08002ea4   0x0000007c   Code   RO         3329    i.HalLedOnOff       led_board.o
    0x08002f20   0x0000008c   Code   RO         3330    i.HalLedSet         led_board.o
    0x08002fac   0x00000138   Code   RO         3332    i.HalLedUpdate      led_board.o
    0x080030e4   0x00000004   Code   RO         4794    i.HardFault_Handler  stm32l0xx_it.o
    0x080030e8   0x00000014   Code   RO         4677    i.HardWare_Init     hal_osal.o
    0x080030fc   0x00000032   Code   RO         4678    i.HardWare_ProcessEvent  hal_osal.o
    0x0800312e   0x00000002   PAD
    0x08003130   0x00000048   Code   RO         3260    i.KEY_Init          key_board.o
    0x08003178   0x00000020   Code   RO         4888    i.LoRaMAC_BKDRHash  NPLink-Mote-Mac.lib(loramac_osal.o)
    0x08003198   0x0000003c   Code   RO         4889    i.LoRaMAC_IDHashProgram  NPLink-Mote-Mac.lib(loramac_osal.o)
    0x080031d4   0x00000070   Code   RO         4890    i.LoRaMAC_Init      NPLink-Mote-Mac.lib(loramac_osal.o)
    0x08003244   0x000000a0   Code   RO         4891    i.LoRaMAC_ProcessEvent  NPLink-Mote-Mac.lib(loramac_osal.o)
    0x080032e4   0x0000009c   Code   RO         4892    i.LoRaMAC_ProcessRxFrame  NPLink-Mote-Mac.lib(loramac_osal.o)
    0x08003380   0x00000094   Code   RO         5495    i.LoRaMacComputeMic  NPLink-Mote-Mac.lib(loramaccrypto.o)
    0x08003414   0x00000208   Code   RO         5183    i.LoRaMacInit       NPLink-Mote-Mac.lib(loramac.o)
    0x0800361c   0x00000044   Code   RO         5184    i.LoRaMacInitNwkIds  NPLink-Mote-Mac.lib(loramac.o)
    0x08003660   0x00000054   Code   RO         5496    i.LoRaMacJoinComputeMic  NPLink-Mote-Mac.lib(loramaccrypto.o)
    0x080036b4   0x0000008c   Code   RO         5497    i.LoRaMacJoinComputeSKeys  NPLink-Mote-Mac.lib(loramaccrypto.o)
    0x08003740   0x00000030   Code   RO         5498    i.LoRaMacJoinDecrypt  NPLink-Mote-Mac.lib(loramaccrypto.o)
    0x08003770   0x00000034   Code   RO         5189    i.LoRaMacNotify     NPLink-Mote-Mac.lib(loramac.o)
    0x080037a4   0x00000024   Code   RO         5499    i.LoRaMacPayloadDecrypt  NPLink-Mote-Mac.lib(loramaccrypto.o)
    0x080037c8   0x000000e0   Code   RO         5500    i.LoRaMacPayloadEncrypt  NPLink-Mote-Mac.lib(loramaccrypto.o)
    0x080038a8   0x00000430   Code   RO         5190    i.LoRaMacPrepareFrame  NPLink-Mote-Mac.lib(loramac.o)
    0x08003cd8   0x00000428   Code   RO         5191    i.LoRaMacProcessMacCommands  NPLink-Mote-Mac.lib(loramac.o)
    0x08004100   0x000000cc   Code   RO         5192    i.LoRaMacRxWindowSetup  NPLink-Mote-Mac.lib(loramac.o)
    0x080041cc   0x00000094   Code   RO         5193    i.LoRaMacSend       NPLink-Mote-Mac.lib(loramac.o)
    0x08004260   0x00000028   Code   RO         5195    i.LoRaMacSendFrame  NPLink-Mote-Mac.lib(loramac.o)
    0x08004288   0x00000294   Code   RO         5196    i.LoRaMacSendFrameOnChannel  NPLink-Mote-Mac.lib(loramac.o)
    0x0800451c   0x00000040   Code   RO         5197    i.LoRaMacSendOnChannel  NPLink-Mote-Mac.lib(loramac.o)
    0x0800455c   0x0000000c   Code   RO         5198    i.LoRaMacSetAdrOn   NPLink-Mote-Mac.lib(loramac.o)
    0x08004568   0x00000050   Code   RO         5199    i.LoRaMacSetChannel  NPLink-Mote-Mac.lib(loramac.o)
    0x080045b8   0x00000280   Code   RO         5210    i.LoRaMacSetNextChannel  NPLink-Mote-Mac.lib(loramac.o)
    0x08004838   0x00000038   Code   RO         5211    i.LoRaMacSetPublicNetwork  NPLink-Mote-Mac.lib(loramac.o)
    0x08004870   0x00000058   Code   RO         5106    i.LoRaMac_getAppLayerParameter  NPLink-Mote-Mac.lib(loramacusr.o)
    0x080048c8   0x00000064   Code   RO         5108    i.LoRaMac_setAppLayerParameter  NPLink-Mote-Mac.lib(loramacusr.o)
    0x0800492c   0x00000002   Code   RO         4795    i.NMI_Handler       stm32l0xx_it.o
    0x0800492e   0x00000002   PAD
    0x08004930   0x00000078   Code   RO         2192    i.NVIC_SetPriority  stm32l0xx_hal_cortex.o
    0x080049a8   0x00000030   Code   RO         3386    i.OLED_Clear        oled_board.o
    0x080049d8   0x00000030   Code   RO         3387    i.OLED_Clear_Half   oled_board.o
    0x08004a08   0x0000006c   Code   RO         3390    i.OLED_DrawPoint    oled_board.o
    0x08004a74   0x00000164   Code   RO         3392    i.OLED_Init         oled_board.o
    0x08004bd8   0x0000004c   Code   RO         3393    i.OLED_Refresh_Gram  oled_board.o
    0x08004c24   0x000000fc   Code   RO         3394    i.OLED_ShowChar     oled_board.o
    0x08004d20   0x0000005e   Code   RO         3396    i.OLED_ShowString   oled_board.o
    0x08004d7e   0x00000002   PAD
    0x08004d80   0x00000094   Code   RO         3397    i.OLED_WR_Byte      oled_board.o
    0x08004e14   0x0000001c   Code   RO         5216    i.OnAckTimeoutTimerEvent  NPLink-Mote-Mac.lib(loramac.o)
    0x08004e30   0x0000004c   Code   RO         5217    i.OnChannelCheckTimerEvent  NPLink-Mote-Mac.lib(loramac.o)
    0x08004e7c   0x0000007c   Code   RO         4893    i.OnMacEvent        NPLink-Mote-Mac.lib(loramac_osal.o)
    0x08004ef8   0x00000234   Code   RO         5218    i.OnMacStateCheckTimerEvent  NPLink-Mote-Mac.lib(loramac.o)
    0x0800512c   0x000006a4   Code   RO         5219    i.OnRadioRxDone     NPLink-Mote-Mac.lib(loramac.o)
    0x080057d0   0x00000044   Code   RO         5220    i.OnRadioRxError    NPLink-Mote-Mac.lib(loramac.o)
    0x08005814   0x00000044   Code   RO         5221    i.OnRadioRxTimeout  NPLink-Mote-Mac.lib(loramac.o)
    0x08005858   0x000001a8   Code   RO         5222    i.OnRadioTxDone     NPLink-Mote-Mac.lib(loramac.o)
    0x08005a00   0x0000003c   Code   RO         5223    i.OnRadioTxTimeout  NPLink-Mote-Mac.lib(loramac.o)
    0x08005a3c   0x0000006c   Code   RO         5224    i.OnRxWindow1TimerEvent  NPLink-Mote-Mac.lib(loramac.o)
    0x08005aa8   0x000000ac   Code   RO         5225    i.OnRxWindow2TimerEvent  NPLink-Mote-Mac.lib(loramac.o)
    0x08005b54   0x0000006c   Code   RO         5226    i.OnTxDelayedTimerEvent  NPLink-Mote-Mac.lib(loramac.o)
    0x08005bc0   0x0000000c   Code   RO         4894    i.OnTxNextPacketTimerEvent  NPLink-Mote-Mac.lib(loramac_osal.o)
    0x08005bcc   0x00000002   Code   RO         4796    i.PendSV_Handler    stm32l0xx_it.o
    0x08005bce   0x0000001a   Code   RO         2711    i.RTC_Bcd2ToByte    stm32l0xx_hal_rtc.o
    0x08005be8   0x0000001a   Code   RO         2712    i.RTC_ByteToBcd2    stm32l0xx_hal_rtc.o
    0x08005c02   0x00000002   PAD
    0x08005c04   0x00000010   Code   RO         4797    i.RTC_IRQHandler    stm32l0xx_it.o
    0x08005c14   0x00000030   Code   RO         3497    i.RtcClearStatus    rtc_board.o
    0x08005c44   0x00000154   Code   RO         3500    i.RtcGetCalendarValue  rtc_board.o
    0x08005d98   0x0000001c   Code   RO         3501    i.RtcGetMinimumTimeout  rtc_board.o
    0x08005db4   0x00000050   Code   RO         3502    i.RtcGetTimerElapsedTime  rtc_board.o
    0x08005e04   0x0000003c   Code   RO         3503    i.RtcGetTimerValue  rtc_board.o
    0x08005e40   0x00000020   Code   RO         3505    i.RtcRecoverMcuStatus  rtc_board.o
    0x08005e60   0x00000068   Code   RO         3507    i.RtcSetTimeout     rtc_board.o
    0x08005ec8   0x00000240   Code   RO         3508    i.RtcStartWakeUpAlarm  rtc_board.o
    0x08006108   0x000000b8   Code   RO         2829    i.RxChainCalibration  sx1276.o
    0x080061c0   0x00000014   Code   RO         3640    i.SPI1_Error        spi_board.o
    0x080061d4   0x0000005c   Code   RO         3641    i.SPI1_Init         spi_board.o
    0x08006230   0x00000088   Code   RO         3642    i.SPI1_MspInit      spi_board.o
    0x080062b8   0x00000030   Code   RO         3643    i.SPI1_Read         spi_board.o
    0x080062e8   0x00000024   Code   RO         3644    i.SPI1_Write        spi_board.o
    0x0800630c   0x00000118   Code   RO          393    i.SPI_WaitOnFlagUntilTimeout  stm32l0xx_hal_spi.o
    0x08006424   0x00000002   Code   RO         4798    i.SVC_Handler       stm32l0xx_it.o
    0x08006426   0x0000002e   Code   RO         3708    i.SX1276AntSwDeInit  sx1276_board.o
    0x08006454   0x0000003c   Code   RO         3709    i.SX1276AntSwInit   sx1276_board.o
    0x08006490   0x00000006   Code   RO         3710    i.SX1276CheckRfFrequency  sx1276_board.o
    0x08006496   0x00000006   Code   RO         3711    i.SX1276GetPaSelect  sx1276_board.o
    0x0800649c   0x0000000c   Code   RO         2830    i.SX1276GetStatus   sx1276.o
    0x080064a8   0x000002a0   Code   RO         2831    i.SX1276GetTimeOnAir  sx1276.o
    0x08006748   0x00000090   Code   RO         2832    i.SX1276Init        sx1276.o
    0x080067d8   0x00000050   Code   RO         3713    i.SX1276IoInit      sx1276_board.o
    0x08006828   0x00000088   Code   RO         3714    i.SX1276IoIrqInit   sx1276_board.o
    0x080068b0   0x0000003a   Code   RO         2833    i.SX1276IsChannelFree  sx1276.o
    0x080068ea   0x00000002   PAD
    0x080068ec   0x00000474   Code   RO         2834    i.SX1276OnDio0Irq   sx1276.o
    0x08006d60   0x00000174   Code   RO         2835    i.SX1276OnDio1Irq   sx1276.o
    0x08006ed4   0x0000014c   Code   RO         2836    i.SX1276OnDio2Irq   sx1276.o
    0x08007020   0x0000007c   Code   RO         2837    i.SX1276OnDio3Irq   sx1276.o
    0x0800709c   0x00000030   Code   RO         2838    i.SX1276OnDio4Irq   sx1276.o
    0x080070cc   0x000000b8   Code   RO         2840    i.SX1276OnTimeoutIrq  sx1276.o
    0x08007184   0x0000003c   Code   RO         3716    i.SX1276Q1CtrlInit  sx1276_board.o
    0x080071c0   0x00000040   Code   RO         2841    i.SX1276Random      sx1276.o
    0x08007200   0x00000014   Code   RO         2842    i.SX1276Read        sx1276.o
    0x08007214   0x00000044   Code   RO         2843    i.SX1276ReadBuffer  sx1276.o
    0x08007258   0x00000012   Code   RO         2844    i.SX1276ReadFifo    sx1276.o
    0x0800726a   0x00000002   PAD
    0x0800726c   0x0000008c   Code   RO         2845    i.SX1276ReadRssi    sx1276.o
    0x080072f8   0x0000002c   Code   RO         2846    i.SX1276Reset       sx1276.o
    0x08007324   0x00000120   Code   RO         2847    i.SX1276Send        sx1276.o
    0x08007444   0x00000038   Code   RO         3717    i.SX1276SetAntSw    sx1276_board.o
    0x0800747c   0x00000024   Code   RO         3718    i.SX1276SetAntSwLowPower  sx1276_board.o
    0x080074a0   0x00000058   Code   RO         2848    i.SX1276SetChannel  sx1276.o
    0x080074f8   0x0000008c   Code   RO         2849    i.SX1276SetModem    sx1276.o
    0x08007584   0x00000050   Code   RO         2850    i.SX1276SetOpMode   sx1276.o
    0x080075d4   0x00000208   Code   RO         2851    i.SX1276SetRx       sx1276.o
    0x080077dc   0x000002a0   Code   RO         2852    i.SX1276SetRxConfig  sx1276.o
    0x08007a7c   0x00000028   Code   RO         2853    i.SX1276SetSleep    sx1276.o
    0x08007aa4   0x00000028   Code   RO         2854    i.SX1276SetStby     sx1276.o
    0x08007acc   0x000000c8   Code   RO         2856    i.SX1276SetTx       sx1276.o
    0x08007b94   0x00000338   Code   RO         2857    i.SX1276SetTxConfig  sx1276.o
    0x08007ecc   0x00000044   Code   RO         2858    i.SX1276StartCad    sx1276.o
    0x08007f10   0x00000010   Code   RO         2859    i.SX1276Write       sx1276.o
    0x08007f20   0x00000044   Code   RO         2860    i.SX1276WriteBuffer  sx1276.o
    0x08007f64   0x00000012   Code   RO         2861    i.SX1276WriteFifo   sx1276.o
    0x08007f76   0x00000002   PAD
    0x08007f78   0x00000018   Code   RO         4799    i.SysTick_Handler   stm32l0xx_it.o
    0x08007f90   0x00000070   Code   RO         3510    i.SystemClockConfig_STOP  rtc_board.o
    0x08008000   0x00000070   Code   RO         4717    i.SystemClock_Config  stm32l0xx_hal_msp.o
    0x08008070   0x00000068   Code   RO           13    i.SystemInit        system_stm32l0xx.o
    0x080080d8   0x00000034   Code   RO         4800    i.TIM2_IRQHandler   stm32l0xx_it.o
    0x0800810c   0x00000068   Code   RO          682    i.TIM_Base_SetConfig  stm32l0xx_hal_tim.o
    0x08008174   0x00000020   Code   RO         3810    i.TimerExists       timer.o
    0x08008194   0x0000001c   Code   RO         3811    i.TimerGetCurrentTime  timer.o
    0x080081b0   0x0000000c   Code   RO         3812    i.TimerGetLowPowerEnable  timer.o
    0x080081bc   0x0000001c   Code   RO         3813    i.TimerGetValue     timer.o
    0x080081d8   0x0000004c   Code   RO         3914    i.TimerHwDelayMs    timer_board.o
    0x08008224   0x0000002c   Code   RO         3916    i.TimerHwGetElapsedTime  timer_board.o
    0x08008250   0x00000018   Code   RO         3917    i.TimerHwGetMinimumTimeout  timer_board.o
    0x08008268   0x00000018   Code   RO         3918    i.TimerHwGetTime    timer_board.o
    0x08008280   0x00000018   Code   RO         3919    i.TimerHwGetTimerValue  timer_board.o
    0x08008298   0x00000050   Code   RO         3920    i.TimerHwInit       timer_board.o
    0x080082e8   0x00000048   Code   RO         3921    i.TimerHwStart      timer_board.o
    0x08008330   0x0000001c   Code   RO         3923    i.TimerIncrementTickCounter  timer_board.o
    0x0800834c   0x0000000e   Code   RO         3814    i.TimerInit         timer.o
    0x0800835a   0x00000002   PAD
    0x0800835c   0x00000030   Code   RO         3815    i.TimerInsertNewHeadTimer  timer.o
    0x0800838c   0x00000074   Code   RO         3816    i.TimerInsertTimer  timer.o
    0x08008400   0x000000b0   Code   RO         3817    i.TimerIrqHandler   timer.o
    0x080084b0   0x0000000c   Code   RO         3820    i.TimerSetLowPowerEnable  timer.o
    0x080084bc   0x0000002c   Code   RO         3821    i.TimerSetTimeout   timer.o
    0x080084e8   0x00000034   Code   RO         3822    i.TimerSetValue     timer.o
    0x0800851c   0x00000088   Code   RO         3823    i.TimerStart        timer.o
    0x080085a4   0x000000ec   Code   RO         3824    i.TimerStop         timer.o
    0x08008690   0x000000f0   Code   RO         1274    i.UART_AdvFeatureConfig  stm32l0xx_hal_uart.o
    0x08008780   0x00000060   Code   RO         1275    i.UART_CheckIdleState  stm32l0xx_hal_uart.o
    0x080087e0   0x00000088   Code   RO         4006    i.UART_Init         uart_board.o
    0x08008868   0x00000288   Code   RO         1282    i.UART_SetConfig    stm32l0xx_hal_uart.o
    0x08008af0   0x00000100   Code   RO         1284    i.UART_WaitOnFlagUntilTimeout  stm32l0xx_hal_uart.o
    0x08008bf0   0x000001b8   Code   RO         4801    i.USART1_IRQHandler  stm32l0xx_it.o
    0x08008da8   0x00000028   Code   RO         5818    i.__0sprintf$5      mc_p.l(printf5.o)
    0x08008dd0   0x0000002e   Code   RO         6000    i.__ARM_clz         mf_p.l(depilogue.o)
    0x08008dfe   0x0000001c   Code   RO         1211    i.__ARM_common_switch8  stm32l0xx_hal_tim.o
    0x08008e1a   0x00000006   Code   RO         4176    i.__get_PRIMASK     osal_time.o
    0x08008e20   0x00000006   Code   RO         4274    i.__get_PRIMASK     osal.o
    0x08008e26   0x0000000e   Code   RO         6008    i.__scatterload_copy  mc_p.l(handlers.o)
    0x08008e34   0x00000002   Code   RO         6009    i.__scatterload_null  mc_p.l(handlers.o)
    0x08008e36   0x0000000e   Code   RO         6010    i.__scatterload_zeroinit  mc_p.l(handlers.o)
    0x08008e44   0x00000006   Code   RO         4177    i.__set_PRIMASK     osal_time.o
    0x08008e4a   0x00000006   Code   RO         4275    i.__set_PRIMASK     osal.o
    0x08008e50   0x000002dc   Code   RO         5823    i._printf_core      mc_p.l(printf5.o)
    0x0800912c   0x0000000a   Code   RO         5825    i._sputc            mc_p.l(printf5.o)
    0x08009136   0x00000010   Code   RO         5552    i.add_round_key     NPLink-Mote-Mac.lib(aes.o)
    0x08009146   0x0000005a   Code   RO         5554    i.aes_encrypt       NPLink-Mote-Mac.lib(aes.o)
    0x080091a0   0x0000011c   Code   RO         5555    i.aes_set_key       NPLink-Mote-Mac.lib(aes.o)
    0x080092bc   0x000000c8   Code   RO         5655    i.ceil              m_ps.l(ceil.o)
    0x08009384   0x00000084   Code   RO         5556    i.copy_and_key      NPLink-Mote-Mac.lib(aes.o)
    0x08009408   0x00000042   Code   RO         5557    i.copy_block        NPLink-Mote-Mac.lib(aes.o)
    0x0800944a   0x00000018   Code   RO         5558    i.copy_block_nn     NPLink-Mote-Mac.lib(aes.o)
    0x08009462   0x00000002   PAD
    0x08009464   0x00000108   Code   RO         2862    i.display_sx1276_rx_pac_parm  sx1276.o
    0x0800956c   0x00000164   Code   RO         2863    i.display_sx1276_tx_pac_parm  sx1276.o
    0x080096d0   0x000000c8   Code   RO         5659    i.floor             m_ps.l(floor.o)
    0x08009798   0x00000014   Code   RO         3261    i.halProcessKeyInterrupt  key_board.o
    0x080097ac   0x0000000c   Code   RO         4868    i.main              main.o
    0x080097b8   0x00000018   Code   RO         4066    i.memcpy1           utilities.o
    0x080097d0   0x00000014   Code   RO         4067    i.memset1           utilities.o
    0x080097e4   0x00000284   Code   RO         5559    i.mix_sub_columns   NPLink-Mote-Mac.lib(aes.o)
    0x08009a68   0x0000005c   Code   RO         4178    i.osalAddTimer      osal_time.o
    0x08009ac4   0x0000000a   Code   RO         4179    i.osalDeleteTimer   osal_time.o
    0x08009ace   0x00000002   PAD
    0x08009ad0   0x00000024   Code   RO         4180    i.osalFindTimer     osal_time.o
    0x08009af4   0x00000030   Code   RO         4122    i.osalInitTasks     osal_app.o
    0x08009b24   0x00000030   Code   RO         4276    i.osalTimeUpdate    osal.o
    0x08009b54   0x0000000c   Code   RO         4181    i.osalTimerInit     osal_time.o
    0x08009b60   0x000000c0   Code   RO         4182    i.osalTimerUpdate   osal_time.o
    0x08009c20   0x0000000c   Code   RO         4183    i.osal_GetSystemClock  osal_time.o
    0x08009c2c   0x00000050   Code   RO         4279    i.osal_clear_event  osal.o
    0x08009c7c   0x00000020   Code   RO         4280    i.osal_init_system  osal.o
    0x08009c9c   0x00000148   Code   RO         4470    i.osal_mem_alloc    osal_memory.o
    0x08009de4   0x00000064   Code   RO         4471    i.osal_mem_free     osal_memory.o
    0x08009e48   0x00000074   Code   RO         4472    i.osal_mem_init     osal_memory.o
    0x08009ebc   0x00000038   Code   RO         4473    i.osal_mem_kick     osal_memory.o
    0x08009ef4   0x0000001c   Code   RO         4284    i.osal_memcpy       osal.o
    0x08009f10   0x00000014   Code   RO         4286    i.osal_memset       osal.o
    0x08009f24   0x0000002e   Code   RO         4287    i.osal_msg_allocate  osal.o
    0x08009f52   0x00000028   Code   RO         4288    i.osal_msg_deallocate  osal.o
    0x08009f7a   0x00000054   Code   RO         4290    i.osal_msg_enqueue  osal.o
    0x08009fce   0x00000054   Code   RO         4292    i.osal_msg_extract  osal.o
    0x0800a022   0x00000002   PAD
    0x0800a024   0x00000088   Code   RO         4295    i.osal_msg_receive  osal.o
    0x0800a0ac   0x00000064   Code   RO         4296    i.osal_msg_send     osal.o
    0x0800a110   0x00000020   Code   RO         4541    i.osal_mutex_updata  osal_mutex.o
    0x0800a130   0x00000050   Code   RO         4299    i.osal_set_event    osal.o
    0x0800a180   0x000000b4   Code   RO         4300    i.osal_start_system  osal.o
    0x0800a234   0x0000003e   Code   RO         4185    i.osal_start_timerEx  osal_time.o
    0x0800a272   0x00000046   Code   RO         4186    i.osal_stop_timerEx  osal_time.o
    0x0800a2b8   0x0000000c   Code   RO         4301    i.osal_strlen       osal.o
    0x0800a2c4   0x00000030   Code   RO         4068    i.rand              utilities.o
    0x0800a2f4   0x0000001a   Code   RO         4069    i.randr             utilities.o
    0x0800a30e   0x00000002   PAD
    0x0800a310   0x0000009c   Code   RO         5662    i.round             m_ps.l(round.o)
    0x0800a3ac   0x00000070   Code   RO         5560    i.shift_sub_rows    NPLink-Mote-Mac.lib(aes.o)
    0x0800a41c   0x0000000c   Code   RO         4070    i.srand             utilities.o
    0x0800a428   0x00000082   Code   RO         5561    i.xor_block         NPLink-Mote-Mac.lib(aes.o)
    0x0800a4aa   0x00000002   PAD
    0x0800a4ac   0x0000001c   Data   RO         2573    .constdata          stm32l0xx_hal_rcc.o
    0x0800a4c8   0x000000e0   Data   RO         2865    .constdata          sx1276.o
    0x0800a5a8   0x000017c0   Data   RO         3401    .constdata          oled_board.o
    0x0800bd68   0x00000018   Data   RO         3511    .constdata          rtc_board.o
    0x0800bd80   0x00000050   Data   RO         3721    .constdata          sx1276_board.o
    0x0800bdd0   0x0000000d   Data   RO         4123    .constdata          osal_app.o
    0x0800bddd   0x0000000e   Data   RO         5228    .constdata          NPLink-Mote-Mac.lib(loramac.o)
    0x0800bdeb   0x00000300   Data   RO         5562    .constdata          NPLink-Mote-Mac.lib(aes.o)
    0x0800c0eb   0x00000001   PAD
    0x0800c0ec   0x00000020   Data   RO         6006    Region$$Table       anon$$obj.o


    Execution Region RW_IRAM1 (Base: 0x20000000, Size: 0x00001710, Max: 0x00002000, ABSOLUTE, COMPRESSED[0x000000a0])

    Base Addr    Size         Type   Attr      Idx    E Section Name        Object

    0x20000000   0x0000001d   Data   RW           14    .data               system_stm32l0xx.o
    0x2000001d   0x00000003   PAD
    0x20000020   0x00000004   Data   RW         1812    .data               stm32l0xx_hal.o
    0x20000024   0x00000019   Data   RW         2574    .data               stm32l0xx_hal_rcc.o
    0x2000003d   0x00000003   PAD
    0x20000040   0x0000001d   Data   RW         2866    .data               sx1276.o
    0x2000005d   0x00000002   Data   RW         3262    .data               key_board.o
    0x2000005f   0x00000002   Data   RW         3334    .data               led_board.o
    0x20000061   0x00000007   PAD
    0x20000068   0x00000012   Data   RW         3512    .data               rtc_board.o
    0x2000007a   0x00000001   Data   RW         3722    .data               sx1276_board.o
    0x2000007b   0x00000001   PAD
    0x2000007c   0x00000008   Data   RW         3825    .data               timer.o
    0x20000084   0x00000004   PAD
    0x20000088   0x0000001c   Data   RW         3925    .data               timer_board.o
    0x200000a4   0x00000002   Data   RW         4008    .data               uart_board.o
    0x200000a6   0x00000002   PAD
    0x200000a8   0x00000004   Data   RW         4071    .data               utilities.o
    0x200000ac   0x0000000c   Data   RW         4124    .data               osal_app.o
    0x200000b8   0x00000008   Data   RW         4188    .data               osal_time.o
    0x200000c0   0x00000004   Data   RW         4302    .data               osal.o
    0x200000c4   0x00000018   Data   RW         4475    .data               osal_memory.o
    0x200000dc   0x00000004   Data   RW         4542    .data               osal_mutex.o
    0x200000e0   0x00000002   Data   RW         4591    .data               osal_tick.o
    0x200000e2   0x00000002   PAD
    0x200000e4   0x00000022   Data   RW         4628    .data               app_osal.o
    0x20000106   0x00000001   Data   RW         4679    .data               hal_osal.o
    0x20000107   0x00000001   PAD
    0x20000108   0x00000034   Data   RW         4896    .data               NPLink-Mote-Mac.lib(loramac_osal.o)
    0x2000013c   0x00000004   PAD
    0x20000140   0x00000108   Data   RW         5229    .data               NPLink-Mote-Mac.lib(loramac.o)
    0x20000248   0x00000020   Data   RW         5502    .data               NPLink-Mote-Mac.lib(loramaccrypto.o)
    0x20000268   0x00000004   Data   RW         5619    .data               NPLink-Mote-Mac.lib(cmac.o)
    0x2000026c   0x000001bc   Zero   RW         2864    .bss                sx1276.o
    0x20000428   0x00000040   Zero   RW         3220    .bss                gpio_board.o
    0x20000468   0x0000001c   Zero   RW         3333    .bss                led_board.o
    0x20000484   0x00000400   Zero   RW         3400    .bss                oled_board.o
    0x20000884   0x00000054   Zero   RW         3645    .bss                spi_board.o
    0x200008d8   0x00000038   Zero   RW         3924    .bss                timer_board.o
    0x20000910   0x00000046   Zero   RW         4007    .bss                uart_board.o
    0x20000956   0x00000002   PAD
    0x20000958   0x00000400   Zero   RW         4474    .bss                osal_memory.o
    0x20000d58   0x00000090   Zero   RW         4627    .bss                app_osal.o
    0x20000de8   0x00000090   Zero   RW         4720    .bss                stm32l0xx_hal_msp.o
    0x20000e78   0x00000014   Zero   RW         4895    .bss                NPLink-Mote-Mac.lib(loramac_osal.o)
    0x20000e8c   0x00000258   Zero   RW         5227    .bss                NPLink-Mote-Mac.lib(loramac.o)
    0x200010e4   0x0000022c   Zero   RW         5501    .bss                NPLink-Mote-Mac.lib(loramaccrypto.o)
    0x20001310   0x00000400   Zero   RW            1    STACK               startup_stm32l051xx.o


==============================================================================

Image component sizes


      Code (inc. data)   RO Data    RW Data    ZI Data      Debug   Object Name

       800         98          0         34        144       4850   app_osal.o
        16          0          0          0          0        996   board.o
        12          0          0          0          0        506   delay.o
       232         24          0          0         64       2302   gpio_board.o
        70          6          0          1          0       1458   hal_osal.o
       188         34          0          2          0       4727   key_board.o
       840         70          0          2         28       4918   led_board.o
        12          0          0          0          0        459   main.o
      1130         52       6080          0       1024       6823   oled_board.o
       982         54          0          4          0      12634   osal.o
        48          6         13         12          0       3734   osal_app.o
       600         70          0         24       1024       4213   osal_memory.o
        32          6          0          4          0       1162   osal_mutex.o
         0          0          0          2          0        648   osal_tick.o
       498         26          0          8          0       9942   osal_time.o
      1394        146         24         18          0       7676   rtc_board.o
       332         32          0          0         84       3505   spi_board.o
        32         10        192          0       1024        728   startup_stm32l051xx.o
       136         14          0          4          0       3946   stm32l0xx_hal.o
       218         26          0          0          0      10253   stm32l0xx_hal_cortex.o
       504         30          0          0          0       2844   stm32l0xx_hal_gpio.o
       198         14          0          0        144       2737   stm32l0xx_hal_msp.o
      2868        108         28         25          0       7443   stm32l0xx_hal_rcc.o
      1034         34          0          0          0       6295   stm32l0xx_hal_rtc.o
         2          0          0          0          0       1516   stm32l0xx_hal_rtc_ex.o
      1888          0          0          0          0       7190   stm32l0xx_hal_spi.o
       602          8          0          0          0       6390   stm32l0xx_hal_tim.o
      1360         66          0          0          0       5294   stm32l0xx_hal_uart.o
         2          0          0          0          0       1084   stm32l0xx_hal_uart_ex.o
       544         48          0          0          0       5228   stm32l0xx_it.o
      7358        454        224         29        444      81337   sx1276.o
       486         50         80          1          0       9751   sx1276_board.o
       104         16          0         29          0     196389   system_stm32l0xx.o
       934         72          0          8          0       8742   timer.o
       372         52          0         28         56       5295   timer_board.o
       318         46          0          2         70       3292   uart_board.o
       130         24          0          4          0       3495   utilities.o

    ----------------------------------------------------------------------
     26312       1696       6673        264       4108     439802   Object Totals
         0          0         32          0          0          0   (incl. Generated)
        36          0          0         23          2          0   (incl. Padding)

    ----------------------------------------------------------------------

      Code (inc. data)   RO Data    RW Data    ZI Data      Debug   Library Member Name

      1498         22        768          0          0      14092   aes.o
       760          4          0          4          0       4024   cmac.o
      8228       1102         14        264        600      26214   loramac.o
       656        106          0         52         20     108852   loramac_osal.o
       680         48          0         32        556       6727   loramaccrypto.o
       188         28          0          0          0       1958   loramacusr.o
       200         20          0          0          0         76   ceil.o
       200         20          0          0          0         76   floor.o
       156         14          0          0          0         84   round.o
        86          0          0          0          0          0   __dczerorl2.o
         0          0          0          0          0          0   entry.o
         0          0          0          0          0          0   entry10a.o
         0          0          0          0          0          0   entry11a.o
         8          4          0          0          0          0   entry2.o
         4          0          0          0          0          0   entry5.o
         0          0          0          0          0          0   entry7b.o
         0          0          0          0          0          0   entry8b.o
         8          4          0          0          0          0   entry9a.o
        30          0          0          0          0          0   handlers.o
        40          0          0          0          0         72   idiv.o
        36          8          0          0          0         68   init.o
         0          0          0          0          0          0   iusefp.o
       122          0          0          0          0         84   llmul.o
        32          0          0          0          0         68   llshl.o
        38          0          0          0          0         68   llsshr.o
        34          0          0          0          0         68   llushr.o
        36          0          0          0          0         60   memcpya.o
        36          0          0          0          0        100   memseta.o
       782         48          0          0          0        228   printf5.o
        14          0          0          0          0         60   strlen.o
        44          0          0          0          0         72   uidiv.o
        96          0          0          0          0         84   uldiv.o
        20          0          0          0          0         60   uread4.o
        28          0          0          0          0         68   uread8.o
        18          0          0          0          0         60   uwrite4.o
        30          0          0          0          0         72   uwrite8.o
        40          2          0          0          0         68   cdcmple.o
        40          2          0          0          0         68   cdrcmple.o
       356          4          0          0          0        140   dadd.o
       240          6          0          0          0         84   ddiv.o
       236          0          0          0          0        216   depilogue.o
        72         10          0          0          0         72   dfixi.o
        60         10          0          0          0         68   dfixui.o
        64         10          0          0          0         68   dfixul.o
        40          6          0          0          0         68   dflti.o
        28          4          0          0          0         68   dfltui.o
        28          6          0          0          0         68   dfltul.o
       208          6          0          0          0         88   dmul.o
       124         10          0          0          0         76   drnd.o

    ----------------------------------------------------------------------
     15652       1504        783        356       1176     164547   Library Totals
         8          0          1          4          0          0   (incl. Padding)

    ----------------------------------------------------------------------

      Code (inc. data)   RO Data    RW Data    ZI Data      Debug   Library Name

     12010       1310        782        352       1176     161867   NPLink-Mote-Mac.lib
       556         54          0          0          0        236   m_ps.l
      1542         64          0          0          0       1292   mc_p.l
      1536         76          0          0          0       1152   mf_p.l

    ----------------------------------------------------------------------
     15652       1504        783        356       1176     164547   Library Totals

    ----------------------------------------------------------------------

==============================================================================


      Code (inc. data)   RO Data    RW Data    ZI Data      Debug   

     41964       3200       7456        620       5284     591577   Grand Totals
     41964       3200       7456        160       5284     591577   ELF Image Totals (compressed)
     41964       3200       7456        160          0          0   ROM Totals

==============================================================================

    Total RO  Size (Code + RO Data)                49420 (  48.26kB)
    Total RW  Size (RW Data + ZI Data)              5904 (   5.77kB)
    Total ROM Size (Code + RO Data + RW Data)      49580 (  48.42kB)

==============================================================================

