Component: ARM Compiler 5.06 (build 20) Tool: armlink [4d35a3]

==============================================================================

Section Cross References

    startup_stm32l051xx.o(RESET) refers to startup_stm32l051xx.o(STACK) for __initial_sp
    startup_stm32l051xx.o(RESET) refers to startup_stm32l051xx.o(.text) for Reset_Handler
    startup_stm32l051xx.o(RESET) refers to stm32l0xx_it.o(i.NMI_Handler) for NMI_Handler
    startup_stm32l051xx.o(RESET) refers to stm32l0xx_it.o(i.HardFault_Handler) for HardFault_Handler
    startup_stm32l051xx.o(RESET) refers to stm32l0xx_it.o(i.SVC_Handler) for SVC_Handler
    startup_stm32l051xx.o(RESET) refers to stm32l0xx_it.o(i.DebugMon_Handler) for DebugMon_Handler
    startup_stm32l051xx.o(RESET) refers to stm32l0xx_it.o(i.PendSV_Handler) for PendSV_Handler
    startup_stm32l051xx.o(RESET) refers to stm32l0xx_it.o(i.SysTick_Handler) for SysTick_Handler
    startup_stm32l051xx.o(RESET) refers to stm32l0xx_it.o(i.RTC_IRQHandler) for RTC_IRQHandler
    startup_stm32l051xx.o(RESET) refers to gpio_board.o(i.EXTI0_1_IRQHandler) for EXTI0_1_IRQHandler
    startup_stm32l051xx.o(RESET) refers to gpio_board.o(i.EXTI2_3_IRQHandler) for EXTI2_3_IRQHandler
    startup_stm32l051xx.o(RESET) refers to gpio_board.o(i.EXTI4_15_IRQHandler) for EXTI4_15_IRQHandler
    startup_stm32l051xx.o(RESET) refers to stm32l0xx_it.o(i.TIM2_IRQHandler) for TIM2_IRQHandler
    startup_stm32l051xx.o(RESET) refers to stm32l0xx_it.o(i.USART1_IRQHandler) for USART1_IRQHandler
    startup_stm32l051xx.o(.text) refers to system_stm32l0xx.o(i.SystemInit) for SystemInit
    startup_stm32l051xx.o(.text) refers to entry.o(.ARM.Collect$$$$00000000) for __main
    system_stm32l0xx.o(i.SystemCoreClockUpdate) refers to uidiv.o(.text) for __aeabi_uidivmod
    system_stm32l0xx.o(i.SystemCoreClockUpdate) refers to system_stm32l0xx.o(.data) for SystemCoreClock
    stm32l0xx_hal_rtc_ex.o(i.HAL_RTCEx_DeactivateRefClock) refers to stm32l0xx_hal_rtc.o(i.RTC_EnterInitMode) for RTC_EnterInitMode
    stm32l0xx_hal_rtc_ex.o(i.HAL_RTCEx_DeactivateWakeUpTimer) refers to stm32l0xx_hal.o(i.HAL_GetTick) for HAL_GetTick
    stm32l0xx_hal_rtc_ex.o(i.HAL_RTCEx_GetTimeStamp) refers to stm32l0xx_hal_rtc.o(i.RTC_Bcd2ToByte) for RTC_Bcd2ToByte
    stm32l0xx_hal_rtc_ex.o(i.HAL_RTCEx_PollForAlarmBEvent) refers to stm32l0xx_hal.o(i.HAL_GetTick) for HAL_GetTick
    stm32l0xx_hal_rtc_ex.o(i.HAL_RTCEx_PollForTamper1Event) refers to stm32l0xx_hal.o(i.HAL_GetTick) for HAL_GetTick
    stm32l0xx_hal_rtc_ex.o(i.HAL_RTCEx_PollForTamper2Event) refers to stm32l0xx_hal.o(i.HAL_GetTick) for HAL_GetTick
    stm32l0xx_hal_rtc_ex.o(i.HAL_RTCEx_PollForTimeStampEvent) refers to stm32l0xx_hal.o(i.HAL_GetTick) for HAL_GetTick
    stm32l0xx_hal_rtc_ex.o(i.HAL_RTCEx_PollForWakeUpTimerEvent) refers to stm32l0xx_hal.o(i.HAL_GetTick) for HAL_GetTick
    stm32l0xx_hal_rtc_ex.o(i.HAL_RTCEx_SetRefClock) refers to stm32l0xx_hal_rtc.o(i.RTC_EnterInitMode) for RTC_EnterInitMode
    stm32l0xx_hal_rtc_ex.o(i.HAL_RTCEx_SetSmoothCalib) refers to stm32l0xx_hal.o(i.HAL_GetTick) for HAL_GetTick
    stm32l0xx_hal_rtc_ex.o(i.HAL_RTCEx_SetSynchroShift) refers to stm32l0xx_hal.o(i.HAL_GetTick) for HAL_GetTick
    stm32l0xx_hal_rtc_ex.o(i.HAL_RTCEx_SetSynchroShift) refers to stm32l0xx_hal_rtc.o(i.HAL_RTC_WaitForSynchro) for HAL_RTC_WaitForSynchro
    stm32l0xx_hal_rtc_ex.o(i.HAL_RTCEx_SetWakeUpTimer) refers to stm32l0xx_hal.o(i.HAL_GetTick) for HAL_GetTick
    stm32l0xx_hal_rtc_ex.o(i.HAL_RTCEx_SetWakeUpTimer_IT) refers to stm32l0xx_hal.o(i.HAL_GetTick) for HAL_GetTick
    stm32l0xx_hal_rtc_ex.o(i.HAL_RTCEx_TamperTimeStampIRQHandler) refers to stm32l0xx_hal_rtc_ex.o(i.HAL_RTCEx_TimeStampEventCallback) for HAL_RTCEx_TimeStampEventCallback
    stm32l0xx_hal_rtc_ex.o(i.HAL_RTCEx_TamperTimeStampIRQHandler) refers to stm32l0xx_hal_rtc_ex.o(i.HAL_RTCEx_Tamper1EventCallback) for HAL_RTCEx_Tamper1EventCallback
    stm32l0xx_hal_rtc_ex.o(i.HAL_RTCEx_TamperTimeStampIRQHandler) refers to stm32l0xx_hal_rtc_ex.o(i.HAL_RTCEx_Tamper2EventCallback) for HAL_RTCEx_Tamper2EventCallback
    stm32l0xx_hal_rtc_ex.o(i.HAL_RTCEx_WakeUpTimerIRQHandler) refers to rtc_board.o(i.HAL_RTCEx_WakeUpTimerEventCallback) for HAL_RTCEx_WakeUpTimerEventCallback
    stm32l0xx_hal_spi.o(i.HAL_SPI_DMAStop) refers to stm32l0xx_hal_dma.o(i.HAL_DMA_Abort) for HAL_DMA_Abort
    stm32l0xx_hal_spi.o(i.HAL_SPI_DeInit) refers to stm32l0xx_hal_spi.o(i.HAL_SPI_MspDeInit) for HAL_SPI_MspDeInit
    stm32l0xx_hal_spi.o(i.HAL_SPI_IRQHandler) refers to stm32l0xx_hal_spi.o(i.HAL_SPI_ErrorCallback) for HAL_SPI_ErrorCallback
    stm32l0xx_hal_spi.o(i.HAL_SPI_Init) refers to stm32l0xx_hal_spi.o(i.HAL_SPI_MspInit) for HAL_SPI_MspInit
    stm32l0xx_hal_spi.o(i.HAL_SPI_Receive) refers to stm32l0xx_hal_spi.o(i.HAL_SPI_TransmitReceive) for HAL_SPI_TransmitReceive
    stm32l0xx_hal_spi.o(i.HAL_SPI_Receive) refers to stm32l0xx_hal_spi.o(i.SPI_WaitOnFlagUntilTimeout) for SPI_WaitOnFlagUntilTimeout
[...]
    RxBuffer                                 0x20000284   Data         256  sx1276.o(.bss)
    .bss                                     0x20000420   Section       64  gpio_board.o(.bss)
    .bss                                     0x20000460   Section       28  led_board.o(.bss)
    HalLedStatusControl                      0x20000460   Data          28  led_board.o(.bss)
    .bss                                     0x2000047c   Section     1024  oled_board.o(.bss)
    .bss                                     0x2000087c   Section       84  spi_board.o(.bss)
    .bss                                     0x200008d0   Section       56  timer_board.o(.bss)
    .bss                                     0x20000908   Section       70  uart_board.o(.bss)
    .bss                                     0x20000950   Section     1024  osal_memory.o(.bss)
    _theHeap                                 0x20000950   Data        1024  osal_memory.o(.bss)
    .bss                                     0x20000d50   Section      272  app_osal.o(.bss)
    .bss                                     0x20000e60   Section      144  stm32l0xx_hal_msp.o(.bss)
    .bss                                     0x20000ef0   Section       20  loramac_osal.o(.bss)
    TxNextPacketTimer                        0x20000ef0   Data          20  loramac_osal.o(.bss)
    .bss                                     0x20000f04   Section      600  loramac.o(.bss)
    LoRaMacNwkSKey                           0x20000f04   Data          16  loramac.o(.bss)
    LoRaMacAppSKey                           0x20000f14   Data          16  loramac.o(.bss)
    LoRaMacBuffer                            0x20000f24   Data         128  loramac.o(.bss)
    LoRaMacPayload                           0x20000fa4   Data         128  loramac.o(.bss)
    LoRaMacRxPayload                         0x20001024   Data         128  loramac.o(.bss)
    MacCommandsBuffer                        0x200010a4   Data          15  loramac.o(.bss)
    MacStateCheckTimer                       0x200010b4   Data          20  loramac.o(.bss)
    RadioEvents                              0x200010dc   Data          28  loramac.o(.bss)
    ChannelCheckTimer                        0x200010f8   Data          20  loramac.o(.bss)
    TxDelayedTimer                           0x2000110c   Data          20  loramac.o(.bss)
    RxWindowTimer1                           0x20001120   Data          20  loramac.o(.bss)
    RxWindowTimer2                           0x20001134   Data          20  loramac.o(.bss)
    AckTimeoutTimer                          0x20001148   Data          20  loramac.o(.bss)
    .bss                                     0x2000115c   Section       40  phymac.o(.bss)
    RadioEvents                              0x2000115c   Data          28  phymac.o(.bss)
    .bss                                     0x20001184   Section      556  loramaccrypto.o(.bss)
    Mic                                      0x20001184   Data          16  loramaccrypto.o(.bss)
    sBlock                                   0x20001194   Data          16  loramaccrypto.o(.bss)
    AesContext                               0x200011a4   Data         241  loramaccrypto.o(.bss)
    AesCmacCtx                               0x20001298   Data         280  loramaccrypto.o(.bss)
    STACK                                    0x200013b0   Section     1024  startup_stm32l051xx.o(STACK)

    Global Symbols

    Symbol Name                              Value     Ov Type        Size  Object(Section)

    BuildAttributes$$THM_ISAv3M$S$PE$A:L22$X:L11$S22$IEEE1$IW$USESV6$~STKCKD$USESV7$~SHL$OTIME$ROPI$IEEEJ$EBA8$MICROLIB$REQ8$PRES8$EABIv2 0x00000000   Number         0  anon$$obj.o ABSOLUTE
    __ARM_use_no_argv                        0x00000000   Number         0  main.o ABSOLUTE
    _printf_a                                0x00000000   Number         0  stubs.o ABSOLUTE
    _printf_c                                0x00000000   Number         0  stubs.o ABSOLUTE
    _printf_charcount                        0x00000000   Number         0  stubs.o ABSOLUTE
    _printf_d                                0x00000000   Number         0  stubs.o ABSOLUTE
    _printf_e                                0x00000000   Number         0  stubs.o ABSOLUTE
    _printf_f                                0x00000000   Number         0  stubs.o ABSOLUTE
    _printf_flags                            0x00000000   Number         0  stubs.o ABSOLUTE
    _printf_fp_dec                           0x00000000   Number         0  stubs.o ABSOLUTE
    _printf_fp_hex                           0x00000000   Number         0  stubs.o ABSOLUTE
    _printf_g                                0x00000000   Number         0  stubs.o ABSOLUTE
    _printf_i                                0x00000000   Number         0  stubs.o ABSOLUTE
    _printf_int_dec                          0x00000000   Number         0  stubs.o ABSOLUTE
    _printf_l                                0x00000000   Number         0  stubs.o ABSOLUTE
    _printf_lc                               0x00000000   Number         0  stubs.o ABSOLUTE
    _printf_ll                               0x00000000   Number         0  stubs.o ABSOLUTE
    _printf_lld                              0x00000000   Number         0  stubs.o ABSOLUTE
    _printf_lli                              0x00000000   Number         0  stubs.o ABSOLUTE
    _printf_llo                              0x00000000   Number         0  stubs.o ABSOLUTE
    _printf_llu                              0x00000000   Number         0  stubs.o ABSOLUTE
    _printf_llx                              0x00000000   Number         0  stubs.o ABSOLUTE
    _printf_longlong_dec                     0x00000000   Number         0  stubs.o ABSOLUTE
    _printf_longlong_hex                     0x00000000   Number         0  stubs.o ABSOLUTE
    _printf_longlong_oct                     0x00000000   Number         0  stubs.o ABSOLUTE
    _printf_ls                               0x00000000   Number         0  stubs.o ABSOLUTE
    _printf_mbtowc                           0x00000000   Number         0  stubs.o ABSOLUTE
    _printf_n                                0x00000000   Number         0  stubs.o ABSOLUTE
    _printf_o                                0x00000000   Number         0  stubs.o ABSOLUTE
    _printf_p                                0x00000000   Number         0  stubs.o ABSOLUTE
    _printf_percent                          0x00000000   Number         0  stubs.o ABSOLUTE
    _printf_pre_padding                      0x00000000   Number         0  stubs.o ABSOLUTE
    _printf_return_value                     0x00000000   Number         0  stubs.o ABSOLUTE
    _printf_s                                0x00000000   Number         0  stubs.o ABSOLUTE
    _printf_sizespec                         0x00000000   Number         0  stubs.o ABSOLUTE
    _printf_str                              0x00000000   Number         0  stubs.o ABSOLUTE
    _printf_truncate_signed                  0x00000000   Number         0  stubs.o ABSOLUTE
    _printf_truncate_unsigned                0x00000000   Number         0  stubs.o ABSOLUTE
    _printf_u                                0x00000000   Number         0  stubs.o ABSOLUTE
    _printf_wc                               0x00000000   Number         0  stubs.o ABSOLUTE
    _printf_wctomb                           0x00000000   Number         0  stubs.o ABSOLUTE
    _printf_widthprec                        0x00000000   Number         0  stubs.o ABSOLUTE
    _printf_x                                0x00000000   Number         0  stubs.o ABSOLUTE
    __cpp_initialize__aeabi_                  - Undefined Weak Reference
    __cxa_finalize                            - Undefined Weak Reference
    _clock_init                               - Undefined Weak Reference
    _microlib_exit                            - Undefined Weak Reference
    __Vectors_Size                           0x000000c0   Number         0  startup_stm32l051xx.o ABSOLUTE
    __Vectors                                0x08000000   Data           4  startup_stm32l051xx.o(RESET)
    __Vectors_End                            0x080000c0   Data           0  startup_stm32l051xx.o(RESET)
    __main                                   0x080000c1   Thumb Code     0  entry.o(.ARM.Collect$$$$00000000)
    _main_stk                                0x080000c1   Thumb Code     0  entry2.o(.ARM.Collect$$$$00000001)
    _main_scatterload                        0x080000c5   Thumb Code     0  entry5.o(.ARM.Collect$$$$00000004)
    __main_after_scatterload                 0x080000c9   Thumb Code     0  entry5.o(.ARM.Collect$$$$00000004)
    _main_clock                              0x080000c9   Thumb Code     0  entry7b.o(.ARM.Collect$$$$00000008)
    _main_cpp_init                           0x080000c9   Thumb Code     0  entry8b.o(.ARM.Collect$$$$0000000A)
    _main_init                               0x080000c9   Thumb Code     0  entry9a.o(.ARM.Collect$$$$0000000B)
    __rt_final_cpp                           0x080000d1   Thumb Code     0  entry10a.o(.ARM.Collect$$$$0000000D)
    __rt_final_exit                          0x080000d1   Thumb Code     0  entry11a.o(.ARM.Collect$$$$0000000F)
    Reset_Handler                            0x080000d5   Thumb Code     8  startup_stm32l051xx.o(.text)
    ADC1_COMP_IRQHandler                     0x080000e9   Thumb Code     0  startup_stm32l051xx.o(.text)
    DMA1_Channel1_IRQHandler                 0x080000e9   Thumb Code     0  startup_stm32l051xx.o(.text)
    DMA1_Channel2_3_IRQHandler               0x080000e9   Thumb Code     0  startup_stm32l051xx.o(.text)
    DMA1_Channel4_5_6_7_IRQHandler           0x080000e9   Thumb Code     0  startup_stm32l051xx.o(.text)
    FLASH_IRQHandler                         0x080000e9   Thumb Code     0  startup_stm32l051xx.o(.text)
    I2C1_IRQHandler                          0x080000e9   Thumb Code     0  startup_stm32l051xx.o(.text)
    I2C2_IRQHandler                          0x080000e9   Thumb Code     0  startup_stm32l051xx.o(.text)
    LPTIM1_IRQHandler                        0x080000e9   Thumb Code     0  startup_stm32l051xx.o(.text)
    LPUART1_IRQHandler                       0x080000e9   Thumb Code     0  startup_stm32l051xx.o(.text)
    PVD_IRQHandler                           0x080000e9   Thumb Code     0  startup_stm32l051xx.o(.text)
    RCC_IRQHandler                           0x080000e9   Thumb Code     0  startup_stm32l051xx.o(.text)
    SPI1_IRQHandler                          0x080000e9   Thumb Code     0  startup_stm32l051xx.o(.text)
    SPI2_IRQHandler                          0x080000e9   Thumb Code     0  startup_stm32l051xx.o(.text)
    TIM21_IRQHandler                         0x080000e9   Thumb Code     0  startup_stm32l051xx.o(.text)
    TIM22_IRQHandler                         0x080000e9   Thumb Code     0  startup_stm32l051xx.o(.text)
    TIM6_IRQHandler                          0x080000e9   Thumb Code     0  startup_stm32l051xx.o(.text)
    USART2_IRQHandler                        0x080000e9   Thumb Code     0  startup_stm32l051xx.o(.text)
    WWDG_IRQHandler                          0x080000e9   Thumb Code     0  startup_stm32l051xx.o(.text)
    __aeabi_uidiv                            0x080000f5   Thumb Code     0  uidiv.o(.text)
    __aeabi_uidivmod                         0x080000f5   Thumb Code    44  uidiv.o(.text)
    __aeabi_idiv                             0x08000121   Thumb Code     0  idiv.o(.text)
    __aeabi_idivmod                          0x08000121   Thumb Code    40  idiv.o(.text)
    __aeabi_lmul                             0x08000149   Thumb Code   122  llmul.o(.text)
    _ll_mul                                  0x08000149   Thumb Code     0  llmul.o(.text)
    __aeabi_memcpy                           0x080001c3   Thumb Code    36  memcpya.o(.text)
    __aeabi_memcpy4                          0x080001c3   Thumb Code     0  memcpya.o(.text)
    __aeabi_memcpy8                          0x080001c3   Thumb Code     0  memcpya.o(.text)
    __aeabi_memset                           0x080001e7   Thumb Code    14  memseta.o(.text)
    __aeabi_memset4                          0x080001e7   Thumb Code     0  memseta.o(.text)
    __aeabi_memset8                          0x080001e7   Thumb Code     0  memseta.o(.text)
    __aeabi_memclr                           0x080001f5   Thumb Code     4  memseta.o(.text)
    __aeabi_memclr4                          0x080001f5   Thumb Code     0  memseta.o(.text)
    __aeabi_memclr8                          0x080001f5   Thumb Code     0  memseta.o(.text)
    memset                                   0x080001f9   Thumb Code    18  memseta.o(.text)
    strlen                                   0x0800020b   Thumb Code    14  strlen.o(.text)
    __aeabi_uread4                           0x08000219   Thumb Code    20  uread4.o(.text)
    __rt_uread4                              0x08000219   Thumb Code     0  uread4.o(.text)
    _uread4                                  0x08000219   Thumb Code     0  uread4.o(.text)
    __aeabi_uread8                           0x0800022d   Thumb Code    28  uread8.o(.text)
    __rt_uread8                              0x0800022d   Thumb Code     0  uread8.o(.text)
    _uread8                                  0x0800022d   Thumb Code     0  uread8.o(.text)
    __aeabi_uwrite4                          0x08000249   Thumb Code    18  uwrite4.o(.text)
    __rt_uwrite4                             0x08000249   Thumb Code     0  uwrite4.o(.text)
    _uwrite4                                 0x08000249   Thumb Code     0  uwrite4.o(.text)
    __aeabi_uwrite8                          0x0800025b   Thumb Code    30  uwrite8.o(.text)
    __rt_uwrite8                             0x0800025b   Thumb Code     0  uwrite8.o(.text)
    _uwrite8                                 0x0800025b   Thumb Code     0  uwrite8.o(.text)
    __aeabi_dadd                             0x08000279   Thumb Code   328  dadd.o(.text)
    __aeabi_dsub                             0x080003c1   Thumb Code    12  dadd.o(.text)
    __aeabi_drsub                            0x080003cd   Thumb Code    12  dadd.o(.text)
    __aeabi_dmul                             0x080003dd   Thumb Code   202  dmul.o(.text)
    __aeabi_ddiv                             0x080004ad   Thumb Code   234  ddiv.o(.text)
    __aeabi_i2d                              0x0800059d   Thumb Code    34  dflti.o(.text)
    __aeabi_ui2d                             0x080005c5   Thumb Code    24  dfltui.o(.text)
    __aeabi_d2iz                             0x080005e1   Thumb Code    62  dfixi.o(.text)
    __aeabi_d2uiz                            0x08000629   Thumb Code    50  dfixui.o(.text)
    __aeabi_cdcmpeq                          0x08000665   Thumb Code     0  cdcmple.o(.text)
    __aeabi_cdcmple                          0x08000665   Thumb Code    38  cdcmple.o(.text)
    __aeabi_cdrcmple                         0x0800068d   Thumb Code    38  cdrcmple.o(.text)
    __aeabi_uldivmod                         0x080006b5   Thumb Code    96  uldiv.o(.text)
    __aeabi_llsl                             0x08000715   Thumb Code    32  llshl.o(.text)
    _ll_shift_l                              0x08000715   Thumb Code     0  llshl.o(.text)
    __aeabi_llsr                             0x08000735   Thumb Code    34  llushr.o(.text)
    _ll_ushift_r                             0x08000735   Thumb Code     0  llushr.o(.text)
    __aeabi_lasr                             0x08000757   Thumb Code    38  llsshr.o(.text)
    _ll_sshift_r                             0x08000757   Thumb Code     0  llsshr.o(.text)
    __I$use$fp                               0x0800077d   Thumb Code     0  iusefp.o(.text)
    _double_round                            0x0800077d   Thumb Code    26  depilogue.o(.text)
    _double_epilogue                         0x08000797   Thumb Code   164  depilogue.o(.text)
    _drnd                                    0x0800083d   Thumb Code   114  drnd.o(.text)
    __scatterload                            0x080008b9   Thumb Code    28  init.o(.text)
    __scatterload_rt2                        0x080008b9   Thumb Code     0  init.o(.text)
    __decompress                             0x080008dd   Thumb Code     0  __dczerorl2.o(.text)
    __decompress1                            0x080008dd   Thumb Code    86  __dczerorl2.o(.text)
    AES_CMAC_Final                           0x08000933   Thumb Code   452  cmac.o(i.AES_CMAC_Final)
    AES_CMAC_Init                            0x08000af7   Thumb Code    34  cmac.o(i.AES_CMAC_Init)
    AES_CMAC_SetKey                          0x08000b19   Thumb Code    18  cmac.o(i.AES_CMAC_SetKey)
    AES_CMAC_Update                          0x08000b2d   Thumb Code   252  cmac.o(i.AES_CMAC_Update)
    APP_Init                                 0x08000c2d   Thumb Code   136  app_osal.o(i.APP_Init)
    APP_ProcessEvent                         0x08000cd1   Thumb Code   444  app_osal.o(i.APP_ProcessEvent)
    APP_ShowMoteID                           0x08000ec1   Thumb Code   102  app_osal.o(i.APP_ShowMoteID)
    BoardMeasureBatterieLevel                0x08000fe1   Thumb Code    16  board.o(i.BoardMeasureBatterieLevel)
    DebugMon_Handler                         0x08000ff1   Thumb Code     2  stm32l0xx_it.o(i.DebugMon_Handler)
    DelayMs                                  0x08000ff3   Thumb Code    12  delay.o(i.DelayMs)
    EXTI0_1_IRQHandler                       0x08001001   Thumb Code    68  gpio_board.o(i.EXTI0_1_IRQHandler)
    EXTI2_3_IRQHandler                       0x0800104d   Thumb Code    36  gpio_board.o(i.EXTI2_3_IRQHandler)
    EXTI4_15_IRQHandler                      0x08001079   Thumb Code    68  gpio_board.o(i.EXTI4_15_IRQHandler)
    HAL_Delay                                0x080010f9   Thumb Code    26  stm32l0xx_hal.o(i.HAL_Delay)
    HAL_GPIO_EXTI_Callback                   0x08001115   Thumb Code    36  key_board.o(i.HAL_GPIO_EXTI_Callback)
    HAL_GPIO_Init                            0x0800113d   Thumb Code   462  stm32l0xx_hal_gpio.o(i.HAL_GPIO_Init)
    HAL_GPIO_WritePin                        0x08001329   Thumb Code    12  stm32l0xx_hal_gpio.o(i.HAL_GPIO_WritePin)
    HAL_GetTick                              0x08001335   Thumb Code     6  stm32l0xx_hal.o(i.HAL_GetTick)
    HAL_IncTick                              0x08001341   Thumb Code    12  stm32l0xx_hal.o(i.HAL_IncTick)
    HAL_Init                                 0x08001351   Thumb Code    40  stm32l0xx_hal.o(i.HAL_Init)
    HAL_InitTick                             0x0800137d   Thumb Code    38  stm32l0xx_hal.o(i.HAL_InitTick)
    HAL_MspInit                              0x080013a3   Thumb Code    40  stm32l0xx_hal_msp.o(i.HAL_MspInit)
    HAL_NVIC_EnableIRQ                       0x080013cd   Thumb Code    18  stm32l0xx_hal_cortex.o(i.HAL_NVIC_EnableIRQ)
    HAL_NVIC_SetPriority                     0x080013e5   Thumb Code    18  stm32l0xx_hal_cortex.o(i.HAL_NVIC_SetPriority)
    HAL_RCC_ClockConfig                      0x080013f9   Thumb Code   748  stm32l0xx_hal_rcc.o(i.HAL_RCC_ClockConfig)
    HAL_RCC_GetHCLKFreq                      0x080016f1   Thumb Code    32  stm32l0xx_hal_rcc.o(i.HAL_RCC_GetHCLKFreq)
    HAL_RCC_GetOscConfig                     0x0800171d   Thumb Code   290  stm32l0xx_hal_rcc.o(i.HAL_RCC_GetOscConfig)
    HAL_RCC_GetPCLK1Freq                     0x08001845   Thumb Code    26  stm32l0xx_hal_rcc.o(i.HAL_RCC_GetPCLK1Freq)
    HAL_RCC_GetPCLK2Freq                     0x08001869   Thumb Code    26  stm32l0xx_hal_rcc.o(i.HAL_RCC_GetPCLK2Freq)
    HAL_RCC_GetSysClockFreq                  0x0800188d   Thumb Code   180  stm32l0xx_hal_rcc.o(i.HAL_RCC_GetSysClockFreq)
    HAL_RCC_OscConfig                        0x08001959   Thumb Code  1478  stm32l0xx_hal_rcc.o(i.HAL_RCC_OscConfig)
    HAL_RTCEx_AlarmBEventCallback            0x08001f2d   Thumb Code     2  stm32l0xx_hal_rtc_ex.o(i.HAL_RTCEx_AlarmBEventCallback)
    HAL_RTC_AlarmAEventCallback              0x08001f2f   Thumb Code    10  rtc_board.o(i.HAL_RTC_AlarmAEventCallback)
    HAL_RTC_AlarmIRQHandler                  0x08001f39   Thumb Code   120  stm32l0xx_hal_rtc.o(i.HAL_RTC_AlarmIRQHandler)
    HAL_SPI_DeInit                           0x08001fbd   Thumb Code    58  stm32l0xx_hal_spi.o(i.HAL_SPI_DeInit)
    HAL_SPI_GetState                         0x08001ff7   Thumb Code     8  stm32l0xx_hal_spi.o(i.HAL_SPI_GetState)
    HAL_SPI_Init                             0x08001fff   Thumb Code   138  stm32l0xx_hal_spi.o(i.HAL_SPI_Init)
    HAL_SPI_MspDeInit                        0x08002089   Thumb Code     2  stm32l0xx_hal_spi.o(i.HAL_SPI_MspDeInit)
    HAL_SPI_MspInit                          0x0800208b   Thumb Code     2  stm32l0xx_hal_spi.o(i.HAL_SPI_MspInit)
    HAL_SPI_Transmit                         0x0800208d   Thumb Code   478  stm32l0xx_hal_spi.o(i.HAL_SPI_Transmit)
    HAL_SPI_TransmitReceive                  0x0800226b   Thumb Code   922  stm32l0xx_hal_spi.o(i.HAL_SPI_TransmitReceive)
    HAL_SYSTICK_Config                       0x08002605   Thumb Code    46  stm32l0xx_hal_cortex.o(i.HAL_SYSTICK_Config)
    HAL_TIM_Base_Init                        0x0800263d   Thumb Code    50  stm32l0xx_hal_tim.o(i.HAL_TIM_Base_Init)
    HAL_TIM_Base_MspInit                     0x08002671   Thumb Code    34  stm32l0xx_hal_msp.o(i.HAL_TIM_Base_MspInit)
    HAL_TIM_Base_Start_IT                    0x08002699   Thumb Code    30  stm32l0xx_hal_tim.o(i.HAL_TIM_Base_Start_IT)
    HAL_TIM_IC_CaptureCallback               0x080026b7   Thumb Code     2  stm32l0xx_hal_tim.o(i.HAL_TIM_IC_CaptureCallback)
    HAL_TIM_IRQHandler                       0x080026b9   Thumb Code   380  stm32l0xx_hal_tim.o(i.HAL_TIM_IRQHandler)
    HAL_TIM_OC_DelayElapsedCallback          0x08002835   Thumb Code     2  stm32l0xx_hal_tim.o(i.HAL_TIM_OC_DelayElapsedCallback)
    HAL_TIM_PWM_PulseFinishedCallback        0x08002837   Thumb Code     2  stm32l0xx_hal_tim.o(i.HAL_TIM_PWM_PulseFinishedCallback)
    HAL_TIM_PeriodElapsedCallback            0x08002839   Thumb Code     2  stm32l0xx_hal_tim.o(i.HAL_TIM_PeriodElapsedCallback)
    HAL_TIM_TriggerCallback                  0x0800283b   Thumb Code     2  stm32l0xx_hal_tim.o(i.HAL_TIM_TriggerCallback)
    HAL_UARTEx_WakeupCallback                0x0800283d   Thumb Code     2  stm32l0xx_hal_uart_ex.o(i.HAL_UARTEx_WakeupCallback)
    HAL_UART_ErrorCallback                   0x0800283f   Thumb Code     2  stm32l0xx_hal_uart.o(i.HAL_UART_ErrorCallback)
    HAL_UART_Init                            0x08002841   Thumb Code   118  stm32l0xx_hal_uart.o(i.HAL_UART_Init)
    HAL_UART_MspInit                         0x080028b9   Thumb Code   108  uart_board.o(i.HAL_UART_MspInit)
    HAL_UART_SendBytes                       0x0800292d   Thumb Code    42  uart_board.o(i.HAL_UART_SendBytes)
    HAL_USART_GET_FLAG                       0x0800295d   Thumb Code    18  uart_board.o(i.HAL_USART_GET_FLAG)
    HalKeyInit                               0x08002971   Thumb Code    20  key_board.o(i.HalKeyInit)
    HalKeyPoll                               0x0800298d   Thumb Code    24  key_board.o(i.HalKeyPoll)
    HalLedBlink                              0x080029ad   Thumb Code   170  led_board.o(i.HalLedBlink)
    HalLedInit                               0x08002a69   Thumb Code    68  led_board.o(i.HalLedInit)
    HalLedOnOff                              0x08002ab5   Thumb Code   114  led_board.o(i.HalLedOnOff)
    HalLedSet                                0x08002b31   Thumb Code   130  led_board.o(i.HalLedSet)
    HalLedUpdate                             0x08002bbd   Thumb Code   300  led_board.o(i.HalLedUpdate)
    HardFault_Handler                        0x08002cf5   Thumb Code     4  stm32l0xx_it.o(i.HardFault_Handler)
    HardWare_Init                            0x08002cf9   Thumb Code    14  hal_osal.o(i.HardWare_Init)
    HardWare_ProcessEvent                    0x08002d0d   Thumb Code    50  hal_osal.o(i.HardWare_ProcessEvent)
    KEY_Init                                 0x08002d41   Thumb Code    62  key_board.o(i.KEY_Init)
    LoRaMAC_BKDRHash                         0x08002d89   Thumb Code    32  loramac_osal.o(i.LoRaMAC_BKDRHash)
    LoRaMAC_IDHashProgram                    0x08002da9   Thumb Code    38  loramac_osal.o(i.LoRaMAC_IDHashProgram)
    LoRaMAC_Init                             0x08002de5   Thumb Code    72  loramac_osal.o(i.LoRaMAC_Init)
    LoRaMAC_ProcessEvent                     0x08002e55   Thumb Code   162  loramac_osal.o(i.LoRaMAC_ProcessEvent)
    LoRaMacComputeMic                        0x08002fa9   Thumb Code   134  loramaccrypto.o(i.LoRaMacComputeMic)
    LoRaMacEventRegister                     0x0800303d   Thumb Code    32  loramac.o(i.LoRaMacEventRegister)
    LoRaMacInit                              0x08003075   Thumb Code   310  loramac.o(i.LoRaMacInit)
    LoRaMacInitNwkIds                        0x08003279   Thumb Code    46  loramac.o(i.LoRaMacInitNwkIds)
    LoRaMacJoinComputeMic                    0x080032bd   Thumb Code    74  loramaccrypto.o(i.LoRaMacJoinComputeMic)
    LoRaMacJoinComputeSKeys                  0x08003311   Thumb Code   136  loramaccrypto.o(i.LoRaMacJoinComputeSKeys)
    LoRaMacJoinDecrypt                       0x0800339d   Thumb Code    42  loramaccrypto.o(i.LoRaMacJoinDecrypt)
    LoRaMacPayloadDecrypt                    0x08003401   Thumb Code    36  loramaccrypto.o(i.LoRaMacPayloadDecrypt)
    LoRaMacPayloadEncrypt                    0x08003425   Thumb Code   210  loramaccrypto.o(i.LoRaMacPayloadEncrypt)
    LoRaMacPrepareFrame                      0x08003505   Thumb Code   962  loramac.o(i.LoRaMacPrepareFrame)
    LoRaMacRxWindowSetup                     0x08003d5d   Thumb Code   180  loramac.o(i.LoRaMacRxWindowSetup)
    LoRaMacSend                              0x08003e29   Thumb Code   134  loramac.o(i.LoRaMacSend)
    LoRaMacSendFrame                         0x08003ebd   Thumb Code    40  loramac.o(i.LoRaMacSendFrame)
    LoRaMacSendFrameOnChannel                0x08003ee5   Thumb Code   568  loramac.o(i.LoRaMacSendFrameOnChannel)
    LoRaMacSendOnChannel                     0x0800418d   Thumb Code    58  loramac.o(i.LoRaMacSendOnChannel)
    LoRaMacSetAdrOn                          0x080041cd   Thumb Code     6  loramac.o(i.LoRaMacSetAdrOn)
    LoRaMacSetChannel                        0x080041d9   Thumb Code    72  loramac.o(i.LoRaMacSetChannel)
    LoRaMacSetDatarate                       0x08004229   Thumb Code    12  loramac.o(i.LoRaMacSetDatarate)
    LoRaMacSetPublicNetwork                  0x080044bd   Thumb Code    48  loramac.o(i.LoRaMacSetPublicNetwork)
    LoRaMac_getAppLayerParameter             0x080044f5   Thumb Code    74  loramacusr.o(i.LoRaMac_getAppLayerParameter)
    LoRaMac_setMacLayerParameter             0x0800454d   Thumb Code   162  loramacusr.o(i.LoRaMac_setMacLayerParameter)
    LoRaMac_setMode                          0x08004609   Thumb Code    36  loramacusr.o(i.LoRaMac_setMode)
    NMI_Handler                              0x08004631   Thumb Code     2  stm32l0xx_it.o(i.NMI_Handler)
    OLED_Clear                               0x080046ad   Thumb Code    42  oled_board.o(i.OLED_Clear)
    OLED_Clear_Half                          0x080046dd   Thumb Code    42  oled_board.o(i.OLED_Clear_Half)
    OLED_DrawPoint                           0x0800470d   Thumb Code   102  oled_board.o(i.OLED_DrawPoint)
    OLED_Init                                0x08004779   Thumb Code   348  oled_board.o(i.OLED_Init)
    OLED_Refresh_Gram                        0x080048dd   Thumb Code    70  oled_board.o(i.OLED_Refresh_Gram)
    OLED_ShowChar                            0x08004929   Thumb Code   238  oled_board.o(i.OLED_ShowChar)
    OLED_ShowString                          0x08004a25   Thumb Code    94  oled_board.o(i.OLED_ShowString)
    OLED_WR_Byte                             0x08004a85   Thumb Code   142  oled_board.o(i.OLED_WR_Byte)
    PendSV_Handler                           0x080058e5   Thumb Code     2  stm32l0xx_it.o(i.PendSV_Handler)
    RTC_IRQHandler                           0x080058e9   Thumb Code    10  stm32l0xx_it.o(i.RTC_IRQHandler)
    RtcRecoverMcuStatus                      0x080058f9   Thumb Code    28  rtc_board.o(i.RtcRecoverMcuStatus)
    SPI1_Error                               0x080059cd   Thumb Code    14  spi_board.o(i.SPI1_Error)
    SPI1_Init                                0x080059e1   Thumb Code    80  spi_board.o(i.SPI1_Init)
    SPI1_MspInit                             0x08005a3d   Thumb Code   132  spi_board.o(i.SPI1_MspInit)
    SPI1_Read                                0x08005ac5   Thumb Code    44  spi_board.o(i.SPI1_Read)
    SPI1_Write                               0x08005af5   Thumb Code    30  spi_board.o(i.SPI1_Write)
    SVC_Handler                              0x08005c31   Thumb Code     2  stm32l0xx_it.o(i.SVC_Handler)
    SX1276AntSwDeInit                        0x08005c33   Thumb Code    46  sx1276_board.o(i.SX1276AntSwDeInit)
    SX1276AntSwInit                          0x08005c61   Thumb Code    56  sx1276_board.o(i.SX1276AntSwInit)
    SX1276CheckRfFrequency                   0x08005c9d   Thumb Code     6  sx1276_board.o(i.SX1276CheckRfFrequency)
    SX1276GetPaSelect                        0x08005ca3   Thumb Code     6  sx1276_board.o(i.SX1276GetPaSelect)
    SX1276GetStatus                          0x08005ca9   Thumb Code     6  sx1276.o(i.SX1276GetStatus)
    SX1276GetTimeOnAir                       0x08005cb5   Thumb Code   632  sx1276.o(i.SX1276GetTimeOnAir)
    SX1276Init                               0x08005f55   Thumb Code   110  sx1276.o(i.SX1276Init)
    SX1276IoInit                             0x08005fe5   Thumb Code    66  sx1276_board.o(i.SX1276IoInit)
    SX1276IoIrqInit                          0x08006035   Thumb Code   116  sx1276_board.o(i.SX1276IoIrqInit)
    SX1276IsChannelFree                      0x080060bd   Thumb Code    58  sx1276.o(i.SX1276IsChannelFree)
    SX1276OnDio0Irq                          0x080060f9   Thumb Code  1130  sx1276.o(i.SX1276OnDio0Irq)
    SX1276OnDio1Irq                          0x08006579   Thumb Code   356  sx1276.o(i.SX1276OnDio1Irq)
    SX1276OnDio2Irq                          0x080066ed   Thumb Code   316  sx1276.o(i.SX1276OnDio2Irq)
    SX1276OnDio3Irq                          0x08006839   Thumb Code   114  sx1276.o(i.SX1276OnDio3Irq)
    SX1276OnDio4Irq                          0x080068b5   Thumb Code    42  sx1276.o(i.SX1276OnDio4Irq)
    SX1276OnTimeoutIrq                       0x080068e5   Thumb Code   170  sx1276.o(i.SX1276OnTimeoutIrq)
    SX1276Q1CtrlInit                         0x0800699d   Thumb Code    56  sx1276_board.o(i.SX1276Q1CtrlInit)
    SX1276RadioEventsInit                    0x080069d9   Thumb Code     6  sx1276.o(i.SX1276RadioEventsInit)
    SX1276Random                             0x080069e5   Thumb Code    64  sx1276.o(i.SX1276Random)
    SX1276Read                               0x08006a25   Thumb Code    20  sx1276.o(i.SX1276Read)
    SX1276ReadBuffer                         0x08006a39   Thumb Code    68  sx1276.o(i.SX1276ReadBuffer)
    SX1276ReadFifo                           0x08006a7d   Thumb Code    18  sx1276.o(i.SX1276ReadFifo)
    SX1276ReadRssi                           0x08006a91   Thumb Code   124  sx1276.o(i.SX1276ReadRssi)
    SX1276Reset                              0x08006b1d   Thumb Code    38  sx1276.o(i.SX1276Reset)
    SX1276Send                               0x08006b49   Thumb Code   284  sx1276.o(i.SX1276Send)
    SX1276SetAntSw                           0x08006c69   Thumb Code    52  sx1276_board.o(i.SX1276SetAntSw)
    SX1276SetAntSwLowPower                   0x08006ca1   Thumb Code    32  sx1276_board.o(i.SX1276SetAntSwLowPower)
    SX1276SetChannel                         0x08006cc5   Thumb Code    72  sx1276.o(i.SX1276SetChannel)
    SX1276SetModem                           0x08006d1d   Thumb Code   136  sx1276.o(i.SX1276SetModem)
    SX1276SetOpMode                          0x08006da9   Thumb Code    76  sx1276.o(i.SX1276SetOpMode)
    SX1276SetRx                              0x08006df9   Thumb Code   488  sx1276.o(i.SX1276SetRx)
    SX1276SetRxConfig                        0x08007001   Thumb Code   660  sx1276.o(i.SX1276SetRxConfig)
    SX1276SetSleep                           0x080072a1   Thumb Code    28  sx1276.o(i.SX1276SetSleep)
    SX1276SetStby                            0x080072c9   Thumb Code    28  sx1276.o(i.SX1276SetStby)
    SX1276SetTcxoConfig                      0x080072f1   Thumb Code    12  sx1276.o(i.SX1276SetTcxoConfig)
    SX1276SetTx                              0x080072fd   Thumb Code   192  sx1276.o(i.SX1276SetTx)
    SX1276SetTxConfig                        0x080073c5   Thumb Code   802  sx1276.o(i.SX1276SetTxConfig)
    SX1276StartCad                           0x080076fd   Thumb Code    64  sx1276.o(i.SX1276StartCad)
    SX1276Write                              0x08007741   Thumb Code    16  sx1276.o(i.SX1276Write)
    SX1276WriteBuffer                        0x08007751   Thumb Code    68  sx1276.o(i.SX1276WriteBuffer)
    SX1276WriteFifo                          0x08007795   Thumb Code    18  sx1276.o(i.SX1276WriteFifo)
    SysTick_Handler                          0x080077a9   Thumb Code    18  stm32l0xx_it.o(i.SysTick_Handler)
    SystemClockConfig_STOP                   0x080077c1   Thumb Code   102  rtc_board.o(i.SystemClockConfig_STOP)
    SystemClock_Config                       0x08007831   Thumb Code   104  stm32l0xx_hal_msp.o(i.SystemClock_Config)
    SystemInit                               0x080078a1   Thumb Code    88  system_stm32l0xx.o(i.SystemInit)
    TIM2_IRQHandler                          0x08007909   Thumb Code    38  stm32l0xx_it.o(i.TIM2_IRQHandler)
    TimerGetCurrentTime                      0x080079c5   Thumb Code     8  timer.o(i.TimerGetCurrentTime)
    TimerGetValue                            0x080079cd   Thumb Code     8  timer.o(i.TimerGetValue)
    TimerHwDelayMs                           0x080079d5   Thumb Code    76  timer_board.o(i.TimerHwDelayMs)
    TimerHwGetElapsedTime                    0x08007a21   Thumb Code    40  timer_board.o(i.TimerHwGetElapsedTime)
    TimerHwGetMinimumTimeout                 0x08007a4d   Thumb Code    18  timer_board.o(i.TimerHwGetMinimumTimeout)
    TimerHwGetTime                           0x08007a65   Thumb Code    24  timer_board.o(i.TimerHwGetTime)
    TimerHwGetTimerValue                     0x08007a7d   Thumb Code    18  timer_board.o(i.TimerHwGetTimerValue)
    TimerHwInit                              0x08007a95   Thumb Code    58  timer_board.o(i.TimerHwInit)
    TimerHwStart                             0x08007ae5   Thumb Code    62  timer_board.o(i.TimerHwStart)
    TimerIncrementTickCounter                0x08007b2d   Thumb Code    24  timer_board.o(i.TimerIncrementTickCounter)
    TimerInit                                0x08007b49   Thumb Code    14  timer.o(i.TimerInit)
    TimerIrqHandler                          0x08007bfd   Thumb Code   160  timer.o(i.TimerIrqHandler)
    TimerSetValue                            0x08007cad   Thumb Code    32  timer.o(i.TimerSetValue)
    TimerStart                               0x08007ccd   Thumb Code   132  timer.o(i.TimerStart)
    TimerStop                                0x08007d55   Thumb Code   232  timer.o(i.TimerStop)
    UART_AdvFeatureConfig                    0x08007e41   Thumb Code   240  stm32l0xx_hal_uart.o(i.UART_AdvFeatureConfig)
    UART_CheckIdleState                      0x08007f31   Thumb Code    92  stm32l0xx_hal_uart.o(i.UART_CheckIdleState)
    UART_Init                                0x08007f91   Thumb Code   104  uart_board.o(i.UART_Init)
    UART_SetConfig                           0x08008015   Thumb Code   610  stm32l0xx_hal_uart.o(i.UART_SetConfig)
    UART_WaitOnFlagUntilTimeout              0x0800829d   Thumb Code   256  stm32l0xx_hal_uart.o(i.UART_WaitOnFlagUntilTimeout)
    USART1_IRQHandler                        0x0800839d   Thumb Code   500  stm32l0xx_it.o(i.USART1_IRQHandler)
    __0sprintf$5                             0x080085ad   Thumb Code    36  printf5.o(i.__0sprintf$5)
    __1sprintf$5                             0x080085ad   Thumb Code     0  printf5.o(i.__0sprintf$5)
    __2sprintf                               0x080085ad   Thumb Code     0  printf5.o(i.__0sprintf$5)
    __ARM_clz                                0x080085d5   Thumb Code    46  depilogue.o(i.__ARM_clz)
    __ARM_common_switch8                     0x08008603   Thumb Code    28  stm32l0xx_hal_tim.o(i.__ARM_common_switch8)
    __scatterload_copy                       0x0800862b   Thumb Code    14  handlers.o(i.__scatterload_copy)
    __scatterload_null                       0x08008639   Thumb Code     2  handlers.o(i.__scatterload_null)
    __scatterload_zeroinit                   0x0800863b   Thumb Code    14  handlers.o(i.__scatterload_zeroinit)
    aes_encrypt                              0x0800894b   Thumb Code    90  aes.o(i.aes_encrypt)
    aes_set_key                              0x080089a5   Thumb Code   280  aes.o(i.aes_set_key)
    ceil                                     0x08008ac1   Thumb Code   180  ceil.o(i.ceil)
    display_sx1276_rx_pac_parm               0x08008c69   Thumb Code   240  sx1276.o(i.display_sx1276_rx_pac_parm)
    display_sx1276_tx_pac_parm               0x08008d71   Thumb Code   304  sx1276.o(i.display_sx1276_tx_pac_parm)
    floor                                    0x08008ed5   Thumb Code   180  floor.o(i.floor)
    halProcessKeyInterrupt                   0x08008f9d   Thumb Code    16  key_board.o(i.halProcessKeyInterrupt)
    main                                     0x08008fb1   Thumb Code    12  main.o(i.main)
    memcpy1                                  0x08008fbd   Thumb Code    24  utilities.o(i.memcpy1)
    memset1                                  0x08008fd5   Thumb Code    20  utilities.o(i.memset1)
    onPhyEvent                               0x0800926d   Thumb Code   168  loramac_osal.o(i.onPhyEvent)
    osalAddTimer                             0x08009319   Thumb Code    88  osal_time.o(i.osalAddTimer)
    osalDeleteTimer                          0x08009375   Thumb Code    10  osal_time.o(i.osalDeleteTimer)
    osalFindTimer                            0x08009381   Thumb Code    32  osal_time.o(i.osalFindTimer)
    osalInitTasks                            0x080093a5   Thumb Code    42  osal_app.o(i.osalInitTasks)
    osalTimeUpdate                           0x080093d5   Thumb Code    42  osal.o(i.osalTimeUpdate)
    osalTimerInit                            0x08009405   Thumb Code     8  osal_time.o(i.osalTimerInit)
    osalTimerUpdate                          0x08009411   Thumb Code   184  osal_time.o(i.osalTimerUpdate)
    osal_GetSystemClock                      0x080094d1   Thumb Code     6  osal_time.o(i.osal_GetSystemClock)
    osal_clear_event                         0x080094dd   Thumb Code    72  osal.o(i.osal_clear_event)
    osal_init_system                         0x0800952d   Thumb Code    28  osal.o(i.osal_init_system)
    osal_mem_alloc                           0x0800954d   Thumb Code   298  osal_memory.o(i.osal_mem_alloc)
    osal_mem_free                            0x08009695   Thumb Code    88  osal_memory.o(i.osal_mem_free)
    osal_mem_init                            0x080096f9   Thumb Code    96  osal_memory.o(i.osal_mem_init)
    osal_mem_kick                            0x0800976d   Thumb Code    48  osal_memory.o(i.osal_mem_kick)
    osal_memcpy                              0x080097a5   Thumb Code    28  osal.o(i.osal_memcpy)
    osal_memset                              0x080097c1   Thumb Code    20  osal.o(i.osal_memset)
    osal_msg_allocate                        0x080097d5   Thumb Code    46  osal.o(i.osal_msg_allocate)
    osal_msg_deallocate                      0x08009803   Thumb Code    40  osal.o(i.osal_msg_deallocate)
    osal_msg_enqueue                         0x0800982b   Thumb Code    84  osal.o(i.osal_msg_enqueue)
    osal_msg_extract                         0x0800987f   Thumb Code    84  osal.o(i.osal_msg_extract)
    osal_msg_receive                         0x080098d5   Thumb Code   130  osal.o(i.osal_msg_receive)
    osal_msg_send                            0x0800995d   Thumb Code    90  osal.o(i.osal_msg_send)
    osal_mutex_updata                        0x080099c1   Thumb Code    26  osal_mutex.o(i.osal_mutex_updata)
    osal_set_event                           0x080099e1   Thumb Code    72  osal.o(i.osal_set_event)
    osal_start_system                        0x08009a31   Thumb Code   168  osal.o(i.osal_start_system)
    osal_start_timerEx                       0x08009ae5   Thumb Code    62  osal_time.o(i.osal_start_timerEx)
    osal_stop_timerEx                        0x08009b23   Thumb Code    70  osal_time.o(i.osal_stop_timerEx)
    osal_strlen                              0x08009b69   Thumb Code    12  osal.o(i.osal_strlen)
    phyInit                                  0x08009b75   Thumb Code   286  phymac.o(i.phyInit)
    phyRxDone                                0x08009cd9   Thumb Code    52  phymac.o(i.phyRxDone)
    phyRxError                               0x08009d1d   Thumb Code    36  phymac.o(i.phyRxError)
    phyRxTimeout                             0x08009d51   Thumb Code    44  phymac.o(i.phyRxTimeout)
    phySendFrame                             0x08009d8d   Thumb Code    36  phymac.o(i.phySendFrame)
    phyTxDone                                0x08009db9   Thumb Code    36  phymac.o(i.phyTxDone)
    phyTxTimeout                             0x08009ded   Thumb Code    36  phymac.o(i.phyTxTimeout)
    rand                                     0x08009e21   Thumb Code    30  utilities.o(i.rand)
    randr                                    0x08009e51   Thumb Code    26  utilities.o(i.randr)
    round                                    0x08009e6d   Thumb Code   142  round.o(i.round)
    srand                                    0x08009f79   Thumb Code     6  utilities.o(i.srand)
    MSIRangeTable                            0x0800a008   Data          28  stm32l0xx_hal_rcc.o(.constdata)
    RadioRegsInit                            0x0800a024   Data          45  sx1276.o(.constdata)
    FskBandwidths                            0x0800a054   Data         176  sx1276.o(.constdata)
    asc2_1206                                0x0800a104   Data        1140  oled_board.o(.constdata)
    asc2_1608                                0x0800a578   Data        1520  oled_board.o(.constdata)
    asc2_2412                                0x0800ab68   Data        3420  oled_board.o(.constdata)
    Radio                                    0x0800b8c4   Data          80  sx1276_board.o(.constdata)
    tasksArr                                 0x0800b914   Data          12  osal_app.o(.constdata)
    tasksCnt                                 0x0800b920   Data           1  osal_app.o(.constdata)
    Datarates                                0x0800b921   Data           8  loramac.o(.constdata)
    TxPowers                                 0x0800b929   Data           6  loramac.o(.constdata)
    Region$$Table$$Base                      0x0800bc30   Number         0  anon$$obj.o(Region$$Table)
    Region$$Table$$Limit                     0x0800bc50   Number         0  anon$$obj.o(Region$$Table)
    SystemCoreClock                          0x20000000   Data           4  system_stm32l0xx.o(.data)
    AHBPrescTable                            0x20000004   Data          16  system_stm32l0xx.o(.data)
    PLLMulTable                              0x20000014   Data           9  system_stm32l0xx.o(.data)
    DioIrq                                   0x20000044   Data          24  sx1276.o(.data)
    Hal_KeyIntEnable                         0x2000005d   Data           1  key_board.o(.data)
    g_key1_push_dowm                         0x2000005e   Data           1  key_board.o(.data)
    HasLoopedThroughMain                     0x20000064   Data           1  timer.o(.data)
    TimerTickCounter                         0x20000070   Data           8  timer_board.o(.data)
    TimeoutCntValue                          0x20000080   Data           8  timer_board.o(.data)
    uwPrescalerValue                         0x20000088   Data           4  timer_board.o(.data)
    uart1_Rxcount                            0x2000008c   Data           2  uart_board.o(.data)
    myTasksEvents                            0x20000094   Data           6  osal_app.o(.data)
    tasksEvents                              0x2000009c   Data           4  osal_app.o(.data)
    timerHead                                0x200000a0   Data           4  osal_time.o(.data)
    osal_qHead                               0x200000a8   Data           4  osal.o(.data)
    osal_mutex_head                          0x200000c4   Data           4  osal_mutex.o(.data)
    osal_tick                                0x200000c8   Data           2  osal_tick.o(.data)
    APP_taskID                               0x200000cc   Data           1  app_osal.o(.data)
    Rxpacket_count                           0x200000d0   Data           4  app_osal.o(.data)
    RecieveBuff_flag                         0x200000d4   Data           4  app_osal.o(.data)
    UartReady                                0x200000d8   Data           1  app_osal.o(.data)
    aTxBuffer                                0x200000d9   Data          19  app_osal.o(.data)
    g_number                                 0x200000ec   Data           1  app_osal.o(.data)
    send_num                                 0x200000ed   Data           1  app_osal.o(.data)
    txuartdataflag                           0x200000ee   Data           1  app_osal.o(.data)
    uucount                                  0x200000ef   Data           1  app_osal.o(.data)
    debugEnable                              0x200000f0   Data           1  app_osal.o(.data)
    HardWare_taskID                          0x200000f1   Data           1  hal_osal.o(.data)
    step                                     0x200000f2   Data           1  stm32l0xx_it.o(.data)
    stepflag                                 0x200000f3   Data           1  stm32l0xx_it.o(.data)
    g_lora_mac_adr_switch                    0x200000f4   Data           1  loramac_osal.o(.data)
    NwkSKey                                  0x200000f5   Data          16  loramac_osal.o(.data)
    AppSKey                                  0x20000105   Data          16  loramac_osal.o(.data)
    LoraMAC_taskID                           0x20000123   Data           1  loramac_osal.o(.data)
    MoteIDAddr                               0x20000124   Data           4  loramac_osal.o(.data)
    mode                                     0x20000128   Data           1  loramac_osal.o(.data)
    g_frame_no                               0x20000130   Data           2  loramac.o(.data)
    Bands                                    0x20000168   Data          19  loramac.o(.data)
    Channels                                 0x2000017b   Data          96  loramac.o(.data)
    LoRaMacState                             0x20000204   Data           4  loramac.o(.data)
    LoRaMacEventFlags                        0x2000020c   Data           1  loramac.o(.data)
    TxTimeOnAir                              0x20000230   Data           8  loramac.o(.data)
    PhyMac_Frequency                         0x20000238   Data           4  phymac.o(.data)
    PhyMac_Spreading_Factor                  0x2000023c   Data           1  phymac.o(.data)
    modulation_mode                          0x2000023d   Data           1  phymac.o(.data)
    test                                     0x20000260   Data           4  cmac.o(.data)
    g_sx1276_tx_pac_param                    0x20000264   Data          16  sx1276.o(.bss)
    g_sx1276_rx_pac_param                    0x20000274   Data          16  sx1276.o(.bss)
    SX1276                                   0x20000384   Data          96  sx1276.o(.bss)
    TxTimeoutTimer                           0x200003e4   Data          20  sx1276.o(.bss)
    RxTimeoutTimer                           0x200003f8   Data          20  sx1276.o(.bss)
    RxTimeoutSyncWord                        0x2000040c   Data          20  sx1276.o(.bss)
    GpioIrq                                  0x20000420   Data          64  gpio_board.o(.bss)
    OLED_GRAM                                0x2000047c   Data        1024  oled_board.o(.bss)
    SpiHandle                                0x2000087c   Data          84  spi_board.o(.bss)
    TimHandle                                0x200008d0   Data          56  timer_board.o(.bss)
    uart1_rxBuf                              0x20000908   Data          70  uart_board.o(.bss)
    Rx_buf                                   0x20000d50   Data          64  app_osal.o(.bss)
    aRxBuffer                                0x20000d90   Data          18  app_osal.o(.bss)
    g_appData                                0x20000da4   Data          60  app_osal.o(.bss)
    g_macData                                0x20000de0   Data         128  app_osal.o(.bss)
    RTCHandle                                0x20000e60   Data          36  stm32l0xx_hal_msp.o(.bss)
    UartHandle                               0x20000e84   Data         108  stm32l0xx_hal_msp.o(.bss)
    LoRaMacEventInfo                         0x200010c8   Data          17  loramac.o(.bss)
    phyEventData                             0x20001178   Data          12  phymac.o(.bss)
    __initial_sp                             0x200017b0   Data           0  startup_stm32l051xx.o(STACK)



==============================================================================

Memory Map of the image

  Image Entry point : 0x080000c1

  Load Region LR_IROM1 (Base: 0x08000000, Size: 0x0000beb4, Max: 0x00010000, ABSOLUTE, COMPRESSED[0x0000bcf8])

    Execution Region ER_IROM1 (Base: 0x08000000, Size: 0x0000bc50, Max: 0x00010000, ABSOLUTE)

    Base Addr    Size         Type   Attr      Idx    E Section Name        Object

    0x08000000   0x000000c0   Data   RO            3    RESET               startup_stm32l051xx.o
    0x080000c0   0x00000000   Code   RO         5805  * .ARM.Collect$$$$00000000  mc_p.l(entry.o)
    0x080000c0   0x00000004   Code   RO         6115    .ARM.Collect$$$$00000001  mc_p.l(entry2.o)
    0x080000c4   0x00000004   Code   RO         6118    .ARM.Collect$$$$00000004  mc_p.l(entry5.o)
    0x080000c8   0x00000000   Code   RO         6120    .ARM.Collect$$$$00000008  mc_p.l(entry7b.o)
    0x080000c8   0x00000000   Code   RO         6122    .ARM.Collect$$$$0000000A  mc_p.l(entry8b.o)
    0x080000c8   0x00000008   Code   RO         6123    .ARM.Collect$$$$0000000B  mc_p.l(entry9a.o)
    0x080000d0   0x00000000   Code   RO         6125    .ARM.Collect$$$$0000000D  mc_p.l(entry10a.o)
    0x080000d0   0x00000000   Code   RO         6127    .ARM.Collect$$$$0000000F  mc_p.l(entry11a.o)
    0x080000d0   0x00000004   Code   RO         6116    .ARM.Collect$$$$00002712  mc_p.l(entry2.o)
    0x080000d4   0x00000020   Code   RO            4    .text               startup_stm32l051xx.o
    0x080000f4   0x0000002c   Code   RO         5808    .text               mc_p.l(uidiv.o)
    0x08000120   0x00000028   Code   RO         5810    .text               mc_p.l(idiv.o)
    0x08000148   0x0000007a   Code   RO         5812    .text               mc_p.l(llmul.o)
    0x080001c2   0x00000024   Code   RO         5814    .text               mc_p.l(memcpya.o)
    0x080001e6   0x00000024   Code   RO         5818    .text               mc_p.l(memseta.o)
    0x0800020a   0x0000000e   Code   RO         5820    .text               mc_p.l(strlen.o)
    0x08000218   0x00000014   Code   RO         6085    .text               mc_p.l(uread4.o)
    0x0800022c   0x0000001c   Code   RO         6087    .text               mc_p.l(uread8.o)
    0x08000248   0x00000012   Code   RO         6089    .text               mc_p.l(uwrite4.o)
    0x0800025a   0x0000001e   Code   RO         6091    .text               mc_p.l(uwrite8.o)
    0x08000278   0x00000164   Code   RO         6093    .text               mf_p.l(dadd.o)
    0x080003dc   0x000000d0   Code   RO         6095    .text               mf_p.l(dmul.o)
    0x080004ac   0x000000f0   Code   RO         6097    .text               mf_p.l(ddiv.o)
    0x0800059c   0x00000028   Code   RO         6099    .text               mf_p.l(dflti.o)
    0x080005c4   0x0000001c   Code   RO         6101    .text               mf_p.l(dfltui.o)
    0x080005e0   0x00000048   Code   RO         6105    .text               mf_p.l(dfixi.o)
    0x08000628   0x0000003c   Code   RO         6107    .text               mf_p.l(dfixui.o)
    0x08000664   0x00000028   Code   RO         6111    .text               mf_p.l(cdcmple.o)
    0x0800068c   0x00000028   Code   RO         6113    .text               mf_p.l(cdrcmple.o)
    0x080006b4   0x00000060   Code   RO         6130    .text               mc_p.l(uldiv.o)
    0x08000714   0x00000020   Code   RO         6132    .text               mc_p.l(llshl.o)
    0x08000734   0x00000022   Code   RO         6134    .text               mc_p.l(llushr.o)
    0x08000756   0x00000026   Code   RO         6136    .text               mc_p.l(llsshr.o)
    0x0800077c   0x00000000   Code   RO         6138    .text               mc_p.l(iusefp.o)
    0x0800077c   0x000000be   Code   RO         6139    .text               mf_p.l(depilogue.o)
    0x0800083a   0x00000002   PAD
    0x0800083c   0x0000007c   Code   RO         6143    .text               mf_p.l(drnd.o)
    0x080008b8   0x00000024   Code   RO         6145    .text               mc_p.l(init.o)
    0x080008dc   0x00000056   Code   RO         6155    .text               mc_p.l(__dczerorl2.o)
    0x08000932   0x000001c4   Code   RO         5756    i.AES_CMAC_Final    NPLink-Mote-Mac.lib(cmac.o)
    0x08000af6   0x00000022   Code   RO         5757    i.AES_CMAC_Init     NPLink-Mote-Mac.lib(cmac.o)
    0x08000b18   0x00000012   Code   RO         5758    i.AES_CMAC_SetKey   NPLink-Mote-Mac.lib(cmac.o)
    0x08000b2a   0x00000002   PAD
    0x08000b2c   0x00000100   Code   RO         5759    i.AES_CMAC_Update   NPLink-Mote-Mac.lib(cmac.o)
    0x08000c2c   0x000000a4   Code   RO         4619    i.APP_Init          app_osal.o
    0x08000cd0   0x000001f0   Code   RO         4620    i.APP_ProcessEvent  app_osal.o
    0x08000ec0   0x00000074   Code   RO         4621    i.APP_ShowMoteID    app_osal.o
    0x08000f34   0x000000ac   Code   RO         5256    i.AddMacCommand     NPLink-Mote-Mac.lib(loramac.o)
    0x08000fe0   0x00000010   Code   RO         3174    i.BoardMeasureBatterieLevel  board.o
    0x08000ff0   0x00000002   Code   RO         4791    i.DebugMon_Handler  stm32l0xx_it.o
    0x08000ff2   0x0000000c   Code   RO         3217    i.DelayMs           delay.o
    0x08000ffe   0x00000002   PAD
    0x08001000   0x0000004c   Code   RO         3240    i.EXTI0_1_IRQHandler  gpio_board.o
    0x0800104c   0x0000002c   Code   RO         3241    i.EXTI2_3_IRQHandler  gpio_board.o
    0x08001078   0x0000004c   Code   RO         3242    i.EXTI4_15_IRQHandler  gpio_board.o
    0x080010c4   0x00000034   Code   RO         2828    i.GetFskBandwidthRegValue  sx1276.o
    0x080010f8   0x0000001a   Code   RO         1788    i.HAL_Delay         stm32l0xx_hal.o
    0x08001112   0x00000002   PAD
    0x08001114   0x00000028   Code   RO         3279    i.HAL_GPIO_EXTI_Callback  key_board.o
    0x0800113c   0x000001ec   Code   RO         2359    i.HAL_GPIO_Init     stm32l0xx_hal_gpio.o
    0x08001328   0x0000000c   Code   RO         2363    i.HAL_GPIO_WritePin  stm32l0xx_hal_gpio.o
    0x08001334   0x0000000c   Code   RO         1799    i.HAL_GetTick       stm32l0xx_hal.o
    0x08001340   0x00000010   Code   RO         1801    i.HAL_IncTick       stm32l0xx_hal.o
    0x08001350   0x0000002c   Code   RO         1802    i.HAL_Init          stm32l0xx_hal.o
    0x0800137c   0x00000026   Code   RO         1803    i.HAL_InitTick      stm32l0xx_hal.o
    0x080013a2   0x00000028   Code   RO         4706    i.HAL_MspInit       stm32l0xx_hal_msp.o
    0x080013ca   0x00000002   PAD
    0x080013cc   0x00000018   Code   RO         2183    i.HAL_NVIC_EnableIRQ  stm32l0xx_hal_cortex.o
    0x080013e4   0x00000012   Code   RO         2186    i.HAL_NVIC_SetPriority  stm32l0xx_hal_cortex.o
    0x080013f6   0x00000002   PAD
    0x080013f8   0x000002f8   Code   RO         2561    i.HAL_RCC_ClockConfig  stm32l0xx_hal_rcc.o
    0x080016f0   0x0000002c   Code   RO         2565    i.HAL_RCC_GetHCLKFreq  stm32l0xx_hal_rcc.o
    0x0800171c   0x00000128   Code   RO         2566    i.HAL_RCC_GetOscConfig  stm32l0xx_hal_rcc.o
    0x08001844   0x00000024   Code   RO         2567    i.HAL_RCC_GetPCLK1Freq  stm32l0xx_hal_rcc.o
    0x08001868   0x00000024   Code   RO         2568    i.HAL_RCC_GetPCLK2Freq  stm32l0xx_hal_rcc.o
    0x0800188c   0x000000cc   Code   RO         2569    i.HAL_RCC_GetSysClockFreq  stm32l0xx_hal_rcc.o
    0x08001958   0x000005d4   Code   RO         2572    i.HAL_RCC_OscConfig  stm32l0xx_hal_rcc.o
    0x08001f2c   0x00000002   Code   RO          139    i.HAL_RTCEx_AlarmBEventCallback  stm32l0xx_hal_rtc_ex.o
    0x08001f2e   0x0000000a   Code   RO         3513    i.HAL_RTC_AlarmAEventCallback  rtc_board.o
    0x08001f38   0x00000084   Code   RO         2695    i.HAL_RTC_AlarmIRQHandler  stm32l0xx_hal_rtc.o
    0x08001fbc   0x0000003a   Code   RO          358    i.HAL_SPI_DeInit    stm32l0xx_hal_spi.o
    0x08001ff6   0x00000008   Code   RO          361    i.HAL_SPI_GetState  stm32l0xx_hal_spi.o
    0x08001ffe   0x0000008a   Code   RO          363    i.HAL_SPI_Init      stm32l0xx_hal_spi.o
    0x08002088   0x00000002   Code   RO          364    i.HAL_SPI_MspDeInit  stm32l0xx_hal_spi.o
    0x0800208a   0x00000002   Code   RO          365    i.HAL_SPI_MspInit   stm32l0xx_hal_spi.o
    0x0800208c   0x000001de   Code   RO          371    i.HAL_SPI_Transmit  stm32l0xx_hal_spi.o
    0x0800226a   0x0000039a   Code   RO          372    i.HAL_SPI_TransmitReceive  stm32l0xx_hal_spi.o
    0x08002604   0x00000038   Code   RO         2190    i.HAL_SYSTICK_Config  stm32l0xx_hal_cortex.o
    0x0800263c   0x00000032   Code   RO          596    i.HAL_TIM_Base_Init  stm32l0xx_hal_tim.o
    0x0800266e   0x00000002   PAD
    0x08002670   0x00000028   Code   RO         4709    i.HAL_TIM_Base_MspInit  stm32l0xx_hal_msp.o
    0x08002698   0x0000001e   Code   RO          601    i.HAL_TIM_Base_Start_IT  stm32l0xx_hal_tim.o
    0x080026b6   0x00000002   Code   RO          628    i.HAL_TIM_IC_CaptureCallback  stm32l0xx_hal_tim.o
    0x080026b8   0x0000017c   Code   RO          641    i.HAL_TIM_IRQHandler  stm32l0xx_hal_tim.o
    0x08002834   0x00000002   Code   RO          644    i.HAL_TIM_OC_DelayElapsedCallback  stm32l0xx_hal_tim.o
    0x08002836   0x00000002   Code   RO          671    i.HAL_TIM_PWM_PulseFinishedCallback  stm32l0xx_hal_tim.o
    0x08002838   0x00000002   Code   RO          678    i.HAL_TIM_PeriodElapsedCallback  stm32l0xx_hal_tim.o
    0x0800283a   0x00000002   Code   RO          681    i.HAL_TIM_TriggerCallback  stm32l0xx_hal_tim.o
    0x0800283c   0x00000002   Code   RO         1504    i.HAL_UARTEx_WakeupCallback  stm32l0xx_hal_uart_ex.o
    0x0800283e   0x00000002   Code   RO         1257    i.HAL_UART_ErrorCallback  stm32l0xx_hal_uart.o
    0x08002840   0x00000076   Code   RO         1261    i.HAL_UART_Init     stm32l0xx_hal_uart.o
    0x080028b6   0x00000002   PAD
    0x080028b8   0x00000074   Code   RO         4003    i.HAL_UART_MspInit  uart_board.o
    0x0800292c   0x00000030   Code   RO         4005    i.HAL_UART_SendBytes  uart_board.o
    0x0800295c   0x00000012   Code   RO         4007    i.HAL_USART_GET_FLAG  uart_board.o
    0x0800296e   0x00000002   PAD
    0x08002970   0x0000001c   Code   RO         3280    i.HalKeyInit        key_board.o
    0x0800298c   0x00000020   Code   RO         3281    i.HalKeyPoll        key_board.o
    0x080029ac   0x000000bc   Code   RO         3346    i.HalLedBlink       led_board.o
    0x08002a68   0x0000004c   Code   RO         3348    i.HalLedInit        led_board.o
    0x08002ab4   0x0000007c   Code   RO         3349    i.HalLedOnOff       led_board.o
    0x08002b30   0x0000008c   Code   RO         3350    i.HalLedSet         led_board.o
    0x08002bbc   0x00000138   Code   RO         3352    i.HalLedUpdate      led_board.o
    0x08002cf4   0x00000004   Code   RO         4792    i.HardFault_Handler  stm32l0xx_it.o
    0x08002cf8   0x00000014   Code   RO         4669    i.HardWare_Init     hal_osal.o
    0x08002d0c   0x00000032   Code   RO         4670    i.HardWare_ProcessEvent  hal_osal.o
    0x08002d3e   0x00000002   PAD
    0x08002d40   0x00000048   Code   RO         3283    i.KEY_Init          key_board.o
    0x08002d88   0x00000020   Code   RO         4890    i.LoRaMAC_BKDRHash  NPLink-Mote-Mac.lib(loramac_osal.o)
    0x08002da8   0x0000003c   Code   RO         4891    i.LoRaMAC_IDHashProgram  NPLink-Mote-Mac.lib(loramac_osal.o)
    0x08002de4   0x00000070   Code   RO         4892    i.LoRaMAC_Init      NPLink-Mote-Mac.lib(loramac_osal.o)
    0x08002e54   0x000000b8   Code   RO         4893    i.LoRaMAC_ProcessEvent  NPLink-Mote-Mac.lib(loramac_osal.o)
    0x08002f0c   0x0000009c   Code   RO         4894    i.LoRaMAC_ProcessRxFrame  NPLink-Mote-Mac.lib(loramac_osal.o)
    0x08002fa8   0x00000094   Code   RO         5636    i.LoRaMacComputeMic  NPLink-Mote-Mac.lib(loramaccrypto.o)
    0x0800303c   0x00000038   Code   RO         5257    i.LoRaMacEventRegister  NPLink-Mote-Mac.lib(loramac.o)
    0x08003074   0x00000204   Code   RO         5260    i.LoRaMacInit       NPLink-Mote-Mac.lib(loramac.o)
    0x08003278   0x00000044   Code   RO         5261    i.LoRaMacInitNwkIds  NPLink-Mote-Mac.lib(loramac.o)
    0x080032bc   0x00000054   Code   RO         5637    i.LoRaMacJoinComputeMic  NPLink-Mote-Mac.lib(loramaccrypto.o)
    0x08003310   0x0000008c   Code   RO         5638    i.LoRaMacJoinComputeSKeys  NPLink-Mote-Mac.lib(loramaccrypto.o)
    0x0800339c   0x00000030   Code   RO         5639    i.LoRaMacJoinDecrypt  NPLink-Mote-Mac.lib(loramaccrypto.o)
    0x080033cc   0x00000034   Code   RO         5266    i.LoRaMacNotify     NPLink-Mote-Mac.lib(loramac.o)
    0x08003400   0x00000024   Code   RO         5640    i.LoRaMacPayloadDecrypt  NPLink-Mote-Mac.lib(loramaccrypto.o)
    0x08003424   0x000000e0   Code   RO         5641    i.LoRaMacPayloadEncrypt  NPLink-Mote-Mac.lib(loramaccrypto.o)
    0x08003504   0x00000430   Code   RO         5267    i.LoRaMacPrepareFrame  NPLink-Mote-Mac.lib(loramac.o)
    0x08003934   0x00000428   Code   RO         5268    i.LoRaMacProcessMacCommands  NPLink-Mote-Mac.lib(loramac.o)
    0x08003d5c   0x000000cc   Code   RO         5269    i.LoRaMacRxWindowSetup  NPLink-Mote-Mac.lib(loramac.o)
    0x08003e28   0x00000094   Code   RO         5270    i.LoRaMacSend       NPLink-Mote-Mac.lib(loramac.o)
    0x08003ebc   0x00000028   Code   RO         5272    i.LoRaMacSendFrame  NPLink-Mote-Mac.lib(loramac.o)
    0x08003ee4   0x000002a8   Code   RO         5273    i.LoRaMacSendFrameOnChannel  NPLink-Mote-Mac.lib(loramac.o)
    0x0800418c   0x00000040   Code   RO         5274    i.LoRaMacSendOnChannel  NPLink-Mote-Mac.lib(loramac.o)
    0x080041cc   0x0000000c   Code   RO         5275    i.LoRaMacSetAdrOn   NPLink-Mote-Mac.lib(loramac.o)
    0x080041d8   0x00000050   Code   RO         5276    i.LoRaMacSetChannel  NPLink-Mote-Mac.lib(loramac.o)
    0x08004228   0x00000014   Code   RO         5281    i.LoRaMacSetDatarate  NPLink-Mote-Mac.lib(loramac.o)
    0x0800423c   0x00000280   Code   RO         5288    i.LoRaMacSetNextChannel  NPLink-Mote-Mac.lib(loramac.o)
    0x080044bc   0x00000038   Code   RO         5289    i.LoRaMacSetPublicNetwork  NPLink-Mote-Mac.lib(loramac.o)
    0x080044f4   0x00000058   Code   RO         5140    i.LoRaMac_getAppLayerParameter  NPLink-Mote-Mac.lib(loramacusr.o)
    0x0800454c   0x000000bc   Code   RO         5143    i.LoRaMac_setMacLayerParameter  NPLink-Mote-Mac.lib(loramacusr.o)
    0x08004608   0x00000028   Code   RO         5144    i.LoRaMac_setMode   NPLink-Mote-Mac.lib(loramacusr.o)
    0x08004630   0x00000002   Code   RO         4793    i.NMI_Handler       stm32l0xx_it.o
    0x08004632   0x00000002   PAD
    0x08004634   0x00000078   Code   RO         2192    i.NVIC_SetPriority  stm32l0xx_hal_cortex.o
    0x080046ac   0x00000030   Code   RO         3406    i.OLED_Clear        oled_board.o
    0x080046dc   0x00000030   Code   RO         3407    i.OLED_Clear_Half   oled_board.o
    0x0800470c   0x0000006c   Code   RO         3410    i.OLED_DrawPoint    oled_board.o
    0x08004778   0x00000164   Code   RO         3412    i.OLED_Init         oled_board.o
    0x080048dc   0x0000004c   Code   RO         3413    i.OLED_Refresh_Gram  oled_board.o
    0x08004928   0x000000fc   Code   RO         3414    i.OLED_ShowChar     oled_board.o
    0x08004a24   0x0000005e   Code   RO         3416    i.OLED_ShowString   oled_board.o
    0x08004a82   0x00000002   PAD
    0x08004a84   0x00000094   Code   RO         3417    i.OLED_WR_Byte      oled_board.o
    0x08004b18   0x0000001c   Code   RO         5294    i.OnAckTimeoutTimerEvent  NPLink-Mote-Mac.lib(loramac.o)
    0x08004b34   0x0000004c   Code   RO         5295    i.OnChannelCheckTimerEvent  NPLink-Mote-Mac.lib(loramac.o)
    0x08004b80   0x0000007c   Code   RO         4895    i.OnMacEvent        NPLink-Mote-Mac.lib(loramac_osal.o)
    0x08004bfc   0x00000234   Code   RO         5296    i.OnMacStateCheckTimerEvent  NPLink-Mote-Mac.lib(loramac.o)
    0x08004e30   0x000006a4   Code   RO         5297    i.OnRadioRxDone     NPLink-Mote-Mac.lib(loramac.o)
    0x080054d4   0x00000044   Code   RO         5298    i.OnRadioRxError    NPLink-Mote-Mac.lib(loramac.o)
    0x08005518   0x00000044   Code   RO         5299    i.OnRadioRxTimeout  NPLink-Mote-Mac.lib(loramac.o)
    0x0800555c   0x000001a8   Code   RO         5300    i.OnRadioTxDone     NPLink-Mote-Mac.lib(loramac.o)
    0x08005704   0x0000003c   Code   RO         5301    i.OnRadioTxTimeout  NPLink-Mote-Mac.lib(loramac.o)
    0x08005740   0x0000006c   Code   RO         5302    i.OnRxWindow1TimerEvent  NPLink-Mote-Mac.lib(loramac.o)
    0x080057ac   0x000000ac   Code   RO         5303    i.OnRxWindow2TimerEvent  NPLink-Mote-Mac.lib(loramac.o)
    0x08005858   0x00000080   Code   RO         5304    i.OnTxDelayedTimerEvent  NPLink-Mote-Mac.lib(loramac.o)
    0x080058d8   0x0000000c   Code   RO         4896    i.OnTxNextPacketTimerEvent  NPLink-Mote-Mac.lib(loramac_osal.o)
    0x080058e4   0x00000002   Code   RO         4794    i.PendSV_Handler    stm32l0xx_it.o
    0x080058e6   0x00000002   PAD
    0x080058e8   0x00000010   Code   RO         4795    i.RTC_IRQHandler    stm32l0xx_it.o
    0x080058f8   0x0000001c   Code   RO         3525    i.RtcRecoverMcuStatus  rtc_board.o
    0x08005914   0x000000b8   Code   RO         2829    i.RxChainCalibration  sx1276.o
    0x080059cc   0x00000014   Code   RO         3660    i.SPI1_Error        spi_board.o
    0x080059e0   0x0000005c   Code   RO         3661    i.SPI1_Init         spi_board.o
    0x08005a3c   0x00000088   Code   RO         3662    i.SPI1_MspInit      spi_board.o
    0x08005ac4   0x00000030   Code   RO         3663    i.SPI1_Read         spi_board.o
    0x08005af4   0x00000024   Code   RO         3664    i.SPI1_Write        spi_board.o
    0x08005b18   0x00000118   Code   RO          393    i.SPI_WaitOnFlagUntilTimeout  stm32l0xx_hal_spi.o
    0x08005c30   0x00000002   Code   RO         4796    i.SVC_Handler       stm32l0xx_it.o
    0x08005c32   0x0000002e   Code   RO         3728    i.SX1276AntSwDeInit  sx1276_board.o
    0x08005c60   0x0000003c   Code   RO         3729    i.SX1276AntSwInit   sx1276_board.o
    0x08005c9c   0x00000006   Code   RO         3730    i.SX1276CheckRfFrequency  sx1276_board.o
    0x08005ca2   0x00000006   Code   RO         3731    i.SX1276GetPaSelect  sx1276_board.o
    0x08005ca8   0x0000000c   Code   RO         2830    i.SX1276GetStatus   sx1276.o
    0x08005cb4   0x000002a0   Code   RO         2831    i.SX1276GetTimeOnAir  sx1276.o
    0x08005f54   0x00000090   Code   RO         2832    i.SX1276Init        sx1276.o
    0x08005fe4   0x00000050   Code   RO         3733    i.SX1276IoInit      sx1276_board.o
    0x08006034   0x00000088   Code   RO         3734    i.SX1276IoIrqInit   sx1276_board.o
    0x080060bc   0x0000003a   Code   RO         2833    i.SX1276IsChannelFree  sx1276.o
    0x080060f6   0x00000002   PAD
    0x080060f8   0x00000480   Code   RO         2834    i.SX1276OnDio0Irq   sx1276.o
    0x08006578   0x00000174   Code   RO         2835    i.SX1276OnDio1Irq   sx1276.o
    0x080066ec   0x0000014c   Code   RO         2836    i.SX1276OnDio2Irq   sx1276.o
    0x08006838   0x0000007c   Code   RO         2837    i.SX1276OnDio3Irq   sx1276.o
    0x080068b4   0x00000030   Code   RO         2838    i.SX1276OnDio4Irq   sx1276.o
    0x080068e4   0x000000b8   Code   RO         2840    i.SX1276OnTimeoutIrq  sx1276.o
    0x0800699c   0x0000003c   Code   RO         3736    i.SX1276Q1CtrlInit  sx1276_board.o
    0x080069d8   0x0000000c   Code   RO         2841    i.SX1276RadioEventsInit  sx1276.o
    0x080069e4   0x00000040   Code   RO         2842    i.SX1276Random      sx1276.o
    0x08006a24   0x00000014   Code   RO         2843    i.SX1276Read        sx1276.o
    0x08006a38   0x00000044   Code   RO         2844    i.SX1276ReadBuffer  sx1276.o
    0x08006a7c   0x00000012   Code   RO         2845    i.SX1276ReadFifo    sx1276.o
    0x08006a8e   0x00000002   PAD
    0x08006a90   0x0000008c   Code   RO         2846    i.SX1276ReadRssi    sx1276.o
    0x08006b1c   0x0000002c   Code   RO         2847    i.SX1276Reset       sx1276.o
    0x08006b48   0x00000120   Code   RO         2848    i.SX1276Send        sx1276.o
    0x08006c68   0x00000038   Code   RO         3737    i.SX1276SetAntSw    sx1276_board.o
    0x08006ca0   0x00000024   Code   RO         3738    i.SX1276SetAntSwLowPower  sx1276_board.o
    0x08006cc4   0x00000058   Code   RO         2849    i.SX1276SetChannel  sx1276.o
    0x08006d1c   0x0000008c   Code   RO         2850    i.SX1276SetModem    sx1276.o
    0x08006da8   0x00000050   Code   RO         2851    i.SX1276SetOpMode   sx1276.o
    0x08006df8   0x00000208   Code   RO         2852    i.SX1276SetRx       sx1276.o
    0x08007000   0x000002a0   Code   RO         2853    i.SX1276SetRxConfig  sx1276.o
    0x080072a0   0x00000028   Code   RO         2854    i.SX1276SetSleep    sx1276.o
    0x080072c8   0x00000028   Code   RO         2855    i.SX1276SetStby     sx1276.o
    0x080072f0   0x0000000c   Code   RO         2856    i.SX1276SetTcxoConfig  sx1276.o
    0x080072fc   0x000000c8   Code   RO         2857    i.SX1276SetTx       sx1276.o
    0x080073c4   0x00000338   Code   RO         2858    i.SX1276SetTxConfig  sx1276.o
    0x080076fc   0x00000044   Code   RO         2859    i.SX1276StartCad    sx1276.o
    0x08007740   0x00000010   Code   RO         2860    i.SX1276Write       sx1276.o
    0x08007750   0x00000044   Code   RO         2861    i.SX1276WriteBuffer  sx1276.o
    0x08007794   0x00000012   Code   RO         2862    i.SX1276WriteFifo   sx1276.o
    0x080077a6   0x00000002   PAD
    0x080077a8   0x00000018   Code   RO         4797    i.SysTick_Handler   stm32l0xx_it.o
    0x080077c0   0x00000070   Code   RO         3530    i.SystemClockConfig_STOP  rtc_board.o
    0x08007830   0x00000070   Code   RO         4710    i.SystemClock_Config  stm32l0xx_hal_msp.o
    0x080078a0   0x00000068   Code   RO           13    i.SystemInit        system_stm32l0xx.o
    0x08007908   0x00000034   Code   RO         4798    i.TIM2_IRQHandler   stm32l0xx_it.o
    0x0800793c   0x00000068   Code   RO          682    i.TIM_Base_SetConfig  stm32l0xx_hal_tim.o
    0x080079a4   0x00000020   Code   RO         3830    i.TimerExists       timer.o
    0x080079c4   0x00000008   Code   RO         3831    i.TimerGetCurrentTime  timer.o
    0x080079cc   0x00000008   Code   RO         3832    i.TimerGetValue     timer.o
    0x080079d4   0x0000004c   Code   RO         3916    i.TimerHwDelayMs    timer_board.o
    0x08007a20   0x0000002c   Code   RO         3918    i.TimerHwGetElapsedTime  timer_board.o
    0x08007a4c   0x00000018   Code   RO         3919    i.TimerHwGetMinimumTimeout  timer_board.o
    0x08007a64   0x00000018   Code   RO         3920    i.TimerHwGetTime    timer_board.o
    0x08007a7c   0x00000018   Code   RO         3921    i.TimerHwGetTimerValue  timer_board.o
    0x08007a94   0x00000050   Code   RO         3922    i.TimerHwInit       timer_board.o
    0x08007ae4   0x00000048   Code   RO         3923    i.TimerHwStart      timer_board.o
    0x08007b2c   0x0000001c   Code   RO         3925    i.TimerIncrementTickCounter  timer_board.o
    0x08007b48   0x0000000e   Code   RO         3833    i.TimerInit         timer.o
    0x08007b56   0x00000002   PAD
    0x08007b58   0x00000030   Code   RO         3834    i.TimerInsertNewHeadTimer  timer.o
    0x08007b88   0x00000074   Code   RO         3835    i.TimerInsertTimer  timer.o
    0x08007bfc   0x000000a4   Code   RO         3836    i.TimerIrqHandler   timer.o
    0x08007ca0   0x0000000c   Code   RO         3838    i.TimerSetTimeout   timer.o
    0x08007cac   0x00000020   Code   RO         3839    i.TimerSetValue     timer.o
    0x08007ccc   0x00000088   Code   RO         3840    i.TimerStart        timer.o
    0x08007d54   0x000000ec   Code   RO         3841    i.TimerStop         timer.o
    0x08007e40   0x000000f0   Code   RO         1274    i.UART_AdvFeatureConfig  stm32l0xx_hal_uart.o
    0x08007f30   0x00000060   Code   RO         1275    i.UART_CheckIdleState  stm32l0xx_hal_uart.o
    0x08007f90   0x00000084   Code   RO         4008    i.UART_Init         uart_board.o
    0x08008014   0x00000288   Code   RO         1282    i.UART_SetConfig    stm32l0xx_hal_uart.o
    0x0800829c   0x00000100   Code   RO         1284    i.UART_WaitOnFlagUntilTimeout  stm32l0xx_hal_uart.o
    0x0800839c   0x00000210   Code   RO         4799    i.USART1_IRQHandler  stm32l0xx_it.o
    0x080085ac   0x00000028   Code   RO         5959    i.__0sprintf$5      mc_p.l(printf5.o)
    0x080085d4   0x0000002e   Code   RO         6141    i.__ARM_clz         mf_p.l(depilogue.o)
    0x08008602   0x0000001c   Code   RO         1211    i.__ARM_common_switch8  stm32l0xx_hal_tim.o
    0x0800861e   0x00000006   Code   RO         4172    i.__get_PRIMASK     osal_time.o
    0x08008624   0x00000006   Code   RO         4270    i.__get_PRIMASK     osal.o
    0x0800862a   0x0000000e   Code   RO         6149    i.__scatterload_copy  mc_p.l(handlers.o)
    0x08008638   0x00000002   Code   RO         6150    i.__scatterload_null  mc_p.l(handlers.o)
    0x0800863a   0x0000000e   Code   RO         6151    i.__scatterload_zeroinit  mc_p.l(handlers.o)
    0x08008648   0x00000006   Code   RO         4173    i.__set_PRIMASK     osal_time.o
    0x0800864e   0x00000006   Code   RO         4271    i.__set_PRIMASK     osal.o
    0x08008654   0x000002dc   Code   RO         5964    i._printf_core      mc_p.l(printf5.o)
    0x08008930   0x0000000a   Code   RO         5966    i._sputc            mc_p.l(printf5.o)
    0x0800893a   0x00000010   Code   RO         5693    i.add_round_key     NPLink-Mote-Mac.lib(aes.o)
    0x0800894a   0x0000005a   Code   RO         5695    i.aes_encrypt       NPLink-Mote-Mac.lib(aes.o)
    0x080089a4   0x0000011c   Code   RO         5696    i.aes_set_key       NPLink-Mote-Mac.lib(aes.o)
    0x08008ac0   0x000000c8   Code   RO         5796    i.ceil              m_ps.l(ceil.o)
    0x08008b88   0x00000084   Code   RO         5697    i.copy_and_key      NPLink-Mote-Mac.lib(aes.o)
    0x08008c0c   0x00000042   Code   RO         5698    i.copy_block        NPLink-Mote-Mac.lib(aes.o)
    0x08008c4e   0x00000018   Code   RO         5699    i.copy_block_nn     NPLink-Mote-Mac.lib(aes.o)
    0x08008c66   0x00000002   PAD
    0x08008c68   0x00000108   Code   RO         2863    i.display_sx1276_rx_pac_parm  sx1276.o
    0x08008d70   0x00000164   Code   RO         2864    i.display_sx1276_tx_pac_parm  sx1276.o
    0x08008ed4   0x000000c8   Code   RO         5800    i.floor             m_ps.l(floor.o)
    0x08008f9c   0x00000014   Code   RO         3284    i.halProcessKeyInterrupt  key_board.o
    0x08008fb0   0x0000000c   Code   RO         4870    i.main              main.o
    0x08008fbc   0x00000018   Code   RO         4068    i.memcpy1           utilities.o
    0x08008fd4   0x00000014   Code   RO         4069    i.memset1           utilities.o
    0x08008fe8   0x00000284   Code   RO         5700    i.mix_sub_columns   NPLink-Mote-Mac.lib(aes.o)
    0x0800926c   0x000000ac   Code   RO         4897    i.onPhyEvent        NPLink-Mote-Mac.lib(loramac_osal.o)
    0x08009318   0x0000005c   Code   RO         4174    i.osalAddTimer      osal_time.o
    0x08009374   0x0000000a   Code   RO         4175    i.osalDeleteTimer   osal_time.o
    0x0800937e   0x00000002   PAD
    0x08009380   0x00000024   Code   RO         4176    i.osalFindTimer     osal_time.o
    0x080093a4   0x00000030   Code   RO         4124    i.osalInitTasks     osal_app.o
    0x080093d4   0x00000030   Code   RO         4272    i.osalTimeUpdate    osal.o
    0x08009404   0x0000000c   Code   RO         4177    i.osalTimerInit     osal_time.o
    0x08009410   0x000000c0   Code   RO         4178    i.osalTimerUpdate   osal_time.o
    0x080094d0   0x0000000c   Code   RO         4179    i.osal_GetSystemClock  osal_time.o
    0x080094dc   0x00000050   Code   RO         4275    i.osal_clear_event  osal.o
    0x0800952c   0x00000020   Code   RO         4276    i.osal_init_system  osal.o
    0x0800954c   0x00000148   Code   RO         4466    i.osal_mem_alloc    osal_memory.o
    0x08009694   0x00000064   Code   RO         4467    i.osal_mem_free     osal_memory.o
    0x080096f8   0x00000074   Code   RO         4468    i.osal_mem_init     osal_memory.o
    0x0800976c   0x00000038   Code   RO         4469    i.osal_mem_kick     osal_memory.o
    0x080097a4   0x0000001c   Code   RO         4280    i.osal_memcpy       osal.o
    0x080097c0   0x00000014   Code   RO         4282    i.osal_memset       osal.o
    0x080097d4   0x0000002e   Code   RO         4283    i.osal_msg_allocate  osal.o
    0x08009802   0x00000028   Code   RO         4284    i.osal_msg_deallocate  osal.o
    0x0800982a   0x00000054   Code   RO         4286    i.osal_msg_enqueue  osal.o
    0x0800987e   0x00000054   Code   RO         4288    i.osal_msg_extract  osal.o
    0x080098d2   0x00000002   PAD
    0x080098d4   0x00000088   Code   RO         4291    i.osal_msg_receive  osal.o
    0x0800995c   0x00000064   Code   RO         4292    i.osal_msg_send     osal.o
    0x080099c0   0x00000020   Code   RO         4537    i.osal_mutex_updata  osal_mutex.o
    0x080099e0   0x00000050   Code   RO         4295    i.osal_set_event    osal.o
    0x08009a30   0x000000b4   Code   RO         4296    i.osal_start_system  osal.o
    0x08009ae4   0x0000003e   Code   RO         4181    i.osal_start_timerEx  osal_time.o
    0x08009b22   0x00000046   Code   RO         4182    i.osal_stop_timerEx  osal_time.o
    0x08009b68   0x0000000c   Code   RO         4297    i.osal_strlen       osal.o
    0x08009b74   0x00000164   Code   RO         5572    i.phyInit           NPLink-Mote-Mac.lib(phymac.o)
    0x08009cd8   0x00000044   Code   RO         5573    i.phyRxDone         NPLink-Mote-Mac.lib(phymac.o)
    0x08009d1c   0x00000034   Code   RO         5574    i.phyRxError        NPLink-Mote-Mac.lib(phymac.o)
    0x08009d50   0x0000003c   Code   RO         5575    i.phyRxTimeout      NPLink-Mote-Mac.lib(phymac.o)
    0x08009d8c   0x0000002c   Code   RO         5576    i.phySendFrame      NPLink-Mote-Mac.lib(phymac.o)
    0x08009db8   0x00000034   Code   RO         5577    i.phyTxDone         NPLink-Mote-Mac.lib(phymac.o)
    0x08009dec   0x00000034   Code   RO         5578    i.phyTxTimeout      NPLink-Mote-Mac.lib(phymac.o)
    0x08009e20   0x00000030   Code   RO         4070    i.rand              utilities.o
    0x08009e50   0x0000001a   Code   RO         4071    i.randr             utilities.o
    0x08009e6a   0x00000002   PAD
    0x08009e6c   0x0000009c   Code   RO         5803    i.round             m_ps.l(round.o)
    0x08009f08   0x00000070   Code   RO         5701    i.shift_sub_rows    NPLink-Mote-Mac.lib(aes.o)
    0x08009f78   0x0000000c   Code   RO         4072    i.srand             utilities.o
    0x08009f84   0x00000082   Code   RO         5702    i.xor_block         NPLink-Mote-Mac.lib(aes.o)
    0x0800a006   0x00000002   PAD
    0x0800a008   0x0000001c   Data   RO         2573    .constdata          stm32l0xx_hal_rcc.o
    0x0800a024   0x000000e0   Data   RO         2866    .constdata          sx1276.o
    0x0800a104   0x000017c0   Data   RO         3421    .constdata          oled_board.o
    0x0800b8c4   0x00000050   Data   RO         3741    .constdata          sx1276_board.o
    0x0800b914   0x0000000d   Data   RO         4125    .constdata          osal_app.o
    0x0800b921   0x0000000e   Data   RO         5306    .constdata          NPLink-Mote-Mac.lib(loramac.o)
    0x0800b92f   0x00000300   Data   RO         5703    .constdata          NPLink-Mote-Mac.lib(aes.o)
    0x0800bc2f   0x00000001   PAD
    0x0800bc30   0x00000020   Data   RO         6147    Region$$Table       anon$$obj.o


    Execution Region RW_IRAM1 (Base: 0x20000000, Size: 0x000017b0, Max: 0x00002000, ABSOLUTE, COMPRESSED[0x000000a8])

    Base Addr    Size         Type   Attr      Idx    E Section Name        Object

    0x20000000   0x0000001d   Data   RW           14    .data               system_stm32l0xx.o
    0x2000001d   0x00000003   PAD
    0x20000020   0x00000004   Data   RW         1812    .data               stm32l0xx_hal.o
    0x20000024   0x00000019   Data   RW         2574    .data               stm32l0xx_hal_rcc.o
    0x2000003d   0x00000003   PAD
    0x20000040   0x0000001d   Data   RW         2867    .data               sx1276.o
    0x2000005d   0x00000002   Data   RW         3285    .data               key_board.o
    0x2000005f   0x00000002   Data   RW         3354    .data               led_board.o
    0x20000061   0x00000001   Data   RW         3742    .data               sx1276_board.o
    0x20000062   0x00000002   PAD
    0x20000064   0x00000008   Data   RW         3842    .data               timer.o
    0x2000006c   0x00000004   PAD
    0x20000070   0x0000001c   Data   RW         3927    .data               timer_board.o
    0x2000008c   0x00000002   Data   RW         4010    .data               uart_board.o
    0x2000008e   0x00000002   PAD
    0x20000090   0x00000004   Data   RW         4073    .data               utilities.o
    0x20000094   0x0000000c   Data   RW         4126    .data               osal_app.o
    0x200000a0   0x00000008   Data   RW         4184    .data               osal_time.o
    0x200000a8   0x00000004   Data   RW         4298    .data               osal.o
    0x200000ac   0x00000018   Data   RW         4471    .data               osal_memory.o
    0x200000c4   0x00000004   Data   RW         4538    .data               osal_mutex.o
    0x200000c8   0x00000002   Data   RW         4587    .data               osal_tick.o
    0x200000ca   0x00000002   PAD
    0x200000cc   0x00000025   Data   RW         4624    .data               app_osal.o
    0x200000f1   0x00000001   Data   RW         4671    .data               hal_osal.o
    0x200000f2   0x00000002   Data   RW         4800    .data               stm32l0xx_it.o
    0x200000f4   0x00000035   Data   RW         4899    .data               NPLink-Mote-Mac.lib(loramac_osal.o)
    0x20000129   0x00000007   PAD
    0x20000130   0x00000108   Data   RW         5307    .data               NPLink-Mote-Mac.lib(loramac.o)
    0x20000238   0x00000007   Data   RW         5580    .data               NPLink-Mote-Mac.lib(phymac.o)
    0x2000023f   0x00000020   Data   RW         5643    .data               NPLink-Mote-Mac.lib(loramaccrypto.o)
    0x2000025f   0x00000001   PAD
    0x20000260   0x00000004   Data   RW         5760    .data               NPLink-Mote-Mac.lib(cmac.o)
    0x20000264   0x000001bc   Zero   RW         2865    .bss                sx1276.o
    0x20000420   0x00000040   Zero   RW         3243    .bss                gpio_board.o
    0x20000460   0x0000001c   Zero   RW         3353    .bss                led_board.o
    0x2000047c   0x00000400   Zero   RW         3420    .bss                oled_board.o
    0x2000087c   0x00000054   Zero   RW         3665    .bss                spi_board.o
    0x200008d0   0x00000038   Zero   RW         3926    .bss                timer_board.o
    0x20000908   0x00000046   Zero   RW         4009    .bss                uart_board.o
    0x2000094e   0x00000002   PAD
    0x20000950   0x00000400   Zero   RW         4470    .bss                osal_memory.o
    0x20000d50   0x00000110   Zero   RW         4623    .bss                app_osal.o
    0x20000e60   0x00000090   Zero   RW         4713    .bss                stm32l0xx_hal_msp.o
    0x20000ef0   0x00000014   Zero   RW         4898    .bss                NPLink-Mote-Mac.lib(loramac_osal.o)
    0x20000f04   0x00000258   Zero   RW         5305    .bss                NPLink-Mote-Mac.lib(loramac.o)
    0x2000115c   0x00000028   Zero   RW         5579    .bss                NPLink-Mote-Mac.lib(phymac.o)
    0x20001184   0x0000022c   Zero   RW         5642    .bss                NPLink-Mote-Mac.lib(loramaccrypto.o)
    0x200013b0   0x00000400   Zero   RW            1    STACK               startup_stm32l051xx.o


==============================================================================

Image component sizes


      Code (inc. data)   RO Data    RW Data    ZI Data      Debug   Object Name

       776         94          0         37        272       5058   app_osal.o
        16          0          0          0          0       1028   board.o
        12          0          0          0          0        530   delay.o
       196         24          0          0         64       2330   gpio_board.o
        70          6          0          1          0       1534   hal_osal.o
       192         34          0          2          0       5175   key_board.o
       840         70          0          2         28       5114   led_board.o
        12          0          0          0          0        475   main.o
      1130         52       6080          0       1024       7095   oled_board.o
       982         54          0          4          0      13058   osal.o
        48          6         13         12          0       3362   osal_app.o
       600         70          0         24       1024       4233   osal_memory.o
        32          6          0          4          0       1206   osal_mutex.o
         0          0          0          2          0        676   osal_tick.o
       498         26          0          8          0      10254   osal_time.o
       150         10          0          0          0       2677   rtc_board.o
       332         32          0          0         84       3625   spi_board.o
        32         10        192          0       1024        756   startup_stm32l051xx.o
       136         14          0          4          0       4062   stm32l0xx_hal.o
       218         26          0          0          0      10333   stm32l0xx_hal_cortex.o
       504         30          0          0          0       2908   stm32l0xx_hal_gpio.o
       192         14          0          0        144       2821   stm32l0xx_hal_msp.o
      2868        108         28         25          0       7607   stm32l0xx_hal_rcc.o
       132         12          0          0          0       1642   stm32l0xx_hal_rtc.o
         2          0          0          0          0       1548   stm32l0xx_hal_rtc_ex.o
      1888          0          0          0          0       7490   stm32l0xx_hal_spi.o
       602          8          0          0          0       6574   stm32l0xx_hal_tim.o
      1360         66          0          0          0       5486   stm32l0xx_hal_uart.o
         2          0          0          0          0       1112   stm32l0xx_hal_uart_ex.o
       632         54          0          2          0       6670   stm32l0xx_it.o
      7394        474        224         29        444      84015   sx1276.o
       486         50         80          1          0      10003   sx1276_board.o
       104         16          0         29          0     196765   system_stm32l0xx.o
       806         30          0          8          0       7844   timer.o
       372         52          0         28         56       5467   timer_board.o
       314         42          0          2         70       3420   uart_board.o
       130         24          0          4          0       3623   utilities.o

    ----------------------------------------------------------------------
     24096       1514       6649        244       4236     437576   Object Totals
         0          0         32          0          0          0   (incl. Generated)
        36          0          0         16          2          0   (incl. Padding)

    ----------------------------------------------------------------------

      Code (inc. data)   RO Data    RW Data    ZI Data      Debug   Library Member Name

      1498         22        768          0          0      13796   aes.o
       760          4          0          4          0       3860   cmac.o
      8340       1158         14        264        600      26508   loramac.o
       852        114          0         53         20     116327   loramac_osal.o
       680         48          0         32        556       6451   loramaccrypto.o
       316         44          0          0          0       2580   loramacusr.o
       684        158          0          7         40       5544   phymac.o
       200         20          0          0          0         76   ceil.o
       200         20          0          0          0         76   floor.o
       156         14          0          0          0         84   round.o
        86          0          0          0          0          0   __dczerorl2.o
         0          0          0          0          0          0   entry.o
         0          0          0          0          0          0   entry10a.o
         0          0          0          0          0          0   entry11a.o
         8          4          0          0          0          0   entry2.o
         4          0          0          0          0          0   entry5.o
         0          0          0          0          0          0   entry7b.o
         0          0          0          0          0          0   entry8b.o
         8          4          0          0          0          0   entry9a.o
        30          0          0          0          0          0   handlers.o
        40          0          0          0          0         72   idiv.o
        36          8          0          0          0         68   init.o
         0          0          0          0          0          0   iusefp.o
       122          0          0          0          0         84   llmul.o
        32          0          0          0          0         68   llshl.o
        38          0          0          0          0         68   llsshr.o
        34          0          0          0          0         68   llushr.o
        36          0          0          0          0         60   memcpya.o
        36          0          0          0          0        100   memseta.o
       782         48          0          0          0        228   printf5.o
        14          0          0          0          0         60   strlen.o
        44          0          0          0          0         72   uidiv.o
        96          0          0          0          0         84   uldiv.o
        20          0          0          0          0         60   uread4.o
        28          0          0          0          0         68   uread8.o
        18          0          0          0          0         60   uwrite4.o
        30          0          0          0          0         72   uwrite8.o
        40          2          0          0          0         68   cdcmple.o
        40          2          0          0          0         68   cdrcmple.o
       356          4          0          0          0        140   dadd.o
       240          6          0          0          0         84   ddiv.o
       236          0          0          0          0        216   depilogue.o
        72         10          0          0          0         72   dfixi.o
        60         10          0          0          0         68   dfixui.o
        40          6          0          0          0         68   dflti.o
        28          4          0          0          0         68   dfltui.o
       208          6          0          0          0         88   dmul.o
       124         10          0          0          0         76   drnd.o

    ----------------------------------------------------------------------
     16680       1726        783        368       1216     177610   Library Totals
         8          0          1          8          0          0   (incl. Padding)

    ----------------------------------------------------------------------

      Code (inc. data)   RO Data    RW Data    ZI Data      Debug   Library Name

     13130       1548        782        360       1216     175066   NPLink-Mote-Mac.lib
       556         54          0          0          0        236   m_ps.l
      1542         64          0          0          0       1292   mc_p.l
      1444         60          0          0          0       1016   mf_p.l

    ----------------------------------------------------------------------
     16680       1726        783        368       1216     177610   Library Totals

    ----------------------------------------------------------------------

==============================================================================


      Code (inc. data)   RO Data    RW Data    ZI Data      Debug   

     40776       3240       7432        612       5452     602590   Grand Totals
     40776       3240       7432        168       5452     602590   ELF Image Totals (compressed)
     40776       3240       7432        168          0          0   ROM Totals

==============================================================================

    Total RO  Size (Code + RO Data)                48208 (  47.08kB)
    Total RW  Size (RW Data + ZI Data)              6064 (   5.92kB)
    Total ROM Size (Code + RO Data + RW Data)      48376 (  47.24kB)

==============================================================================

